Archive member included to satisfy reference by file (symbol)

/home/arian.dervisha/Documents/MCUXpresso_11.8.0_1165/workspace/mbed-os/Debug/libmbed-os.a(startup_LPC17xx.o)
                              (Reset_Handler)
/home/arian.dervisha/Documents/MCUXpresso_11.8.0_1165/workspace/mbed-os/Debug/libmbed-os.a(system_LPC17xx.o)
                              /home/arian.dervisha/Documents/MCUXpresso_11.8.0_1165/workspace/mbed-os/Debug/libmbed-os.a(startup_LPC17xx.o) (SystemInit)
/home/arian.dervisha/Documents/MCUXpresso_11.8.0_1165/workspace/mbed-os/Debug/libmbed-os.a(mbed_retarget.o)
                              /usr/local/mcuxpressoide-11.8.0_1165/ide/plugins/com.nxp.mcuxpresso.tools.linux_11.8.0.202306131047/tools/bin/../lib/gcc/arm-none-eabi/12.2.1/../../../../arm-none-eabi/lib/thumb/v7-m/nofp/crt0.o (__wrap_exit)
/home/arian.dervisha/Documents/MCUXpresso_11.8.0_1165/workspace/mbed-os/Debug/libmbed-os.a(mbed_sdk_boot.o)
                              /usr/local/mcuxpressoide-11.8.0_1165/ide/plugins/com.nxp.mcuxpresso.tools.linux_11.8.0.202306131047/tools/bin/../lib/gcc/arm-none-eabi/12.2.1/../../../../arm-none-eabi/lib/thumb/v7-m/nofp/crt0.o (__wrap_main)
/home/arian.dervisha/Documents/MCUXpresso_11.8.0_1165/workspace/mbed-os/Debug/libmbed-os.a(mbed_semihost_api.o)
                              /home/arian.dervisha/Documents/MCUXpresso_11.8.0_1165/workspace/mbed-os/Debug/libmbed-os.a(mbed_retarget.o) (semihost_exit)
/home/arian.dervisha/Documents/MCUXpresso_11.8.0_1165/workspace/mbed-os/Debug/libmbed-os.a(mbed_ticker_api.o)
                              /home/arian.dervisha/Documents/MCUXpresso_11.8.0_1165/workspace/mbed-os/Debug/libmbed-os.a(mbed_retarget.o) (ticker_read)
/home/arian.dervisha/Documents/MCUXpresso_11.8.0_1165/workspace/mbed-os/Debug/libmbed-os.a(mbed_us_ticker_api.o)
                              /home/arian.dervisha/Documents/MCUXpresso_11.8.0_1165/workspace/mbed-os/Debug/libmbed-os.a(mbed_retarget.o) (get_us_ticker_data)
/home/arian.dervisha/Documents/MCUXpresso_11.8.0_1165/workspace/mbed-os/Debug/libmbed-os.a(serial_api.o)
                              /home/arian.dervisha/Documents/MCUXpresso_11.8.0_1165/workspace/mbed-os/Debug/libmbed-os.a(mbed_retarget.o) (stdio_uart_inited)
/home/arian.dervisha/Documents/MCUXpresso_11.8.0_1165/workspace/mbed-os/Debug/libmbed-os.a(us_ticker.o)
                              /home/arian.dervisha/Documents/MCUXpresso_11.8.0_1165/workspace/mbed-os/Debug/libmbed-os.a(mbed_us_ticker_api.o) (us_ticker_init)
/home/arian.dervisha/Documents/MCUXpresso_11.8.0_1165/workspace/mbed-os/Debug/libmbed-os.a(FileHandle.o)
                              /home/arian.dervisha/Documents/MCUXpresso_11.8.0_1165/workspace/mbed-os/Debug/libmbed-os.a(mbed_retarget.o) (vtable for mbed::FileHandle)
/home/arian.dervisha/Documents/MCUXpresso_11.8.0_1165/workspace/mbed-os/Debug/libmbed-os.a(FilePath.o)
                              /home/arian.dervisha/Documents/MCUXpresso_11.8.0_1165/workspace/mbed-os/Debug/libmbed-os.a(mbed_retarget.o) (mbed::FilePath::FilePath(char const*))
/home/arian.dervisha/Documents/MCUXpresso_11.8.0_1165/workspace/mbed-os/Debug/libmbed-os.a(mbed_assert.o)
                              /home/arian.dervisha/Documents/MCUXpresso_11.8.0_1165/workspace/mbed-os/Debug/libmbed-os.a(mbed_retarget.o) (mbed_assert_internal)
/home/arian.dervisha/Documents/MCUXpresso_11.8.0_1165/workspace/mbed-os/Debug/libmbed-os.a(mbed_board.o)
                              /home/arian.dervisha/Documents/MCUXpresso_11.8.0_1165/workspace/mbed-os/Debug/libmbed-os.a(mbed_retarget.o) (mbed_die)
/home/arian.dervisha/Documents/MCUXpresso_11.8.0_1165/workspace/mbed-os/Debug/libmbed-os.a(mbed_critical.o)
                              /home/arian.dervisha/Documents/MCUXpresso_11.8.0_1165/workspace/mbed-os/Debug/libmbed-os.a(mbed_ticker_api.o) (core_util_critical_section_enter)
/home/arian.dervisha/Documents/MCUXpresso_11.8.0_1165/workspace/mbed-os/Debug/libmbed-os.a(mbed_error.o)
                              /home/arian.dervisha/Documents/MCUXpresso_11.8.0_1165/workspace/mbed-os/Debug/libmbed-os.a(mbed_retarget.o) (mbed_error)
/home/arian.dervisha/Documents/MCUXpresso_11.8.0_1165/workspace/mbed-os/Debug/libmbed-os.a(mbed_interface.o)
                              /home/arian.dervisha/Documents/MCUXpresso_11.8.0_1165/workspace/mbed-os/Debug/libmbed-os.a(mbed_retarget.o) (mbed_interface_connected)
/home/arian.dervisha/Documents/MCUXpresso_11.8.0_1165/workspace/mbed-os/Debug/libmbed-os.a(mbed_poll.o)
                              /home/arian.dervisha/Documents/MCUXpresso_11.8.0_1165/workspace/mbed-os/Debug/libmbed-os.a(mbed_retarget.o) (mbed::poll(mbed::pollfh*, unsigned int, int))
/home/arian.dervisha/Documents/MCUXpresso_11.8.0_1165/workspace/mbed-os/Debug/libmbed-os.a(mbed_wait_api_no_rtos.o)
                              /home/arian.dervisha/Documents/MCUXpresso_11.8.0_1165/workspace/mbed-os/Debug/libmbed-os.a(mbed_board.o) (wait_us)
[...]
Memory Configuration

Name             Origin             Length             Attributes
FLASH            0x0000000000000000 0x0000000000080000 xr
RAM              0x0000000010000100 0x0000000000007f00 xrw
RAM2             0x000000002007c000 0x0000000000008000 xrw
*default*        0x0000000000000000 0xffffffffffffffff

Linker script and memory map

LOAD /usr/local/mcuxpressoide-11.8.0_1165/ide/plugins/com.nxp.mcuxpresso.tools.linux_11.8.0.202306131047/tools/bin/../lib/gcc/arm-none-eabi/12.2.1/thumb/v7-m/nofp/crti.o
LOAD /usr/local/mcuxpressoide-11.8.0_1165/ide/plugins/com.nxp.mcuxpresso.tools.linux_11.8.0.202306131047/tools/bin/../lib/gcc/arm-none-eabi/12.2.1/thumb/v7-m/nofp/crtbegin.o
LOAD /usr/local/mcuxpressoide-11.8.0_1165/ide/plugins/com.nxp.mcuxpresso.tools.linux_11.8.0.202306131047/tools/bin/../lib/gcc/arm-none-eabi/12.2.1/../../../../arm-none-eabi/lib/thumb/v7-m/nofp/crt0.o
START GROUP
LOAD /usr/local/mcuxpressoide-11.8.0_1165/ide/plugins/com.nxp.mcuxpresso.tools.linux_11.8.0.202306131047/tools/bin/../lib/gcc/arm-none-eabi/12.2.1/../../../../arm-none-eabi/lib/thumb/v7-m/nofp/libstdc++.a
LOAD /usr/local/mcuxpressoide-11.8.0_1165/ide/plugins/com.nxp.mcuxpresso.tools.linux_11.8.0.202306131047/tools/bin/../lib/gcc/arm-none-eabi/12.2.1/../../../../arm-none-eabi/lib/thumb/v7-m/nofp/libsupc++.a
LOAD /usr/local/mcuxpressoide-11.8.0_1165/ide/plugins/com.nxp.mcuxpresso.tools.linux_11.8.0.202306131047/tools/bin/../lib/gcc/arm-none-eabi/12.2.1/thumb/v7-m/nofp/libgcc.a
LOAD /usr/local/mcuxpressoide-11.8.0_1165/ide/plugins/com.nxp.mcuxpresso.tools.linux_11.8.0.202306131047/tools/bin/../lib/gcc/arm-none-eabi/12.2.1/../../../../arm-none-eabi/lib/thumb/v7-m/nofp/libnosys.a
LOAD /home/arian.dervisha/Documents/MCUXpresso_11.8.0_1165/workspace/mbed-os/Debug/libmbed-os.a
END GROUP
LOAD ./src/labo3.o
LOAD /usr/local/mcuxpressoide-11.8.0_1165/ide/plugins/com.nxp.mcuxpresso.tools.linux_11.8.0.202306131047/tools/bin/../lib/gcc/arm-none-eabi/12.2.1/../../../../arm-none-eabi/lib/thumb/v7-m/nofp/libstdc++.a
LOAD /usr/local/mcuxpressoide-11.8.0_1165/ide/plugins/com.nxp.mcuxpresso.tools.linux_11.8.0.202306131047/tools/bin/../lib/gcc/arm-none-eabi/12.2.1/../../../../arm-none-eabi/lib/thumb/v7-m/nofp/libsupc++.a
LOAD /usr/local/mcuxpressoide-11.8.0_1165/ide/plugins/com.nxp.mcuxpresso.tools.linux_11.8.0.202306131047/tools/bin/../lib/gcc/arm-none-eabi/12.2.1/../../../../arm-none-eabi/lib/thumb/v7-m/nofp/libm.a
LOAD /usr/local/mcuxpressoide-11.8.0_1165/ide/plugins/com.nxp.mcuxpresso.tools.linux_11.8.0.202306131047/tools/bin/../lib/gcc/arm-none-eabi/12.2.1/../../../../arm-none-eabi/lib/thumb/v7-m/nofp/libc.a
LOAD /usr/local/mcuxpressoide-11.8.0_1165/ide/plugins/com.nxp.mcuxpresso.tools.linux_11.8.0.202306131047/tools/bin/../lib/gcc/arm-none-eabi/12.2.1/thumb/v7-m/nofp/libgcc.a
LOAD /usr/local/mcuxpressoide-11.8.0_1165/ide/plugins/com.nxp.mcuxpresso.tools.linux_11.8.0.202306131047/tools/bin/../lib/gcc/arm-none-eabi/12.2.1/../../../../arm-none-eabi/lib/thumb/v7-m/nofp/libnosys.a
LOAD /home/arian.dervisha/Documents/MCUXpresso_11.8.0_1165/workspace/mbed-os/Debug/libmbed-os.a
LOAD /usr/local/mcuxpressoide-11.8.0_1165/ide/plugins/com.nxp.mcuxpresso.tools.linux_11.8.0.202306131047/tools/bin/../lib/gcc/arm-none-eabi/12.2.1/../../../../arm-none-eabi/lib/thumb/v7-m/nofp/libstdc++.a
LOAD /usr/local/mcuxpressoide-11.8.0_1165/ide/plugins/com.nxp.mcuxpresso.tools.linux_11.8.0.202306131047/tools/bin/../lib/gcc/arm-none-eabi/12.2.1/../../../../arm-none-eabi/lib/thumb/v7-m/nofp/libm.a
LOAD /usr/local/mcuxpressoide-11.8.0_1165/ide/plugins/com.nxp.mcuxpresso.tools.linux_11.8.0.202306131047/tools/bin/../lib/gcc/arm-none-eabi/12.2.1/../../../../arm-none-eabi/lib/thumb/v7-m/nofp/libc.a
START GROUP
LOAD /usr/local/mcuxpressoide-11.8.0_1165/ide/plugins/com.nxp.mcuxpresso.tools.linux_11.8.0.202306131047/tools/bin/../lib/gcc/arm-none-eabi/12.2.1/thumb/v7-m/nofp/libgcc.a
LOAD /usr/local/mcuxpressoide-11.8.0_1165/ide/plugins/com.nxp.mcuxpresso.tools.linux_11.8.0.202306131047/tools/bin/../lib/gcc/arm-none-eabi/12.2.1/../../../../arm-none-eabi/lib/thumb/v7-m/nofp/libc.a
END GROUP
LOAD /usr/local/mcuxpressoide-11.8.0_1165/ide/plugins/com.nxp.mcuxpresso.tools.linux_11.8.0.202306131047/tools/bin/../lib/gcc/arm-none-eabi/12.2.1/thumb/v7-m/nofp/crtend.o
LOAD /usr/local/mcuxpressoide-11.8.0_1165/ide/plugins/com.nxp.mcuxpresso.tools.linux_11.8.0.202306131047/tools/bin/../lib/gcc/arm-none-eabi/12.2.1/thumb/v7-m/nofp/crtn.o

.text           0x0000000000000000     0xd320
 *(.isr_vector)
 .isr_vector    0x0000000000000000       0xcc /home/arian.dervisha/Documents/MCUXpresso_11.8.0_1165/workspace/mbed-os/Debug/libmbed-os.a(startup_LPC17xx.o)
                0x0000000000000000                __isr_vector
                0x00000000000002fc                . = 0x2fc
 *fill*         0x00000000000000cc      0x230 
 *(.CRPSection)
 *(.text*)
 .text.deregister_tm_clones
                0x00000000000002fc       0x1c /usr/local/mcuxpressoide-11.8.0_1165/ide/plugins/com.nxp.mcuxpresso.tools.linux_11.8.0.202306131047/tools/bin/../lib/gcc/arm-none-eabi/12.2.1/thumb/v7-m/nofp/crtbegin.o
 .text.register_tm_clones
                0x0000000000000318       0x24 /usr/local/mcuxpressoide-11.8.0_1165/ide/plugins/com.nxp.mcuxpresso.tools.linux_11.8.0.202306131047/tools/bin/../lib/gcc/arm-none-eabi/12.2.1/thumb/v7-m/nofp/crtbegin.o
 .text.__do_global_dtors_aux
                0x000000000000033c       0x28 /usr/local/mcuxpressoide-11.8.0_1165/ide/plugins/com.nxp.mcuxpresso.tools.linux_11.8.0.202306131047/tools/bin/../lib/gcc/arm-none-eabi/12.2.1/thumb/v7-m/nofp/crtbegin.o
 .text.frame_dummy
                0x0000000000000364       0x24 /usr/local/mcuxpressoide-11.8.0_1165/ide/plugins/com.nxp.mcuxpresso.tools.linux_11.8.0.202306131047/tools/bin/../lib/gcc/arm-none-eabi/12.2.1/thumb/v7-m/nofp/crtbegin.o
 .text          0x0000000000000388       0x7c /usr/local/mcuxpressoide-11.8.0_1165/ide/plugins/com.nxp.mcuxpresso.tools.linux_11.8.0.202306131047/tools/bin/../lib/gcc/arm-none-eabi/12.2.1/../../../../arm-none-eabi/lib/thumb/v7-m/nofp/crt0.o
                0x0000000000000388                _stack_init
                0x0000000000000390                _mainCRTStartup
                0x0000000000000390                _start
 .text          0x0000000000000404       0x44 /home/arian.dervisha/Documents/MCUXpresso_11.8.0_1165/workspace/mbed-os/Debug/libmbed-os.a(startup_LPC17xx.o)
                0x0000000000000404                Reset_Handler
                0x0000000000000434                NMI_Handler
                0x0000000000000436                HardFault_Handler
                0x0000000000000438                MemManage_Handler
                0x000000000000043a                BusFault_Handler
                0x000000000000043c                UsageFault_Handler
                0x000000000000043e                SVC_Handler
                0x0000000000000440                DebugMon_Handler
                0x0000000000000442                PendSV_Handler
                0x0000000000000444                SysTick_Handler
                0x0000000000000446                TIMER2_IRQHandler
                0x0000000000000446                RIT_IRQHandler
                0x0000000000000446                I2C0_IRQHandler
                0x0000000000000446                USBActivity_IRQHandler
                0x0000000000000446                PWM1_IRQHandler
                0x0000000000000446                I2C1_IRQHandler
                0x0000000000000446                EINT2_IRQHandler
                0x0000000000000446                UART1_IRQHandler
                0x0000000000000446                EINT3_IRQHandler
                0x0000000000000446                CANActivity_IRQHandler
                0x0000000000000446                TIMER3_IRQHandler
                0x0000000000000446                UART0_IRQHandler
                0x0000000000000446                PLL0_IRQHandler
                0x0000000000000446                CAN_IRQHandler
                0x0000000000000446                PLL1_IRQHandler
                0x0000000000000446                SSP0_IRQHandler
                0x0000000000000446                I2S_IRQHandler
                0x0000000000000446                I2C2_IRQHandler
                0x0000000000000446                RTC_IRQHandler
                0x0000000000000446                TIMER0_IRQHandler
                0x0000000000000446                SPI_IRQHandler
                0x0000000000000446                EINT1_IRQHandler
                0x0000000000000446                TIMER1_IRQHandler
                0x0000000000000446                UART2_IRQHandler
                0x0000000000000446                Default_Handler
                0x0000000000000446                ADC_IRQHandler
                0x0000000000000446                SSP1_IRQHandler
                0x0000000000000446                USB_IRQHandler
                0x0000000000000446                BOD_IRQHandler
                0x0000000000000446                WDT_IRQHandler
                0x0000000000000446                QEI_IRQHandler
                0x0000000000000446                EINT0_IRQHandler
                0x0000000000000446                DEF_IRQHandler
                0x0000000000000446                DMA_IRQHandler
                0x0000000000000446                UART3_IRQHandler
                0x0000000000000446                MCPWM_IRQHandler
                0x0000000000000446                ENET_IRQHandler
 .text.SystemInit
                0x0000000000000448       0xec /home/arian.dervisha/Documents/MCUXpresso_11.8.0_1165/workspace/mbed-os/Debug/libmbed-os.a(system_LPC17xx.o)
                0x0000000000000448                SystemInit
 .text._ZL14singleton_lockv
                0x0000000000000534        0x4 /home/arian.dervisha/Documents/MCUXpresso_11.8.0_1165/workspace/mbed-os/Debug/libmbed-os.a(mbed_retarget.o)
 .text._ZL16singleton_unlockv
                0x0000000000000538        0x4 /home/arian.dervisha/Documents/MCUXpresso_11.8.0_1165/workspace/mbed-os/Debug/libmbed-os.a(mbed_retarget.o)
 .text._ZN4mbed10FileHandleD2Ev
                0x000000000000053c       0x20 /home/arian.dervisha/Documents/MCUXpresso_11.8.0_1165/workspace/mbed-os/Debug/libmbed-os.a(mbed_retarget.o)
                0x000000000000053c                mbed::FileHandle::~FileHandle()
                0x000000000000053c                mbed::FileHandle::~FileHandle()
 .text._ZN4mbed10FileHandleD0Ev
                0x000000000000055c       0x1c /home/arian.dervisha/Documents/MCUXpresso_11.8.0_1165/workspace/mbed-os/Debug/libmbed-os.a(mbed_retarget.o)
                0x000000000000055c                mbed::FileHandle::~FileHandle()
 .text._ZN4mbed10FileHandle4syncEv
                0x0000000000000578        0xc /home/arian.dervisha/Documents/MCUXpresso_11.8.0_1165/workspace/mbed-os/Debug/libmbed-os.a(mbed_retarget.o)
                0x0000000000000578                mbed::FileHandle::sync()
 .text._ZN4mbed10FileHandle4tellEv
                0x0000000000000584       0x20 /home/arian.dervisha/Documents/MCUXpresso_11.8.0_1165/workspace/mbed-os/Debug/libmbed-os.a(mbed_retarget.o)
                0x0000000000000584                mbed::FileHandle::tell()
 .text._ZN4mbed10FileHandle6rewindEv
                0x00000000000005a4       0x1e /home/arian.dervisha/Documents/MCUXpresso_11.8.0_1165/workspace/mbed-os/Debug/libmbed-os.a(mbed_retarget.o)
                0x00000000000005a4                mbed::FileHandle::rewind()
 .text._ZN4mbed10FileHandle5lseekEli
                0x00000000000005c2       0x24 /home/arian.dervisha/Documents/MCUXpresso_11.8.0_1165/workspace/mbed-os/Debug/libmbed-os.a(mbed_retarget.o)
                0x00000000000005c2                mbed::FileHandle::lseek(long, int)
 .text._ZN4mbed10FileHandle5fsyncEv
                0x00000000000005e6       0x1c /home/arian.dervisha/Documents/MCUXpresso_11.8.0_1165/workspace/mbed-os/Debug/libmbed-os.a(mbed_retarget.o)
                0x00000000000005e6                mbed::FileHandle::fsync()
 .text._ZN4mbed10FileHandle4flenEv
                0x0000000000000602       0x1c /home/arian.dervisha/Documents/MCUXpresso_11.8.0_1165/workspace/mbed-os/Debug/libmbed-os.a(mbed_retarget.o)
                0x0000000000000602                mbed::FileHandle::flen()
 .text._ZN4mbed10FileHandle12set_blockingEb
                0x000000000000061e       0x20 /home/arian.dervisha/Documents/MCUXpresso_11.8.0_1165/workspace/mbed-os/Debug/libmbed-os.a(mbed_retarget.o)
                0x000000000000061e                mbed::FileHandle::set_blocking(bool)
 .text._ZNK4mbed10FileHandle11is_blockingEv
                0x000000000000063e        0xc /home/arian.dervisha/Documents/MCUXpresso_11.8.0_1165/workspace/mbed-os/Debug/libmbed-os.a(mbed_retarget.o)
                0x000000000000063e                mbed::FileHandle::is_blocking() const
 .text._ZNK4mbed10FileHandle4pollEs
                0x000000000000064a       0x12 /home/arian.dervisha/Documents/MCUXpresso_11.8.0_1165/workspace/mbed-os/Debug/libmbed-os.a(mbed_retarget.o)
                0x000000000000064a                mbed::FileHandle::poll(short) const
 .text._ZN4mbed10FileHandle5sigioENS_8CallbackIFvvEEE
                0x000000000000065c        0xc /home/arian.dervisha/Documents/MCUXpresso_11.8.0_1165/workspace/mbed-os/Debug/libmbed-os.a(mbed_retarget.o)
                0x000000000000065c                mbed::FileHandle::sigio(mbed::Callback<void ()>)
 .text._ZN4mbed10FileHandleC2Ev
                0x0000000000000668       0x20 /home/arian.dervisha/Documents/MCUXpresso_11.8.0_1165/workspace/mbed-os/Debug/libmbed-os.a(mbed_retarget.o)
                0x0000000000000668                mbed::FileHandle::FileHandle()
                0x0000000000000668                mbed::FileHandle::FileHandle()
 .text._ZN12DirectSerial4seekEli
                0x0000000000000688       0x12 /home/arian.dervisha/Documents/MCUXpresso_11.8.0_1165/workspace/mbed-os/Debug/libmbed-os.a(mbed_retarget.o)
                0x0000000000000688                DirectSerial::seek(long, int)
 .text._ZN12DirectSerial4sizeEv
                0x000000000000069a        0xe /home/arian.dervisha/Documents/MCUXpresso_11.8.0_1165/workspace/mbed-os/Debug/libmbed-os.a(mbed_retarget.o)
                0x000000000000069a                DirectSerial::size()
 .text._ZN12DirectSerial6isattyEv
                0x00000000000006a8        0xc /home/arian.dervisha/Documents/MCUXpresso_11.8.0_1165/workspace/mbed-os/Debug/libmbed-os.a(mbed_retarget.o)
                0x00000000000006a8                DirectSerial::isatty()
 .text._ZN12DirectSerial5closeEv
                0x00000000000006b4        0xc /home/arian.dervisha/Documents/MCUXpresso_11.8.0_1165/workspace/mbed-os/Debug/libmbed-os.a(mbed_retarget.o)
                0x00000000000006b4                DirectSerial::close()
 .text._ZN12DirectSerialC2E7PinNameS0_i
                0x00000000000006c0       0x50 /home/arian.dervisha/Documents/MCUXpresso_11.8.0_1165/workspace/mbed-os/Debug/libmbed-os.a(mbed_retarget.o)
                0x00000000000006c0                DirectSerial::DirectSerial(PinName, PinName, int)
                0x00000000000006c0                DirectSerial::DirectSerial(PinName, PinName, int)
 .text._ZN12DirectSerial5writeEPKvj
                0x0000000000000710       0x40 /home/arian.dervisha/Documents/MCUXpresso_11.8.0_1165/workspace/mbed-os/Debug/libmbed-os.a(mbed_retarget.o)
                0x0000000000000710                DirectSerial::write(void const*, unsigned int)
 .text._ZN12DirectSerial4readEPvj
                0x0000000000000750       0x34 /home/arian.dervisha/Documents/MCUXpresso_11.8.0_1165/workspace/mbed-os/Debug/libmbed-os.a(mbed_retarget.o)
                0x0000000000000750                DirectSerial::read(void*, unsigned int)
 .text._ZNK12DirectSerial4pollEs
                0x0000000000000784       0x80 /home/arian.dervisha/Documents/MCUXpresso_11.8.0_1165/workspace/mbed-os/Debug/libmbed-os.a(mbed_retarget.o)
                0x0000000000000784                DirectSerial::poll(short) const
 .text._ZN4mbed28mbed_target_override_consoleEi
                0x0000000000000804        0xc /home/arian.dervisha/Documents/MCUXpresso_11.8.0_1165/workspace/mbed-os/Debug/libmbed-os.a(mbed_retarget.o)
                0x0000000000000804                mbed::mbed_target_override_console(int)
 .text._ZN4mbed21mbed_override_consoleEi
                0x0000000000000810        0xc /home/arian.dervisha/Documents/MCUXpresso_11.8.0_1165/workspace/mbed-os/Debug/libmbed-os.a(mbed_retarget.o)
                0x0000000000000810                mbed::mbed_override_console(int)
 .text._ZL15default_consolev
                0x000000000000081c       0x70 /home/arian.dervisha/Documents/MCUXpresso_11.8.0_1165/workspace/mbed-os/Debug/libmbed-os.a(mbed_retarget.o)
 .text._ZL11get_consolei
                0x000000000000088c       0x3a /home/arian.dervisha/Documents/MCUXpresso_11.8.0_1165/workspace/mbed-os/Debug/libmbed-os.a(mbed_retarget.o)
 *fill*         0x00000000000008c6        0x2 
 .text._ZL7get_fhci
                0x00000000000008c8       0x48 /home/arian.dervisha/Documents/MCUXpresso_11.8.0_1165/workspace/mbed-os/Debug/libmbed-os.a(mbed_retarget.o)
 .text._close   0x0000000000000910       0x16 /home/arian.dervisha/Documents/MCUXpresso_11.8.0_1165/workspace/mbed-os/Debug/libmbed-os.a(mbed_retarget.o)
                0x0000000000000910                _close
 *fill*         0x0000000000000926        0x2 
 .text.close    0x0000000000000928       0x64 /home/arian.dervisha/Documents/MCUXpresso_11.8.0_1165/workspace/mbed-os/Debug/libmbed-os.a(mbed_retarget.o)
                0x0000000000000928                close
 .text._ZL12convert_crlfi
                0x000000000000098c        0xc /home/arian.dervisha/Documents/MCUXpresso_11.8.0_1165/workspace/mbed-os/Debug/libmbed-os.a(mbed_retarget.o)
 .text._write   0x0000000000000998      0x150 /home/arian.dervisha/Documents/MCUXpresso_11.8.0_1165/workspace/mbed-os/Debug/libmbed-os.a(mbed_retarget.o)
                0x0000000000000998                _write
 .text.write    0x0000000000000ae8       0x5c /home/arian.dervisha/Documents/MCUXpresso_11.8.0_1165/workspace/mbed-os/Debug/libmbed-os.a(mbed_retarget.o)
                0x0000000000000ae8                write
 .text._read    0x0000000000000b44      0x108 /home/arian.dervisha/Documents/MCUXpresso_11.8.0_1165/workspace/mbed-os/Debug/libmbed-os.a(mbed_retarget.o)
                0x0000000000000b44                _read
 .text.read     0x0000000000000c4c       0x5c /home/arian.dervisha/Documents/MCUXpresso_11.8.0_1165/workspace/mbed-os/Debug/libmbed-os.a(mbed_retarget.o)
                0x0000000000000c4c                read
 .text._isatty  0x0000000000000ca8       0x16 /home/arian.dervisha/Documents/MCUXpresso_11.8.0_1165/workspace/mbed-os/Debug/libmbed-os.a(mbed_retarget.o)
                0x0000000000000ca8                _isatty
 .text.isatty   0x0000000000000cbe       0x50 /home/arian.dervisha/Documents/MCUXpresso_11.8.0_1165/workspace/mbed-os/Debug/libmbed-os.a(mbed_retarget.o)
                0x0000000000000cbe                isatty
 .text._lseek   0x0000000000000d0e       0x20 /home/arian.dervisha/Documents/MCUXpresso_11.8.0_1165/workspace/mbed-os/Debug/libmbed-os.a(mbed_retarget.o)
                0x0000000000000d0e                _lseek
 .text.lseek    0x0000000000000d2e       0x5c /home/arian.dervisha/Documents/MCUXpresso_11.8.0_1165/workspace/mbed-os/Debug/libmbed-os.a(mbed_retarget.o)
                0x0000000000000d2e                lseek
 .text.fsync    0x0000000000000d8a       0x54 /home/arian.dervisha/Documents/MCUXpresso_11.8.0_1165/workspace/mbed-os/Debug/libmbed-os.a(mbed_retarget.o)
                0x0000000000000d8a                fsync
 .text._fstat   0x0000000000000dde       0x1a /home/arian.dervisha/Documents/MCUXpresso_11.8.0_1165/workspace/mbed-os/Debug/libmbed-os.a(mbed_retarget.o)
                0x0000000000000dde                _fstat
 .text.fstat    0x0000000000000df8       0x62 /home/arian.dervisha/Documents/MCUXpresso_11.8.0_1165/workspace/mbed-os/Debug/libmbed-os.a(mbed_retarget.o)
                0x0000000000000df8                fstat
 .text.__cxa_pure_virtual
                0x0000000000000e5a        0x8 /home/arian.dervisha/Documents/MCUXpresso_11.8.0_1165/workspace/mbed-os/Debug/libmbed-os.a(mbed_retarget.o)
                0x0000000000000e5a                __cxa_pure_virtual
 *fill*         0x0000000000000e62        0x2 
 .text._sbrk    0x0000000000000e64       0x7c /home/arian.dervisha/Documents/MCUXpresso_11.8.0_1165/workspace/mbed-os/Debug/libmbed-os.a(mbed_retarget.o)
                0x0000000000000e64                _sbrk
 .text._exit    0x0000000000000ee0       0x54 /home/arian.dervisha/Documents/MCUXpresso_11.8.0_1165/workspace/mbed-os/Debug/libmbed-os.a(mbed_retarget.o)
                0x0000000000000ee0                _exit
 .text.__aeabi_atexit
                0x0000000000000f34       0x10 /home/arian.dervisha/Documents/MCUXpresso_11.8.0_1165/workspace/mbed-os/Debug/libmbed-os.a(mbed_retarget.o)
                0x0000000000000f34                __aeabi_atexit
 .text.__wrap_exit
                0x0000000000000f44       0x14 /home/arian.dervisha/Documents/MCUXpresso_11.8.0_1165/workspace/mbed-os/Debug/libmbed-os.a(mbed_retarget.o)
                0x0000000000000f44                __wrap_exit
 .text.__wrap_atexit
                0x0000000000000f58        0xc /home/arian.dervisha/Documents/MCUXpresso_11.8.0_1165/workspace/mbed-os/Debug/libmbed-os.a(mbed_retarget.o)
                0x0000000000000f58                __wrap_atexit
 .text.__rtos_malloc_lock
                0x0000000000000f64        0xa /home/arian.dervisha/Documents/MCUXpresso_11.8.0_1165/workspace/mbed-os/Debug/libmbed-os.a(mbed_retarget.o)
                0x0000000000000f64                __rtos_malloc_lock
 .text.__rtos_malloc_unlock
                0x0000000000000f6e        0xa /home/arian.dervisha/Documents/MCUXpresso_11.8.0_1165/workspace/mbed-os/Debug/libmbed-os.a(mbed_retarget.o)
                0x0000000000000f6e                __rtos_malloc_unlock
 .text.__malloc_lock
                0x0000000000000f78       0x14 /home/arian.dervisha/Documents/MCUXpresso_11.8.0_1165/workspace/mbed-os/Debug/libmbed-os.a(mbed_retarget.o)
                0x0000000000000f78                __malloc_lock
 .text.__malloc_unlock
                0x0000000000000f8c       0x14 /home/arian.dervisha/Documents/MCUXpresso_11.8.0_1165/workspace/mbed-os/Debug/libmbed-os.a(mbed_retarget.o)
                0x0000000000000f8c                __malloc_unlock
 .text.__cxa_guard_acquire
                0x0000000000000fa0       0x6c /home/arian.dervisha/Documents/MCUXpresso_11.8.0_1165/workspace/mbed-os/Debug/libmbed-os.a(mbed_retarget.o)
                0x0000000000000fa0                __cxa_guard_acquire
 .text.__cxa_guard_release
                0x000000000000100c       0x50 /home/arian.dervisha/Documents/MCUXpresso_11.8.0_1165/workspace/mbed-os/Debug/libmbed-os.a(mbed_retarget.o)
                0x000000000000100c                __cxa_guard_release
 .text._ZdlPv   0x000000000000105c       0x14 /home/arian.dervisha/Documents/MCUXpresso_11.8.0_1165/workspace/mbed-os/Debug/libmbed-os.a(mbed_retarget.o)
                0x000000000000105c                operator delete(void*)
 .text._ZN4mbed11NonCopyableINS_10FileHandleEED2Ev
                0x0000000000001070        0xc /home/arian.dervisha/Documents/MCUXpresso_11.8.0_1165/workspace/mbed-os/Debug/libmbed-os.a(mbed_retarget.o)
                0x0000000000001070                mbed::NonCopyable<mbed::FileHandle>::~NonCopyable()
                0x0000000000001070                mbed::NonCopyable<mbed::FileHandle>::~NonCopyable()
 .text._ZN4mbed11NonCopyableINS_10FileHandleEEC2Ev
                0x000000000000107c        0xc /home/arian.dervisha/Documents/MCUXpresso_11.8.0_1165/workspace/mbed-os/Debug/libmbed-os.a(mbed_retarget.o)
                0x000000000000107c                mbed::NonCopyable<mbed::FileHandle>::NonCopyable()
                0x000000000000107c                mbed::NonCopyable<mbed::FileHandle>::NonCopyable()
 .text._ZN12DirectSerialD2Ev
                0x0000000000001088       0x24 /home/arian.dervisha/Documents/MCUXpresso_11.8.0_1165/workspace/mbed-os/Debug/libmbed-os.a(mbed_retarget.o)
                0x0000000000001088                DirectSerial::~DirectSerial()
                0x0000000000001088                DirectSerial::~DirectSerial()
 .text._ZN12DirectSerialD0Ev
                0x00000000000010ac       0x1c /home/arian.dervisha/Documents/MCUXpresso_11.8.0_1165/workspace/mbed-os/Debug/libmbed-os.a(mbed_retarget.o)
                0x00000000000010ac                DirectSerial::~DirectSerial()
 .text.mbed_main
                0x00000000000010c8        0x4 /home/arian.dervisha/Documents/MCUXpresso_11.8.0_1165/workspace/mbed-os/Debug/libmbed-os.a(mbed_sdk_boot.o)
                0x00000000000010c8                mbed_main
 .text.mbed_sdk_init
                0x00000000000010cc        0x4 /home/arian.dervisha/Documents/MCUXpresso_11.8.0_1165/workspace/mbed-os/Debug/libmbed-os.a(mbed_sdk_boot.o)
                0x00000000000010cc                mbed_sdk_init
 .text.software_init_hook_rtos
                0x00000000000010d0        0x4 /home/arian.dervisha/Documents/MCUXpresso_11.8.0_1165/workspace/mbed-os/Debug/libmbed-os.a(mbed_sdk_boot.o)
                0x00000000000010d0                software_init_hook_rtos
 .text.mbed_copy_nvic
                0x00000000000010d4       0x48 /home/arian.dervisha/Documents/MCUXpresso_11.8.0_1165/workspace/mbed-os/Debug/libmbed-os.a(mbed_sdk_boot.o)
                0x00000000000010d4                mbed_copy_nvic
 .text.software_init_hook
                0x000000000000111c       0x12 /home/arian.dervisha/Documents/MCUXpresso_11.8.0_1165/workspace/mbed-os/Debug/libmbed-os.a(mbed_sdk_boot.o)
                0x000000000000111c                software_init_hook
 .text.__wrap_main
                0x000000000000112e       0x10 /home/arian.dervisha/Documents/MCUXpresso_11.8.0_1165/workspace/mbed-os/Debug/libmbed-os.a(mbed_sdk_boot.o)
                0x000000000000112e                __wrap_main
 .text.__semihost
                0x000000000000113e       0x1e /home/arian.dervisha/Documents/MCUXpresso_11.8.0_1165/workspace/mbed-os/Debug/libmbed-os.a(mbed_semihost_api.o)
 .text.semihost_exit
                0x000000000000115c       0x18 /home/arian.dervisha/Documents/MCUXpresso_11.8.0_1165/workspace/mbed-os/Debug/libmbed-os.a(mbed_semihost_api.o)
                0x000000000000115c                semihost_exit
 .text.semihost_connected
                0x0000000000001174       0x1c /home/arian.dervisha/Documents/MCUXpresso_11.8.0_1165/workspace/mbed-os/Debug/libmbed-os.a(mbed_semihost_api.o)
                0x0000000000001174                semihost_connected
 .text.initialize
                0x0000000000001190      0x250 /home/arian.dervisha/Documents/MCUXpresso_11.8.0_1165/workspace/mbed-os/Debug/libmbed-os.a(mbed_ticker_api.o)
 .text.update_present_time
                0x00000000000013e0      0x38c /home/arian.dervisha/Documents/MCUXpresso_11.8.0_1165/workspace/mbed-os/Debug/libmbed-os.a(mbed_ticker_api.o)
 .text.compute_tick_round_up
                0x000000000000176c      0x14c /home/arian.dervisha/Documents/MCUXpresso_11.8.0_1165/workspace/mbed-os/Debug/libmbed-os.a(mbed_ticker_api.o)
 .text._ticker_match_interval_passed
                0x00000000000018b8       0x44 /home/arian.dervisha/Documents/MCUXpresso_11.8.0_1165/workspace/mbed-os/Debug/libmbed-os.a(mbed_ticker_api.o)
                0x00000000000018b8                _ticker_match_interval_passed
 .text.schedule_interrupt
                0x00000000000018fc       0xe8 /home/arian.dervisha/Documents/MCUXpresso_11.8.0_1165/workspace/mbed-os/Debug/libmbed-os.a(mbed_ticker_api.o)
 .text.ticker_irq_handler
                0x00000000000019e4       0xa8 /home/arian.dervisha/Documents/MCUXpresso_11.8.0_1165/workspace/mbed-os/Debug/libmbed-os.a(mbed_ticker_api.o)
                0x00000000000019e4                ticker_irq_handler
 .text.ticker_read
                0x0000000000001a8c       0x1a /home/arian.dervisha/Documents/MCUXpresso_11.8.0_1165/workspace/mbed-os/Debug/libmbed-os.a(mbed_ticker_api.o)
                0x0000000000001a8c                ticker_read
 .text.ticker_read_us
                0x0000000000001aa6       0x34 /home/arian.dervisha/Documents/MCUXpresso_11.8.0_1165/workspace/mbed-os/Debug/libmbed-os.a(mbed_ticker_api.o)
                0x0000000000001aa6                ticker_read_us
 *fill*         0x0000000000001ada        0x2 
 .text.get_us_ticker_data
                0x0000000000001adc        0xc /home/arian.dervisha/Documents/MCUXpresso_11.8.0_1165/workspace/mbed-os/Debug/libmbed-os.a(mbed_us_ticker_api.o)
                0x0000000000001adc                get_us_ticker_data
 .text.us_ticker_irq_handler
                0x0000000000001ae8       0x20 /home/arian.dervisha/Documents/MCUXpresso_11.8.0_1165/workspace/mbed-os/Debug/libmbed-os.a(mbed_us_ticker_api.o)
                0x0000000000001ae8                us_ticker_irq_handler
 .text.__NVIC_EnableIRQ
                0x0000000000001b08       0x34 /home/arian.dervisha/Documents/MCUXpresso_11.8.0_1165/workspace/mbed-os/Debug/libmbed-os.a(serial_api.o)
 .text.__NVIC_DisableIRQ
                0x0000000000001b3c       0x44 /home/arian.dervisha/Documents/MCUXpresso_11.8.0_1165/workspace/mbed-os/Debug/libmbed-os.a(serial_api.o)
 .text.__NVIC_SetVector
                0x0000000000001b80       0x2c /home/arian.dervisha/Documents/MCUXpresso_11.8.0_1165/workspace/mbed-os/Debug/libmbed-os.a(serial_api.o)
 .text.gpio_write
                0x0000000000001bac       0x48 /home/arian.dervisha/Documents/MCUXpresso_11.8.0_1165/workspace/mbed-os/Debug/libmbed-os.a(serial_api.o)
 .text.gpio_read
                0x0000000000001bf4       0x40 /home/arian.dervisha/Documents/MCUXpresso_11.8.0_1165/workspace/mbed-os/Debug/libmbed-os.a(serial_api.o)
 .text.serial_init
                0x0000000000001c34      0x204 /home/arian.dervisha/Documents/MCUXpresso_11.8.0_1165/workspace/mbed-os/Debug/libmbed-os.a(serial_api.o)
                0x0000000000001c34                serial_init
 .text.serial_baud
                0x0000000000001e38      0x2cc /home/arian.dervisha/Documents/MCUXpresso_11.8.0_1165/workspace/mbed-os/Debug/libmbed-os.a(serial_api.o)
                0x0000000000001e38                serial_baud
 .text.serial_format
                0x0000000000002104      0x11c /home/arian.dervisha/Documents/MCUXpresso_11.8.0_1165/workspace/mbed-os/Debug/libmbed-os.a(serial_api.o)
                0x0000000000002104                serial_format
 .text.uart_irq
                0x0000000000002220       0xe0 /home/arian.dervisha/Documents/MCUXpresso_11.8.0_1165/workspace/mbed-os/Debug/libmbed-os.a(serial_api.o)
 .text.uart0_irq
                0x0000000000002300       0x20 /home/arian.dervisha/Documents/MCUXpresso_11.8.0_1165/workspace/mbed-os/Debug/libmbed-os.a(serial_api.o)
                0x0000000000002300                uart0_irq
 .text.uart1_irq
                0x0000000000002320       0x20 /home/arian.dervisha/Documents/MCUXpresso_11.8.0_1165/workspace/mbed-os/Debug/libmbed-os.a(serial_api.o)
                0x0000000000002320                uart1_irq
 .text.uart2_irq
                0x0000000000002340       0x20 /home/arian.dervisha/Documents/MCUXpresso_11.8.0_1165/workspace/mbed-os/Debug/libmbed-os.a(serial_api.o)
                0x0000000000002340                uart2_irq
 .text.uart3_irq
                0x0000000000002360       0x20 /home/arian.dervisha/Documents/MCUXpresso_11.8.0_1165/workspace/mbed-os/Debug/libmbed-os.a(serial_api.o)
                0x0000000000002360                uart3_irq
 .text.serial_irq_set_internal
                0x0000000000002380      0x170 /home/arian.dervisha/Documents/MCUXpresso_11.8.0_1165/workspace/mbed-os/Debug/libmbed-os.a(serial_api.o)
 .text.serial_flow_irq_set
                0x00000000000024f0       0x38 /home/arian.dervisha/Documents/MCUXpresso_11.8.0_1165/workspace/mbed-os/Debug/libmbed-os.a(serial_api.o)
 .text.serial_getc
                0x0000000000002528       0x70 /home/arian.dervisha/Documents/MCUXpresso_11.8.0_1165/workspace/mbed-os/Debug/libmbed-os.a(serial_api.o)
                0x0000000000002528                serial_getc
 .text.serial_putc
                0x0000000000002598       0x58 /home/arian.dervisha/Documents/MCUXpresso_11.8.0_1165/workspace/mbed-os/Debug/libmbed-os.a(serial_api.o)
                0x0000000000002598                serial_putc
 .text.serial_readable
                0x00000000000025f0       0x16 /home/arian.dervisha/Documents/MCUXpresso_11.8.0_1165/workspace/mbed-os/Debug/libmbed-os.a(serial_api.o)
                0x00000000000025f0                serial_readable
 *fill*         0x0000000000002606        0x2 
 .text.serial_writable
                0x0000000000002608       0xb0 /home/arian.dervisha/Documents/MCUXpresso_11.8.0_1165/workspace/mbed-os/Debug/libmbed-os.a(serial_api.o)
                0x0000000000002608                serial_writable
 .text.serial_set_flow_control
                0x00000000000026b8      0x17c /home/arian.dervisha/Documents/MCUXpresso_11.8.0_1165/workspace/mbed-os/Debug/libmbed-os.a(serial_api.o)
                0x00000000000026b8                serial_set_flow_control
 .text.__NVIC_EnableIRQ
                0x0000000000002834       0x34 /home/arian.dervisha/Documents/MCUXpresso_11.8.0_1165/workspace/mbed-os/Debug/libmbed-os.a(us_ticker.o)
 .text.__NVIC_DisableIRQ
                0x0000000000002868       0x44 /home/arian.dervisha/Documents/MCUXpresso_11.8.0_1165/workspace/mbed-os/Debug/libmbed-os.a(us_ticker.o)
 .text.__NVIC_SetPendingIRQ
                0x00000000000028ac       0x38 /home/arian.dervisha/Documents/MCUXpresso_11.8.0_1165/workspace/mbed-os/Debug/libmbed-os.a(us_ticker.o)
 .text.__NVIC_SetVector
                0x00000000000028e4       0x2c /home/arian.dervisha/Documents/MCUXpresso_11.8.0_1165/workspace/mbed-os/Debug/libmbed-os.a(us_ticker.o)
 .text.us_ticker_get_info
                0x0000000000002910        0xc /home/arian.dervisha/Documents/MCUXpresso_11.8.0_1165/workspace/mbed-os/Debug/libmbed-os.a(us_ticker.o)
                0x0000000000002910                us_ticker_get_info
 .text.us_ticker_init
                0x000000000000291c       0x84 /home/arian.dervisha/Documents/MCUXpresso_11.8.0_1165/workspace/mbed-os/Debug/libmbed-os.a(us_ticker.o)
                0x000000000000291c                us_ticker_init
 .text.us_ticker_read
                0x00000000000029a0        0xc /home/arian.dervisha/Documents/MCUXpresso_11.8.0_1165/workspace/mbed-os/Debug/libmbed-os.a(us_ticker.o)
                0x00000000000029a0                us_ticker_read
 .text.us_ticker_set_interrupt
                0x00000000000029ac       0x20 /home/arian.dervisha/Documents/MCUXpresso_11.8.0_1165/workspace/mbed-os/Debug/libmbed-os.a(us_ticker.o)
                0x00000000000029ac                us_ticker_set_interrupt
 .text.us_ticker_fire_interrupt
                0x00000000000029cc        0xc /home/arian.dervisha/Documents/MCUXpresso_11.8.0_1165/workspace/mbed-os/Debug/libmbed-os.a(us_ticker.o)
                0x00000000000029cc                us_ticker_fire_interrupt
 .text.us_ticker_disable_interrupt
                0x00000000000029d8       0x14 /home/arian.dervisha/Documents/MCUXpresso_11.8.0_1165/workspace/mbed-os/Debug/libmbed-os.a(us_ticker.o)
                0x00000000000029d8                us_ticker_disable_interrupt
 .text.us_ticker_clear_interrupt
                0x00000000000029ec       0x10 /home/arian.dervisha/Documents/MCUXpresso_11.8.0_1165/workspace/mbed-os/Debug/libmbed-os.a(us_ticker.o)
                0x00000000000029ec                us_ticker_clear_interrupt
 .text.us_ticker_free
                0x00000000000029fc       0x24 /home/arian.dervisha/Documents/MCUXpresso_11.8.0_1165/workspace/mbed-os/Debug/libmbed-os.a(us_ticker.o)
                0x00000000000029fc                us_ticker_free
 .text._ZN4mbed10FileHandle6isattyEv
                0x0000000000002a20        0xc /home/arian.dervisha/Documents/MCUXpresso_11.8.0_1165/workspace/mbed-os/Debug/libmbed-os.a(FileHandle.o)
                0x0000000000002a20                mbed::FileHandle::isatty()
 .text._ZN4mbed10FileHandle4sizeEv
                0x0000000000002a2c       0x4e /home/arian.dervisha/Documents/MCUXpresso_11.8.0_1165/workspace/mbed-os/Debug/libmbed-os.a(FileHandle.o)
                0x0000000000002a2c                mbed::FileHandle::size()
 *fill*         0x0000000000002a7a        0x2 
 .text.mbed_assert_internal
                0x0000000000002a7c       0x24 /home/arian.dervisha/Documents/MCUXpresso_11.8.0_1165/workspace/mbed-os/Debug/libmbed-os.a(mbed_assert.o)
                0x0000000000002a7c                mbed_assert_internal
 .text.gpio_write
                0x0000000000002aa0       0x48 /home/arian.dervisha/Documents/MCUXpresso_11.8.0_1165/workspace/mbed-os/Debug/libmbed-os.a(mbed_board.o)
 .text.mbed_die
                0x0000000000002ae8       0x84 /home/arian.dervisha/Documents/MCUXpresso_11.8.0_1165/workspace/mbed-os/Debug/libmbed-os.a(mbed_board.o)
                0x0000000000002ae8                mbed_die
 .text.mbed_error_printf
                0x0000000000002b6c       0x1e /home/arian.dervisha/Documents/MCUXpresso_11.8.0_1165/workspace/mbed-os/Debug/libmbed-os.a(mbed_board.o)
                0x0000000000002b6c                mbed_error_printf
 *fill*         0x0000000000002b8a        0x2 
 .text.mbed_error_vprintf
                0x0000000000002b8c       0x44 /home/arian.dervisha/Documents/MCUXpresso_11.8.0_1165/workspace/mbed-os/Debug/libmbed-os.a(mbed_board.o)
                0x0000000000002b8c                mbed_error_vprintf
 .text.mbed_error_puts
                0x0000000000002bd0       0x28 /home/arian.dervisha/Documents/MCUXpresso_11.8.0_1165/workspace/mbed-os/Debug/libmbed-os.a(mbed_board.o)
                0x0000000000002bd0                mbed_error_puts
 .text.core_util_are_interrupts_enabled
                0x0000000000002bf8       0x1e /home/arian.dervisha/Documents/MCUXpresso_11.8.0_1165/workspace/mbed-os/Debug/libmbed-os.a(mbed_critical.o)
                0x0000000000002bf8                core_util_are_interrupts_enabled
 .text.core_util_is_isr_active
                0x0000000000002c16       0x1a /home/arian.dervisha/Documents/MCUXpresso_11.8.0_1165/workspace/mbed-os/Debug/libmbed-os.a(mbed_critical.o)
                0x0000000000002c16                core_util_is_isr_active
 .text.core_util_critical_section_enter
                0x0000000000002c30       0x34 /home/arian.dervisha/Documents/MCUXpresso_11.8.0_1165/workspace/mbed-os/Debug/libmbed-os.a(mbed_critical.o)
                0x0000000000002c30                core_util_critical_section_enter
 .text.core_util_critical_section_exit
                0x0000000000002c64       0x2c /home/arian.dervisha/Documents/MCUXpresso_11.8.0_1165/workspace/mbed-os/Debug/libmbed-os.a(mbed_critical.o)
                0x0000000000002c64                core_util_critical_section_exit
 .text.core_util_atomic_flag_test_and_set
                0x0000000000002c90       0x48 /home/arian.dervisha/Documents/MCUXpresso_11.8.0_1165/workspace/mbed-os/Debug/libmbed-os.a(mbed_critical.o)
                0x0000000000002c90                core_util_atomic_flag_test_and_set
 .text.mbed_halt_system
                0x0000000000002cd8       0x44 /home/arian.dervisha/Documents/MCUXpresso_11.8.0_1165/workspace/mbed-os/Debug/libmbed-os.a(mbed_error.o)
 .text.handle_error
                0x0000000000002d1c       0x90 /home/arian.dervisha/Documents/MCUXpresso_11.8.0_1165/workspace/mbed-os/Debug/libmbed-os.a(mbed_error.o)
 .text.mbed_error
                0x0000000000002dac       0x48 /home/arian.dervisha/Documents/MCUXpresso_11.8.0_1165/workspace/mbed-os/Debug/libmbed-os.a(mbed_error.o)
                0x0000000000002dac                mbed_error
 .text.print_error_report
                0x0000000000002df4      0x1b0 /home/arian.dervisha/Documents/MCUXpresso_11.8.0_1165/workspace/mbed-os/Debug/libmbed-os.a(mbed_error.o)
 .text.mbed_interface_connected
                0x0000000000002fa4        0xc /home/arian.dervisha/Documents/MCUXpresso_11.8.0_1165/workspace/mbed-os/Debug/libmbed-os.a(mbed_interface.o)
                0x0000000000002fa4                mbed_interface_connected
 .text.wait_us  0x0000000000002fb0       0x32 /home/arian.dervisha/Documents/MCUXpresso_11.8.0_1165/workspace/mbed-os/Debug/libmbed-os.a(mbed_wait_api_no_rtos.o)
                0x0000000000002fb0                wait_us
 .text.are_interrupts_enabled
                0x0000000000002fe2       0x1e /home/arian.dervisha/Documents/MCUXpresso_11.8.0_1165/workspace/mbed-os/Debug/libmbed-os.a(mbed_critical_section_api.o)
 .text.hal_critical_section_enter
                0x0000000000003000       0x3c /home/arian.dervisha/Documents/MCUXpresso_11.8.0_1165/workspace/mbed-os/Debug/libmbed-os.a(mbed_critical_section_api.o)
                0x0000000000003000                hal_critical_section_enter
 .text.hal_critical_section_exit
                0x000000000000303c       0x40 /home/arian.dervisha/Documents/MCUXpresso_11.8.0_1165/workspace/mbed-os/Debug/libmbed-os.a(mbed_critical_section_api.o)
                0x000000000000303c                hal_critical_section_exit
 .text.gpio_write
                0x000000000000307c       0x48 /home/arian.dervisha/Documents/MCUXpresso_11.8.0_1165/workspace/mbed-os/Debug/libmbed-os.a(mbed_gpio.o)
 .text._gpio_init_in
                0x00000000000030c4       0x3a /home/arian.dervisha/Documents/MCUXpresso_11.8.0_1165/workspace/mbed-os/Debug/libmbed-os.a(mbed_gpio.o)
 .text._gpio_init_out
                0x00000000000030fe       0x44 /home/arian.dervisha/Documents/MCUXpresso_11.8.0_1165/workspace/mbed-os/Debug/libmbed-os.a(mbed_gpio.o)
 .text.gpio_init_in
                0x0000000000003142       0x1a /home/arian.dervisha/Documents/MCUXpresso_11.8.0_1165/workspace/mbed-os/Debug/libmbed-os.a(mbed_gpio.o)
                0x0000000000003142                gpio_init_in
 .text.gpio_init_in_ex
                0x000000000000315c       0x24 /home/arian.dervisha/Documents/MCUXpresso_11.8.0_1165/workspace/mbed-os/Debug/libmbed-os.a(mbed_gpio.o)
                0x000000000000315c                gpio_init_in_ex
 .text.gpio_init_out
                0x0000000000003180       0x1a /home/arian.dervisha/Documents/MCUXpresso_11.8.0_1165/workspace/mbed-os/Debug/libmbed-os.a(mbed_gpio.o)
                0x0000000000003180                gpio_init_out
 .text.gpio_init_out_ex
                0x000000000000319a       0x1e /home/arian.dervisha/Documents/MCUXpresso_11.8.0_1165/workspace/mbed-os/Debug/libmbed-os.a(mbed_gpio.o)
                0x000000000000319a                gpio_init_out_ex
 .text.pinmap_pinout
                0x00000000000031b8       0x64 /home/arian.dervisha/Documents/MCUXpresso_11.8.0_1165/workspace/mbed-os/Debug/libmbed-os.a(mbed_pinmap_common.o)
                0x00000000000031b8                pinmap_pinout
 .text.pinmap_merge
                0x000000000000321c       0x4c /home/arian.dervisha/Documents/MCUXpresso_11.8.0_1165/workspace/mbed-os/Debug/libmbed-os.a(mbed_pinmap_common.o)
                0x000000000000321c                pinmap_merge
 .text.pinmap_find_peripheral
                0x0000000000003268       0x32 /home/arian.dervisha/Documents/MCUXpresso_11.8.0_1165/workspace/mbed-os/Debug/libmbed-os.a(mbed_pinmap_common.o)
                0x0000000000003268                pinmap_find_peripheral
 *fill*         0x000000000000329a        0x2 
 .text.pinmap_peripheral
                0x000000000000329c       0x50 /home/arian.dervisha/Documents/MCUXpresso_11.8.0_1165/workspace/mbed-os/Debug/libmbed-os.a(mbed_pinmap_common.o)
                0x000000000000329c                pinmap_peripheral
 .text.gpio_set
                0x00000000000032ec       0x3c /home/arian.dervisha/Documents/MCUXpresso_11.8.0_1165/workspace/mbed-os/Debug/libmbed-os.a(gpio_api.o)
                0x00000000000032ec                gpio_set
 .text.gpio_init
                0x0000000000003328       0x58 /home/arian.dervisha/Documents/MCUXpresso_11.8.0_1165/workspace/mbed-os/Debug/libmbed-os.a(gpio_api.o)
                0x0000000000003328                gpio_init
 .text.gpio_mode
                0x0000000000003380       0x24 /home/arian.dervisha/Documents/MCUXpresso_11.8.0_1165/workspace/mbed-os/Debug/libmbed-os.a(gpio_api.o)
                0x0000000000003380                gpio_mode
 .text.gpio_dir
                0x00000000000033a4       0x68 /home/arian.dervisha/Documents/MCUXpresso_11.8.0_1165/workspace/mbed-os/Debug/libmbed-os.a(gpio_api.o)
                0x00000000000033a4                gpio_dir
 .text.pin_function
                0x000000000000340c       0x80 /home/arian.dervisha/Documents/MCUXpresso_11.8.0_1165/workspace/mbed-os/Debug/libmbed-os.a(pinmap.o)
                0x000000000000340c                pin_function
 .text.pin_mode
                0x000000000000348c       0xec /home/arian.dervisha/Documents/MCUXpresso_11.8.0_1165/workspace/mbed-os/Debug/libmbed-os.a(pinmap.o)
                0x000000000000348c                pin_mode
 .text          0x0000000000003578       0x30 /usr/local/mcuxpressoide-11.8.0_1165/ide/plugins/com.nxp.mcuxpresso.tools.linux_11.8.0.202306131047/tools/bin/../lib/gcc/arm-none-eabi/12.2.1/thumb/v7-m/nofp/libgcc.a(_aeabi_uldivmod.o)
                0x0000000000003578                __aeabi_uldivmod
 .text.__udivmoddi4
                0x00000000000035a8      0x2c0 /usr/local/mcuxpressoide-11.8.0_1165/ide/plugins/com.nxp.mcuxpresso.tools.linux_11.8.0.202306131047/tools/bin/../lib/gcc/arm-none-eabi/12.2.1/thumb/v7-m/nofp/libgcc.a(_udivmoddi4.o)
                0x00000000000035a8                __udivmoddi4
 .text          0x0000000000003868        0x4 /usr/local/mcuxpressoide-11.8.0_1165/ide/plugins/com.nxp.mcuxpresso.tools.linux_11.8.0.202306131047/tools/bin/../lib/gcc/arm-none-eabi/12.2.1/thumb/v7-m/nofp/libgcc.a(_dvmd_tls.o)
                0x0000000000003868                __aeabi_ldiv0
                0x0000000000003868                __aeabi_idiv0
 .text.gpio_write
                0x000000000000386c       0x48 ./src/labo3.o
 .text._ZN4mbed10DigitalOutC2E7PinName
                0x00000000000038b4       0x2e ./src/labo3.o
                0x00000000000038b4                mbed::DigitalOut::DigitalOut(PinName)
                0x00000000000038b4                mbed::DigitalOut::DigitalOut(PinName)
 .text._ZN4mbed10DigitalOut5writeEi
                0x00000000000038e2       0x1a ./src/labo3.o
                0x00000000000038e2                mbed::DigitalOut::write(int)
 .text._ZN4mbed10DigitalOutaSEi
                0x00000000000038fc       0x1a ./src/labo3.o
                0x00000000000038fc                mbed::DigitalOut::operator=(int)
 *fill*         0x0000000000003916        0x2 
 .text._Z9exercice1v
                0x0000000000003918       0x20 ./src/labo3.o
                0x0000000000003918                exercice1()
 .text.main     0x0000000000003938       0x24 ./src/labo3.o
                0x0000000000003938                main
 .text._Z41__static_initialization_and_destruction_0ii
                0x000000000000395c       0x40 ./src/labo3.o
 .text._GLOBAL__sub_I_myledRed
                0x000000000000399c        0xe ./src/labo3.o
 *fill*         0x00000000000039aa        0x2 
 .text.__sread  0x00000000000039ac       0x24 /usr/local/mcuxpressoide-11.8.0_1165/ide/plugins/com.nxp.mcuxpresso.tools.linux_11.8.0.202306131047/tools/bin/../lib/gcc/arm-none-eabi/12.2.1/../../../../arm-none-eabi/lib/thumb/v7-m/nofp/libc.a(libc_a-stdio.o)
                0x00000000000039ac                __sread
 .text.__swrite
                0x00000000000039d0       0x40 /usr/local/mcuxpressoide-11.8.0_1165/ide/plugins/com.nxp.mcuxpresso.tools.linux_11.8.0.202306131047/tools/bin/../lib/gcc/arm-none-eabi/12.2.1/../../../../arm-none-eabi/lib/thumb/v7-m/nofp/libc.a(libc_a-stdio.o)
                0x00000000000039d0                __swrite
 .text.__sseek  0x0000000000003a10       0x24 /usr/local/mcuxpressoide-11.8.0_1165/ide/plugins/com.nxp.mcuxpresso.tools.linux_11.8.0.202306131047/tools/bin/../lib/gcc/arm-none-eabi/12.2.1/../../../../arm-none-eabi/lib/thumb/v7-m/nofp/libc.a(libc_a-stdio.o)
                0x0000000000003a10                __sseek
 .text.__sclose
                0x0000000000003a34        0x8 /usr/local/mcuxpressoide-11.8.0_1165/ide/plugins/com.nxp.mcuxpresso.tools.linux_11.8.0.202306131047/tools/bin/../lib/gcc/arm-none-eabi/12.2.1/../../../../arm-none-eabi/lib/thumb/v7-m/nofp/libc.a(libc_a-stdio.o)
                0x0000000000003a34                __sclose
 .text._write_r
                0x0000000000003a3c       0x2c /usr/local/mcuxpressoide-11.8.0_1165/ide/plugins/com.nxp.mcuxpresso.tools.linux_11.8.0.202306131047/tools/bin/../lib/gcc/arm-none-eabi/12.2.1/../../../../arm-none-eabi/lib/thumb/v7-m/nofp/libc.a(libc_a-writer.o)
                0x0000000000003a3c                _write_r
 .text.__errno  0x0000000000003a68        0xc /usr/local/mcuxpressoide-11.8.0_1165/ide/plugins/com.nxp.mcuxpresso.tools.linux_11.8.0.202306131047/tools/bin/../lib/gcc/arm-none-eabi/12.2.1/../../../../arm-none-eabi/lib/thumb/v7-m/nofp/libc.a(libc_a-errno.o)
                0x0000000000003a68                __errno
 .text.vsnprintf
                0x0000000000003a74       0x6c /usr/local/mcuxpressoide-11.8.0_1165/ide/plugins/com.nxp.mcuxpresso.tools.linux_11.8.0.202306131047/tools/bin/../lib/gcc/arm-none-eabi/12.2.1/../../../../arm-none-eabi/lib/thumb/v7-m/nofp/libc.a(libc_a-vsnprintf.o)
                0x0000000000003a74                vsnprintf
 .text.free     0x0000000000003ae0       0x10 /usr/local/mcuxpressoide-11.8.0_1165/ide/plugins/com.nxp.mcuxpresso.tools.linux_11.8.0.202306131047/tools/bin/../lib/gcc/arm-none-eabi/12.2.1/../../../../arm-none-eabi/lib/thumb/v7-m/nofp/libc.a(libc_a-malloc.o)
                0x0000000000003ae0                free
 .text.abs      0x0000000000003af0        0x8 /usr/local/mcuxpressoide-11.8.0_1165/ide/plugins/com.nxp.mcuxpresso.tools.linux_11.8.0.202306131047/tools/bin/../lib/gcc/arm-none-eabi/12.2.1/../../../../arm-none-eabi/lib/thumb/v7-m/nofp/libc.a(libc_a-abs.o)
                0x0000000000003af0                abs
 .text.memset   0x0000000000003af8       0xa0 /usr/local/mcuxpressoide-11.8.0_1165/ide/plugins/com.nxp.mcuxpresso.tools.linux_11.8.0.202306131047/tools/bin/../lib/gcc/arm-none-eabi/12.2.1/../../../../arm-none-eabi/lib/thumb/v7-m/nofp/libc.a(libc_a-memset.o)
                0x0000000000003af8                memset
 .text.__libc_init_array
                0x0000000000003b98       0x50 /usr/local/mcuxpressoide-11.8.0_1165/ide/plugins/com.nxp.mcuxpresso.tools.linux_11.8.0.202306131047/tools/bin/../lib/gcc/arm-none-eabi/12.2.1/../../../../arm-none-eabi/lib/thumb/v7-m/nofp/libc.a(libc_a-init.o)
                0x0000000000003b98                __libc_init_array
 .text.__retarget_lock_init_recursive
                0x0000000000003be8        0x4 /usr/local/mcuxpressoide-11.8.0_1165/ide/plugins/com.nxp.mcuxpresso.tools.linux_11.8.0.202306131047/tools/bin/../lib/gcc/arm-none-eabi/12.2.1/../../../../arm-none-eabi/lib/thumb/v7-m/nofp/libc.a(libc_a-lock.o)
                0x0000000000003be8                __retarget_lock_init_recursive
 .text.__retarget_lock_close_recursive
                0x0000000000003bec        0x4 /usr/local/mcuxpressoide-11.8.0_1165/ide/plugins/com.nxp.mcuxpresso.tools.linux_11.8.0.202306131047/tools/bin/../lib/gcc/arm-none-eabi/12.2.1/../../../../arm-none-eabi/lib/thumb/v7-m/nofp/libc.a(libc_a-lock.o)
                0x0000000000003bec                __retarget_lock_close_recursive
 .text.__retarget_lock_acquire_recursive
                0x0000000000003bf0        0x4 /usr/local/mcuxpressoide-11.8.0_1165/ide/plugins/com.nxp.mcuxpresso.tools.linux_11.8.0.202306131047/tools/bin/../lib/gcc/arm-none-eabi/12.2.1/../../../../arm-none-eabi/lib/thumb/v7-m/nofp/libc.a(libc_a-lock.o)
                0x0000000000003bf0                __retarget_lock_acquire_recursive
 .text.__retarget_lock_release_recursive
                0x0000000000003bf4        0x4 /usr/local/mcuxpressoide-11.8.0_1165/ide/plugins/com.nxp.mcuxpresso.tools.linux_11.8.0.202306131047/tools/bin/../lib/gcc/arm-none-eabi/12.2.1/../../../../arm-none-eabi/lib/thumb/v7-m/nofp/libc.a(libc_a-lock.o)
                0x0000000000003bf4                __retarget_lock_release_recursive
 .text.__locale_mb_cur_max
                0x0000000000003bf8        0xc /usr/local/mcuxpressoide-11.8.0_1165/ide/plugins/com.nxp.mcuxpresso.tools.linux_11.8.0.202306131047/tools/bin/../lib/gcc/arm-none-eabi/12.2.1/../../../../arm-none-eabi/lib/thumb/v7-m/nofp/libc.a(libc_a-locale.o)
                0x0000000000003bf8                __locale_mb_cur_max
 .text._localeconv_r
                0x0000000000003c04        0x8 /usr/local/mcuxpressoide-11.8.0_1165/ide/plugins/com.nxp.mcuxpresso.tools.linux_11.8.0.202306131047/tools/bin/../lib/gcc/arm-none-eabi/12.2.1/../../../../arm-none-eabi/lib/thumb/v7-m/nofp/libc.a(libc_a-localeconv.o)
                0x0000000000003c04                _localeconv_r
 .text.printf   0x0000000000003c0c       0x28 /usr/local/mcuxpressoide-11.8.0_1165/ide/plugins/com.nxp.mcuxpresso.tools.linux_11.8.0.202306131047/tools/bin/../lib/gcc/arm-none-eabi/12.2.1/../../../../arm-none-eabi/lib/thumb/v7-m/nofp/libc.a(libc_a-printf.o)
                0x0000000000003c0c                printf
 .text._close_r
                0x0000000000003c34       0x24 /usr/local/mcuxpressoide-11.8.0_1165/ide/plugins/com.nxp.mcuxpresso.tools.linux_11.8.0.202306131047/tools/bin/../lib/gcc/arm-none-eabi/12.2.1/../../../../arm-none-eabi/lib/thumb/v7-m/nofp/libc.a(libc_a-closer.o)
                0x0000000000003c34                _close_r
 .text.__sflush_r
                0x0000000000003c58      0x128 /usr/local/mcuxpressoide-11.8.0_1165/ide/plugins/com.nxp.mcuxpresso.tools.linux_11.8.0.202306131047/tools/bin/../lib/gcc/arm-none-eabi/12.2.1/../../../../arm-none-eabi/lib/thumb/v7-m/nofp/libc.a(libc_a-fflush.o)
                0x0000000000003c58                __sflush_r
 .text._fflush_r
                0x0000000000003d80       0x54 /usr/local/mcuxpressoide-11.8.0_1165/ide/plugins/com.nxp.mcuxpresso.tools.linux_11.8.0.202306131047/tools/bin/../lib/gcc/arm-none-eabi/12.2.1/../../../../arm-none-eabi/lib/thumb/v7-m/nofp/libc.a(libc_a-fflush.o)
                0x0000000000003d80                _fflush_r
 .text.fflush   0x0000000000003dd4       0x74 /usr/local/mcuxpressoide-11.8.0_1165/ide/plugins/com.nxp.mcuxpresso.tools.linux_11.8.0.202306131047/tools/bin/../lib/gcc/arm-none-eabi/12.2.1/../../../../arm-none-eabi/lib/thumb/v7-m/nofp/libc.a(libc_a-fflush.o)
                0x0000000000003dd4                fflush
 .text.stdio_exit_handler
                0x0000000000003e48       0x18 /usr/local/mcuxpressoide-11.8.0_1165/ide/plugins/com.nxp.mcuxpresso.tools.linux_11.8.0.202306131047/tools/bin/../lib/gcc/arm-none-eabi/12.2.1/../../../../arm-none-eabi/lib/thumb/v7-m/nofp/libc.a(libc_a-findfp.o)
 .text.cleanup_stdio
                0x0000000000003e60       0x40 /usr/local/mcuxpressoide-11.8.0_1165/ide/plugins/com.nxp.mcuxpresso.tools.linux_11.8.0.202306131047/tools/bin/../lib/gcc/arm-none-eabi/12.2.1/../../../../arm-none-eabi/lib/thumb/v7-m/nofp/libc.a(libc_a-findfp.o)
 .text.global_stdio_init.part.0
                0x0000000000003ea0       0xf0 /usr/local/mcuxpressoide-11.8.0_1165/ide/plugins/com.nxp.mcuxpresso.tools.linux_11.8.0.202306131047/tools/bin/../lib/gcc/arm-none-eabi/12.2.1/../../../../arm-none-eabi/lib/thumb/v7-m/nofp/libc.a(libc_a-findfp.o)
 .text.__sinit  0x0000000000003f90       0x3c /usr/local/mcuxpressoide-11.8.0_1165/ide/plugins/com.nxp.mcuxpresso.tools.linux_11.8.0.202306131047/tools/bin/../lib/gcc/arm-none-eabi/12.2.1/../../../../arm-none-eabi/lib/thumb/v7-m/nofp/libc.a(libc_a-findfp.o)
                0x0000000000003f90                __sinit
 .text.__sfp_lock_acquire
                0x0000000000003fcc        0xc /usr/local/mcuxpressoide-11.8.0_1165/ide/plugins/com.nxp.mcuxpresso.tools.linux_11.8.0.202306131047/tools/bin/../lib/gcc/arm-none-eabi/12.2.1/../../../../arm-none-eabi/lib/thumb/v7-m/nofp/libc.a(libc_a-findfp.o)
                0x0000000000003fcc                __sfp_lock_acquire
 .text.__sfp_lock_release
                0x0000000000003fd8        0xc /usr/local/mcuxpressoide-11.8.0_1165/ide/plugins/com.nxp.mcuxpresso.tools.linux_11.8.0.202306131047/tools/bin/../lib/gcc/arm-none-eabi/12.2.1/../../../../arm-none-eabi/lib/thumb/v7-m/nofp/libc.a(libc_a-findfp.o)
                0x0000000000003fd8                __sfp_lock_release
 .text          0x0000000000003fe4       0xec /usr/local/mcuxpressoide-11.8.0_1165/ide/plugins/com.nxp.mcuxpresso.tools.linux_11.8.0.202306131047/tools/bin/../lib/gcc/arm-none-eabi/12.2.1/../../../../arm-none-eabi/lib/thumb/v7-m/nofp/libc.a(libc_a-memcpy.o)
                0x0000000000003fe4                memcpy
 .text.strlen   0x00000000000040d0       0x5c /usr/local/mcuxpressoide-11.8.0_1165/ide/plugins/com.nxp.mcuxpresso.tools.linux_11.8.0.202306131047/tools/bin/../lib/gcc/arm-none-eabi/12.2.1/../../../../arm-none-eabi/lib/thumb/v7-m/nofp/libc.a(libc_a-strlen-stub.o)
                0x00000000000040d0                strlen
 .text.strncpy  0x000000000000412c       0x6c /usr/local/mcuxpressoide-11.8.0_1165/ide/plugins/com.nxp.mcuxpresso.tools.linux_11.8.0.202306131047/tools/bin/../lib/gcc/arm-none-eabi/12.2.1/../../../../arm-none-eabi/lib/thumb/v7-m/nofp/libc.a(libc_a-strncpy.o)
                0x000000000000412c                strncpy
 .text._fstat_r
                0x0000000000004198       0x28 /usr/local/mcuxpressoide-11.8.0_1165/ide/plugins/com.nxp.mcuxpresso.tools.linux_11.8.0.202306131047/tools/bin/../lib/gcc/arm-none-eabi/12.2.1/../../../../arm-none-eabi/lib/thumb/v7-m/nofp/libc.a(libc_a-fstatr.o)
                0x0000000000004198                _fstat_r
 .text._lseek_r
                0x00000000000041c0       0x2c /usr/local/mcuxpressoide-11.8.0_1165/ide/plugins/com.nxp.mcuxpresso.tools.linux_11.8.0.202306131047/tools/bin/../lib/gcc/arm-none-eabi/12.2.1/../../../../arm-none-eabi/lib/thumb/v7-m/nofp/libc.a(libc_a-lseekr.o)
                0x00000000000041c0                _lseek_r
 .text._read_r  0x00000000000041ec       0x2c /usr/local/mcuxpressoide-11.8.0_1165/ide/plugins/com.nxp.mcuxpresso.tools.linux_11.8.0.202306131047/tools/bin/../lib/gcc/arm-none-eabi/12.2.1/../../../../arm-none-eabi/lib/thumb/v7-m/nofp/libc.a(libc_a-readr.o)
                0x00000000000041ec                _read_r
 .text.__ascii_wctomb
                0x0000000000004218       0x1c /usr/local/mcuxpressoide-11.8.0_1165/ide/plugins/com.nxp.mcuxpresso.tools.linux_11.8.0.202306131047/tools/bin/../lib/gcc/arm-none-eabi/12.2.1/../../../../arm-none-eabi/lib/thumb/v7-m/nofp/libc.a(libc_a-wctomb_r.o)
                0x0000000000004218                __ascii_wctomb
 .text._fwalk_sglue
                0x0000000000004234       0x44 /usr/local/mcuxpressoide-11.8.0_1165/ide/plugins/com.nxp.mcuxpresso.tools.linux_11.8.0.202306131047/tools/bin/../lib/gcc/arm-none-eabi/12.2.1/../../../../arm-none-eabi/lib/thumb/v7-m/nofp/libc.a(libc_a-fwalk.o)
                0x0000000000004234                _fwalk_sglue
 .text._svfprintf_r
                0x0000000000004278     0x1c94 /usr/local/mcuxpressoide-11.8.0_1165/ide/plugins/com.nxp.mcuxpresso.tools.linux_11.8.0.202306131047/tools/bin/../lib/gcc/arm-none-eabi/12.2.1/../../../../arm-none-eabi/lib/thumb/v7-m/nofp/libc.a(libc_a-svfprintf.o)
                0x0000000000004278                _svfprintf_r
 .text._vfprintf_r
                0x0000000000005f0c     0x1d58 /usr/local/mcuxpressoide-11.8.0_1165/ide/plugins/com.nxp.mcuxpresso.tools.linux_11.8.0.202306131047/tools/bin/../lib/gcc/arm-none-eabi/12.2.1/../../../../arm-none-eabi/lib/thumb/v7-m/nofp/libc.a(libc_a-vfprintf.o)
                0x0000000000005f0c                _vfprintf_r
 .text.__sbprintf
                0x0000000000007c64       0x80 /usr/local/mcuxpressoide-11.8.0_1165/ide/plugins/com.nxp.mcuxpresso.tools.linux_11.8.0.202306131047/tools/bin/../lib/gcc/arm-none-eabi/12.2.1/../../../../arm-none-eabi/lib/thumb/v7-m/nofp/libc.a(libc_a-vfprintf.o)
 .text.__sprint_r.part.0
                0x0000000000007ce4       0x78 /usr/local/mcuxpressoide-11.8.0_1165/ide/plugins/com.nxp.mcuxpresso.tools.linux_11.8.0.202306131047/tools/bin/../lib/gcc/arm-none-eabi/12.2.1/../../../../arm-none-eabi/lib/thumb/v7-m/nofp/libc.a(libc_a-vfiprintf.o)
 .text.__sprint_r
                0x0000000000007d5c       0x14 /usr/local/mcuxpressoide-11.8.0_1165/ide/plugins/com.nxp.mcuxpresso.tools.linux_11.8.0.202306131047/tools/bin/../lib/gcc/arm-none-eabi/12.2.1/../../../../arm-none-eabi/lib/thumb/v7-m/nofp/libc.a(libc_a-vfiprintf.o)
                0x0000000000007d5c                __sprint_r
 .text._vfiprintf_r
                0x0000000000007d70      0xffc /usr/local/mcuxpressoide-11.8.0_1165/ide/plugins/com.nxp.mcuxpresso.tools.linux_11.8.0.202306131047/tools/bin/../lib/gcc/arm-none-eabi/12.2.1/../../../../arm-none-eabi/lib/thumb/v7-m/nofp/libc.a(libc_a-vfiprintf.o)
                0x0000000000007d70                _vfiprintf_r
 .text.__sbprintf
                0x0000000000008d6c       0x80 /usr/local/mcuxpressoide-11.8.0_1165/ide/plugins/com.nxp.mcuxpresso.tools.linux_11.8.0.202306131047/tools/bin/../lib/gcc/arm-none-eabi/12.2.1/../../../../arm-none-eabi/lib/thumb/v7-m/nofp/libc.a(libc_a-vfiprintf.o)
 .text.__ascii_mbtowc
                0x0000000000008dec       0x2c /usr/local/mcuxpressoide-11.8.0_1165/ide/plugins/com.nxp.mcuxpresso.tools.linux_11.8.0.202306131047/tools/bin/../lib/gcc/arm-none-eabi/12.2.1/../../../../arm-none-eabi/lib/thumb/v7-m/nofp/libc.a(libc_a-mbtowc_r.o)
                0x0000000000008dec                __ascii_mbtowc
 .text.__assert_func
                0x0000000000008e18       0x40 /usr/local/mcuxpressoide-11.8.0_1165/ide/plugins/com.nxp.mcuxpresso.tools.linux_11.8.0.202306131047/tools/bin/../lib/gcc/arm-none-eabi/12.2.1/../../../../arm-none-eabi/lib/thumb/v7-m/nofp/libc.a(libc_a-assert.o)
                0x0000000000008e18                __assert_func
 .text._wcrtomb_r
                0x0000000000008e58       0x4c /usr/local/mcuxpressoide-11.8.0_1165/ide/plugins/com.nxp.mcuxpresso.tools.linux_11.8.0.202306131047/tools/bin/../lib/gcc/arm-none-eabi/12.2.1/../../../../arm-none-eabi/lib/thumb/v7-m/nofp/libc.a(libc_a-wcrtomb.o)
                0x0000000000008e58                _wcrtomb_r
 .text._fclose_r
                0x0000000000008ea4       0xc4 /usr/local/mcuxpressoide-11.8.0_1165/ide/plugins/com.nxp.mcuxpresso.tools.linux_11.8.0.202306131047/tools/bin/../lib/gcc/arm-none-eabi/12.2.1/../../../../arm-none-eabi/lib/thumb/v7-m/nofp/libc.a(libc_a-fclose.o)
                0x0000000000008ea4                _fclose_r
 .text.__swsetup_r
                0x0000000000008f68       0xc0 /usr/local/mcuxpressoide-11.8.0_1165/ide/plugins/com.nxp.mcuxpresso.tools.linux_11.8.0.202306131047/tools/bin/../lib/gcc/arm-none-eabi/12.2.1/../../../../arm-none-eabi/lib/thumb/v7-m/nofp/libc.a(libc_a-wsetup.o)
                0x0000000000008f68                __swsetup_r
 .text.__smakebuf_r
                0x0000000000009028       0xdc /usr/local/mcuxpressoide-11.8.0_1165/ide/plugins/com.nxp.mcuxpresso.tools.linux_11.8.0.202306131047/tools/bin/../lib/gcc/arm-none-eabi/12.2.1/../../../../arm-none-eabi/lib/thumb/v7-m/nofp/libc.a(libc_a-makebuf.o)
                0x0000000000009028                __smakebuf_r
 .text._Balloc  0x0000000000009104       0x4c /usr/local/mcuxpressoide-11.8.0_1165/ide/plugins/com.nxp.mcuxpresso.tools.linux_11.8.0.202306131047/tools/bin/../lib/gcc/arm-none-eabi/12.2.1/../../../../arm-none-eabi/lib/thumb/v7-m/nofp/libc.a(libc_a-mprec.o)
                0x0000000000009104                _Balloc
 .text._Bfree   0x0000000000009150       0x14 /usr/local/mcuxpressoide-11.8.0_1165/ide/plugins/com.nxp.mcuxpresso.tools.linux_11.8.0.202306131047/tools/bin/../lib/gcc/arm-none-eabi/12.2.1/../../../../arm-none-eabi/lib/thumb/v7-m/nofp/libc.a(libc_a-mprec.o)
                0x0000000000009150                _Bfree
 .text.__multadd
                0x0000000000009164       0xa4 /usr/local/mcuxpressoide-11.8.0_1165/ide/plugins/com.nxp.mcuxpresso.tools.linux_11.8.0.202306131047/tools/bin/../lib/gcc/arm-none-eabi/12.2.1/../../../../arm-none-eabi/lib/thumb/v7-m/nofp/libc.a(libc_a-mprec.o)
                0x0000000000009164                __multadd
 .text.__hi0bits
                0x0000000000009208       0x44 /usr/local/mcuxpressoide-11.8.0_1165/ide/plugins/com.nxp.mcuxpresso.tools.linux_11.8.0.202306131047/tools/bin/../lib/gcc/arm-none-eabi/12.2.1/../../../../arm-none-eabi/lib/thumb/v7-m/nofp/libc.a(libc_a-mprec.o)
                0x0000000000009208                __hi0bits
 .text.__lo0bits
                0x000000000000924c       0x5c /usr/local/mcuxpressoide-11.8.0_1165/ide/plugins/com.nxp.mcuxpresso.tools.linux_11.8.0.202306131047/tools/bin/../lib/gcc/arm-none-eabi/12.2.1/../../../../arm-none-eabi/lib/thumb/v7-m/nofp/libc.a(libc_a-mprec.o)
                0x000000000000924c                __lo0bits
 .text.__i2b    0x00000000000092a8       0x5c /usr/local/mcuxpressoide-11.8.0_1165/ide/plugins/com.nxp.mcuxpresso.tools.linux_11.8.0.202306131047/tools/bin/../lib/gcc/arm-none-eabi/12.2.1/../../../../arm-none-eabi/lib/thumb/v7-m/nofp/libc.a(libc_a-mprec.o)
                0x00000000000092a8                __i2b
 .text.__multiply
                0x0000000000009304      0x164 /usr/local/mcuxpressoide-11.8.0_1165/ide/plugins/com.nxp.mcuxpresso.tools.linux_11.8.0.202306131047/tools/bin/../lib/gcc/arm-none-eabi/12.2.1/../../../../arm-none-eabi/lib/thumb/v7-m/nofp/libc.a(libc_a-mprec.o)
                0x0000000000009304                __multiply
 .text.__pow5mult
                0x0000000000009468       0xb4 /usr/local/mcuxpressoide-11.8.0_1165/ide/plugins/com.nxp.mcuxpresso.tools.linux_11.8.0.202306131047/tools/bin/../lib/gcc/arm-none-eabi/12.2.1/../../../../arm-none-eabi/lib/thumb/v7-m/nofp/libc.a(libc_a-mprec.o)
                0x0000000000009468                __pow5mult
 .text.__lshift
                0x000000000000951c       0xec /usr/local/mcuxpressoide-11.8.0_1165/ide/plugins/com.nxp.mcuxpresso.tools.linux_11.8.0.202306131047/tools/bin/../lib/gcc/arm-none-eabi/12.2.1/../../../../arm-none-eabi/lib/thumb/v7-m/nofp/libc.a(libc_a-mprec.o)
                0x000000000000951c                __lshift
 .text.__mcmp   0x0000000000009608       0x40 /usr/local/mcuxpressoide-11.8.0_1165/ide/plugins/com.nxp.mcuxpresso.tools.linux_11.8.0.202306131047/tools/bin/../lib/gcc/arm-none-eabi/12.2.1/../../../../arm-none-eabi/lib/thumb/v7-m/nofp/libc.a(libc_a-mprec.o)
                0x0000000000009608                __mcmp
 .text.__mdiff  0x0000000000009648      0x160 /usr/local/mcuxpressoide-11.8.0_1165/ide/plugins/com.nxp.mcuxpresso.tools.linux_11.8.0.202306131047/tools/bin/../lib/gcc/arm-none-eabi/12.2.1/../../../../arm-none-eabi/lib/thumb/v7-m/nofp/libc.a(libc_a-mprec.o)
                0x0000000000009648                __mdiff
 .text.__d2b    0x00000000000097a8       0xbc /usr/local/mcuxpressoide-11.8.0_1165/ide/plugins/com.nxp.mcuxpresso.tools.linux_11.8.0.202306131047/tools/bin/../lib/gcc/arm-none-eabi/12.2.1/../../../../arm-none-eabi/lib/thumb/v7-m/nofp/libc.a(libc_a-mprec.o)
                0x00000000000097a8                __d2b
 .text._wcsrtombs_r
                0x0000000000009864       0x18 /usr/local/mcuxpressoide-11.8.0_1165/ide/plugins/com.nxp.mcuxpresso.tools.linux_11.8.0.202306131047/tools/bin/../lib/gcc/arm-none-eabi/12.2.1/../../../../arm-none-eabi/lib/thumb/v7-m/nofp/libc.a(libc_a-wcsrtombs.o)
                0x0000000000009864                _wcsrtombs_r
 .text.quorem   0x000000000000987c      0x13c /usr/local/mcuxpressoide-11.8.0_1165/ide/plugins/com.nxp.mcuxpresso.tools.linux_11.8.0.202306131047/tools/bin/../lib/gcc/arm-none-eabi/12.2.1/../../../../arm-none-eabi/lib/thumb/v7-m/nofp/libc.a(libc_a-dtoa.o)
 .text._dtoa_r  0x00000000000099b8      0xed0 /usr/local/mcuxpressoide-11.8.0_1165/ide/plugins/com.nxp.mcuxpresso.tools.linux_11.8.0.202306131047/tools/bin/../lib/gcc/arm-none-eabi/12.2.1/../../../../arm-none-eabi/lib/thumb/v7-m/nofp/libc.a(libc_a-dtoa.o)
                0x00000000000099b8                _dtoa_r
 .text.memchr   0x000000000000a888       0x98 /usr/local/mcuxpressoide-11.8.0_1165/ide/plugins/com.nxp.mcuxpresso.tools.linux_11.8.0.202306131047/tools/bin/../lib/gcc/arm-none-eabi/12.2.1/../../../../arm-none-eabi/lib/thumb/v7-m/nofp/libc.a(libc_a-memchr-stub.o)
                0x000000000000a888                memchr
 .text.frexp    0x000000000000a920       0x70 /usr/local/mcuxpressoide-11.8.0_1165/ide/plugins/com.nxp.mcuxpresso.tools.linux_11.8.0.202306131047/tools/bin/../lib/gcc/arm-none-eabi/12.2.1/../../../../arm-none-eabi/lib/thumb/v7-m/nofp/libc.a(libm_a-s_frexp.o)
                0x000000000000a920                frexp
 .text._isatty_r
                0x000000000000a990       0x24 /usr/local/mcuxpressoide-11.8.0_1165/ide/plugins/com.nxp.mcuxpresso.tools.linux_11.8.0.202306131047/tools/bin/../lib/gcc/arm-none-eabi/12.2.1/../../../../arm-none-eabi/lib/thumb/v7-m/nofp/libc.a(libc_a-isattyr.o)
                0x000000000000a990                _isatty_r
 .text.fiprintf
                0x000000000000a9b4       0x28 /usr/local/mcuxpressoide-11.8.0_1165/ide/plugins/com.nxp.mcuxpresso.tools.linux_11.8.0.202306131047/tools/bin/../lib/gcc/arm-none-eabi/12.2.1/../../../../arm-none-eabi/lib/thumb/v7-m/nofp/libc.a(libc_a-fiprintf.o)
                0x000000000000a9b4                fiprintf
 .text.__fputwc
                0x000000000000a9dc       0x7c /usr/local/mcuxpressoide-11.8.0_1165/ide/plugins/com.nxp.mcuxpresso.tools.linux_11.8.0.202306131047/tools/bin/../lib/gcc/arm-none-eabi/12.2.1/../../../../arm-none-eabi/lib/thumb/v7-m/nofp/libc.a(libc_a-fputwc.o)
                0x000000000000a9dc                __fputwc
 .text._fputwc_r
                0x000000000000aa58       0x64 /usr/local/mcuxpressoide-11.8.0_1165/ide/plugins/com.nxp.mcuxpresso.tools.linux_11.8.0.202306131047/tools/bin/../lib/gcc/arm-none-eabi/12.2.1/../../../../arm-none-eabi/lib/thumb/v7-m/nofp/libc.a(libc_a-fputwc.o)
                0x000000000000aa58                _fputwc_r
 .text.__sfvwrite_r
                0x000000000000aabc      0x2dc /usr/local/mcuxpressoide-11.8.0_1165/ide/plugins/com.nxp.mcuxpresso.tools.linux_11.8.0.202306131047/tools/bin/../lib/gcc/arm-none-eabi/12.2.1/../../../../arm-none-eabi/lib/thumb/v7-m/nofp/libc.a(libc_a-fvwrite.o)
                0x000000000000aabc                __sfvwrite_r
 .text.__ssprint_r
                0x000000000000ad98      0x100 /usr/local/mcuxpressoide-11.8.0_1165/ide/plugins/com.nxp.mcuxpresso.tools.linux_11.8.0.202306131047/tools/bin/../lib/gcc/arm-none-eabi/12.2.1/../../../../arm-none-eabi/lib/thumb/v7-m/nofp/libc.a(libc_a-svfiprintf.o)
                0x000000000000ad98                __ssprint_r
 .text.__swbuf_r
                0x000000000000ae98       0xac /usr/local/mcuxpressoide-11.8.0_1165/ide/plugins/com.nxp.mcuxpresso.tools.linux_11.8.0.202306131047/tools/bin/../lib/gcc/arm-none-eabi/12.2.1/../../../../arm-none-eabi/lib/thumb/v7-m/nofp/libc.a(libc_a-wbuf.o)
                0x000000000000ae98                __swbuf_r
 .text.abort    0x000000000000af44       0x10 /usr/local/mcuxpressoide-11.8.0_1165/ide/plugins/com.nxp.mcuxpresso.tools.linux_11.8.0.202306131047/tools/bin/../lib/gcc/arm-none-eabi/12.2.1/../../../../arm-none-eabi/lib/thumb/v7-m/nofp/libc.a(libc_a-abort.o)
                0x000000000000af44                abort
 .text.memmove  0x000000000000af54       0xfc /usr/local/mcuxpressoide-11.8.0_1165/ide/plugins/com.nxp.mcuxpresso.tools.linux_11.8.0.202306131047/tools/bin/../lib/gcc/arm-none-eabi/12.2.1/../../../../arm-none-eabi/lib/thumb/v7-m/nofp/libc.a(libc_a-memmove.o)
                0x000000000000af54                memmove
 .text._wcsnrtombs_l
                0x000000000000b050       0xec /usr/local/mcuxpressoide-11.8.0_1165/ide/plugins/com.nxp.mcuxpresso.tools.linux_11.8.0.202306131047/tools/bin/../lib/gcc/arm-none-eabi/12.2.1/../../../../arm-none-eabi/lib/thumb/v7-m/nofp/libc.a(libc_a-wcsnrtombs.o)
                0x000000000000b050                _wcsnrtombs_l
 .text._wcsnrtombs_r
                0x000000000000b13c       0x24 /usr/local/mcuxpressoide-11.8.0_1165/ide/plugins/com.nxp.mcuxpresso.tools.linux_11.8.0.202306131047/tools/bin/../lib/gcc/arm-none-eabi/12.2.1/../../../../arm-none-eabi/lib/thumb/v7-m/nofp/libc.a(libc_a-wcsnrtombs.o)
                0x000000000000b13c                _wcsnrtombs_r
 .text.raise    0x000000000000b160       0x58 /usr/local/mcuxpressoide-11.8.0_1165/ide/plugins/com.nxp.mcuxpresso.tools.linux_11.8.0.202306131047/tools/bin/../lib/gcc/arm-none-eabi/12.2.1/../../../../arm-none-eabi/lib/thumb/v7-m/nofp/libc.a(libc_a-signal.o)
                0x000000000000b160                raise
 .text._kill_r  0x000000000000b1b8       0x28 /usr/local/mcuxpressoide-11.8.0_1165/ide/plugins/com.nxp.mcuxpresso.tools.linux_11.8.0.202306131047/tools/bin/../lib/gcc/arm-none-eabi/12.2.1/../../../../arm-none-eabi/lib/thumb/v7-m/nofp/libc.a(libc_a-signalr.o)
                0x000000000000b1b8                _kill_r
 .text._getpid_r
                0x000000000000b1e0        0x4 /usr/local/mcuxpressoide-11.8.0_1165/ide/plugins/com.nxp.mcuxpresso.tools.linux_11.8.0.202306131047/tools/bin/../lib/gcc/arm-none-eabi/12.2.1/../../../../arm-none-eabi/lib/thumb/v7-m/nofp/libc.a(libc_a-signalr.o)
                0x000000000000b1e0                _getpid_r
 .text          0x000000000000b1e4      0x378 /usr/local/mcuxpressoide-11.8.0_1165/ide/plugins/com.nxp.mcuxpresso.tools.linux_11.8.0.202306131047/tools/bin/../lib/gcc/arm-none-eabi/12.2.1/thumb/v7-m/nofp/libgcc.a(_arm_addsubdf3.o)
                0x000000000000b1e4                __aeabi_drsub
                0x000000000000b1ec                __aeabi_dsub
                0x000000000000b1ec                __subdf3
                0x000000000000b1f0                __adddf3
                0x000000000000b1f0                __aeabi_dadd
                0x000000000000b468                __aeabi_ui2d
                0x000000000000b468                __floatunsidf
                0x000000000000b488                __floatsidf
                0x000000000000b488                __aeabi_i2d
                0x000000000000b4ac                __extendsfdf2
                0x000000000000b4ac                __aeabi_f2d
                0x000000000000b4f0                __aeabi_ul2d
                0x000000000000b4f0                __floatundidf
                0x000000000000b500                __floatdidf
                0x000000000000b500                __aeabi_l2d
 .text          0x000000000000b55c      0x424 /usr/local/mcuxpressoide-11.8.0_1165/ide/plugins/com.nxp.mcuxpresso.tools.linux_11.8.0.202306131047/tools/bin/../lib/gcc/arm-none-eabi/12.2.1/thumb/v7-m/nofp/libgcc.a(_arm_muldivdf3.o)
                0x000000000000b55c                __aeabi_dmul
                0x000000000000b55c                __muldf3
                0x000000000000b7b0                __aeabi_ddiv
                0x000000000000b7b0                __divdf3
 .text          0x000000000000b980      0x110 /usr/local/mcuxpressoide-11.8.0_1165/ide/plugins/com.nxp.mcuxpresso.tools.linux_11.8.0.202306131047/tools/bin/../lib/gcc/arm-none-eabi/12.2.1/thumb/v7-m/nofp/libgcc.a(_arm_cmpdf2.o)
                0x000000000000b980                __gtdf2
                0x000000000000b980                __gedf2
                0x000000000000b988                __ltdf2
                0x000000000000b988                __ledf2
                0x000000000000b990                __cmpdf2
                0x000000000000b990                __eqdf2
                0x000000000000b990                __nedf2
                0x000000000000ba0c                __aeabi_cdrcmple
                0x000000000000ba1c                __aeabi_cdcmple
                0x000000000000ba1c                __aeabi_cdcmpeq
                0x000000000000ba2c                __aeabi_dcmpeq
                0x000000000000ba40                __aeabi_dcmplt
                0x000000000000ba54                __aeabi_dcmple
                0x000000000000ba68                __aeabi_dcmpge
                0x000000000000ba7c                __aeabi_dcmpgt
 .text          0x000000000000ba90       0x2c /usr/local/mcuxpressoide-11.8.0_1165/ide/plugins/com.nxp.mcuxpresso.tools.linux_11.8.0.202306131047/tools/bin/../lib/gcc/arm-none-eabi/12.2.1/thumb/v7-m/nofp/libgcc.a(_arm_unorddf2.o)
                0x000000000000ba90                __aeabi_dcmpun
                0x000000000000ba90                __unorddf2
 .text          0x000000000000babc       0x50 /usr/local/mcuxpressoide-11.8.0_1165/ide/plugins/com.nxp.mcuxpresso.tools.linux_11.8.0.202306131047/tools/bin/../lib/gcc/arm-none-eabi/12.2.1/thumb/v7-m/nofp/libgcc.a(_arm_fixdfsi.o)
                0x000000000000babc                __fixdfsi
                0x000000000000babc                __aeabi_d2iz
 .text._getpid  0x000000000000bb0c       0x10 /usr/local/mcuxpressoide-11.8.0_1165/ide/plugins/com.nxp.mcuxpresso.tools.linux_11.8.0.202306131047/tools/bin/../lib/gcc/arm-none-eabi/12.2.1/../../../../arm-none-eabi/lib/thumb/v7-m/nofp/libnosys.a(getpid.o)
                0x000000000000bb0c                _getpid
 .text._kill    0x000000000000bb1c       0x10 /usr/local/mcuxpressoide-11.8.0_1165/ide/plugins/com.nxp.mcuxpresso.tools.linux_11.8.0.202306131047/tools/bin/../lib/gcc/arm-none-eabi/12.2.1/../../../../arm-none-eabi/lib/thumb/v7-m/nofp/libnosys.a(kill.o)
                0x000000000000bb1c                _kill
 .text.__wrap__malloc_r
                0x000000000000bb2c       0x1e /home/arian.dervisha/Documents/MCUXpresso_11.8.0_1165/workspace/mbed-os/Debug/libmbed-os.a(mbed_alloc_wrappers.o)
                0x000000000000bb2c                __wrap__malloc_r
 .text.malloc_wrapper
                0x000000000000bb4a       0x22 /home/arian.dervisha/Documents/MCUXpresso_11.8.0_1165/workspace/mbed-os/Debug/libmbed-os.a(mbed_alloc_wrappers.o)
                0x000000000000bb4a                malloc_wrapper
 .text.__wrap__realloc_r
                0x000000000000bb6c       0x24 /home/arian.dervisha/Documents/MCUXpresso_11.8.0_1165/workspace/mbed-os/Debug/libmbed-os.a(mbed_alloc_wrappers.o)
                0x000000000000bb6c                __wrap__realloc_r
 .text.__wrap__free_r
                0x000000000000bb90       0x1c /home/arian.dervisha/Documents/MCUXpresso_11.8.0_1165/workspace/mbed-os/Debug/libmbed-os.a(mbed_alloc_wrappers.o)
                0x000000000000bb90                __wrap__free_r
 .text.free_wrapper
                0x000000000000bbac       0x1a /home/arian.dervisha/Documents/MCUXpresso_11.8.0_1165/workspace/mbed-os/Debug/libmbed-os.a(mbed_alloc_wrappers.o)
                0x000000000000bbac                free_wrapper
 .text.__wrap__calloc_r
                0x000000000000bbc6       0x24 /home/arian.dervisha/Documents/MCUXpresso_11.8.0_1165/workspace/mbed-os/Debug/libmbed-os.a(mbed_alloc_wrappers.o)
                0x000000000000bbc6                __wrap__calloc_r
 *fill*         0x000000000000bbea        0x2 
 .text._realloc_r
                0x000000000000bbec      0x358 /usr/local/mcuxpressoide-11.8.0_1165/ide/plugins/com.nxp.mcuxpresso.tools.linux_11.8.0.202306131047/tools/bin/../lib/gcc/arm-none-eabi/12.2.1/../../../../arm-none-eabi/lib/thumb/v7-m/nofp/libc.a(libc_a-reallocr.o)
                0x000000000000bbec                _realloc_r
 .text._malloc_trim_r
                0x000000000000bf44       0xb8 /usr/local/mcuxpressoide-11.8.0_1165/ide/plugins/com.nxp.mcuxpresso.tools.linux_11.8.0.202306131047/tools/bin/../lib/gcc/arm-none-eabi/12.2.1/../../../../arm-none-eabi/lib/thumb/v7-m/nofp/libc.a(libc_a-freer.o)
                0x000000000000bf44                _malloc_trim_r
 .text._free_r  0x000000000000bffc      0x1f8 /usr/local/mcuxpressoide-11.8.0_1165/ide/plugins/com.nxp.mcuxpresso.tools.linux_11.8.0.202306131047/tools/bin/../lib/gcc/arm-none-eabi/12.2.1/../../../../arm-none-eabi/lib/thumb/v7-m/nofp/libc.a(libc_a-freer.o)
                0x000000000000bffc                _free_r
 .text._sbrk_r  0x000000000000c1f4       0x24 /usr/local/mcuxpressoide-11.8.0_1165/ide/plugins/com.nxp.mcuxpresso.tools.linux_11.8.0.202306131047/tools/bin/../lib/gcc/arm-none-eabi/12.2.1/../../../../arm-none-eabi/lib/thumb/v7-m/nofp/libc.a(libc_a-sbrkr.o)
                0x000000000000c1f4                _sbrk_r
 .text._malloc_r
                0x000000000000c218      0x568 /usr/local/mcuxpressoide-11.8.0_1165/ide/plugins/com.nxp.mcuxpresso.tools.linux_11.8.0.202306131047/tools/bin/../lib/gcc/arm-none-eabi/12.2.1/../../../../arm-none-eabi/lib/thumb/v7-m/nofp/libc.a(libc_a-mallocr.o)
                0x000000000000c218                _malloc_r
 .text.sysconf  0x000000000000c780       0x1c /usr/local/mcuxpressoide-11.8.0_1165/ide/plugins/com.nxp.mcuxpresso.tools.linux_11.8.0.202306131047/tools/bin/../lib/gcc/arm-none-eabi/12.2.1/../../../../arm-none-eabi/lib/thumb/v7-m/nofp/libc.a(libc_a-sysconf.o)
                0x000000000000c780                sysconf
 .text._calloc_r
                0x000000000000c79c       0x6c /usr/local/mcuxpressoide-11.8.0_1165/ide/plugins/com.nxp.mcuxpresso.tools.linux_11.8.0.202306131047/tools/bin/../lib/gcc/arm-none-eabi/12.2.1/../../../../arm-none-eabi/lib/thumb/v7-m/nofp/libc.a(libc_a-callocr.o)
                0x000000000000c79c                _calloc_r
 *(.init)
 .init          0x000000000000c808        0x4 /usr/local/mcuxpressoide-11.8.0_1165/ide/plugins/com.nxp.mcuxpresso.tools.linux_11.8.0.202306131047/tools/bin/../lib/gcc/arm-none-eabi/12.2.1/thumb/v7-m/nofp/crti.o
                0x000000000000c808                _init
 .init          0x000000000000c80c        0x8 /usr/local/mcuxpressoide-11.8.0_1165/ide/plugins/com.nxp.mcuxpresso.tools.linux_11.8.0.202306131047/tools/bin/../lib/gcc/arm-none-eabi/12.2.1/thumb/v7-m/nofp/crtn.o
 *(.fini)
 .fini          0x000000000000c814        0x4 /usr/local/mcuxpressoide-11.8.0_1165/ide/plugins/com.nxp.mcuxpresso.tools.linux_11.8.0.202306131047/tools/bin/../lib/gcc/arm-none-eabi/12.2.1/thumb/v7-m/nofp/crti.o
                0x000000000000c814                _fini
 .fini          0x000000000000c818        0x8 /usr/local/mcuxpressoide-11.8.0_1165/ide/plugins/com.nxp.mcuxpresso.tools.linux_11.8.0.202306131047/tools/bin/../lib/gcc/arm-none-eabi/12.2.1/thumb/v7-m/nofp/crtn.o
 *crtbegin.o(.ctors)
 *crtbegin?.o(.ctors)
 *(EXCLUDE_FILE(*crtend.o *crtend?.o) .ctors)
 *(SORT_BY_NAME(.ctors.*))
 *(.ctors)
 *crtbegin.o(.dtors)
 *crtbegin?.o(.dtors)
 *(EXCLUDE_FILE(*crtend.o *crtend?.o) .dtors)
 *(SORT_BY_NAME(.dtors.*))
 *(.dtors)
 *(.rodata*)
 .rodata._write.str1.4
                0x000000000000c820        0x2 /home/arian.dervisha/Documents/MCUXpresso_11.8.0_1165/workspace/mbed-os/Debug/libmbed-os.a(mbed_retarget.o)
 *fill*         0x000000000000c822        0x2 
 .rodata.__cxa_guard_acquire.str1.4
                0x000000000000c824       0x3a /home/arian.dervisha/Documents/MCUXpresso_11.8.0_1165/workspace/mbed-os/Debug/libmbed-os.a(mbed_retarget.o)
 *fill*         0x000000000000c85e        0x2 
 .rodata.__cxa_guard_release.str1.4
                0x000000000000c860       0x3f /home/arian.dervisha/Documents/MCUXpresso_11.8.0_1165/workspace/mbed-os/Debug/libmbed-os.a(mbed_retarget.o)
 *fill*         0x000000000000c89f        0x1 
 .rodata._ZTV12DirectSerial
                0x000000000000c8a0       0x50 /home/arian.dervisha/Documents/MCUXpresso_11.8.0_1165/workspace/mbed-os/Debug/libmbed-os.a(mbed_retarget.o)
                0x000000000000c8a0                vtable for DirectSerial
 .rodata.initialize.str1.4
                0x000000000000c8f0       0x16 /home/arian.dervisha/Documents/MCUXpresso_11.8.0_1165/workspace/mbed-os/Debug/libmbed-os.a(mbed_ticker_api.o)
 *fill*         0x000000000000c906        0x2 
 .rodata.schedule_interrupt.str1.4
                0x000000000000c908       0x24 /home/arian.dervisha/Documents/MCUXpresso_11.8.0_1165/workspace/mbed-os/Debug/libmbed-os.a(mbed_ticker_api.o)
 .rodata.us_interface
                0x000000000000c92c       0x20 /home/arian.dervisha/Documents/MCUXpresso_11.8.0_1165/workspace/mbed-os/Debug/libmbed-os.a(mbed_us_ticker_api.o)
 .rodata.us_data
                0x000000000000c94c        0x8 /home/arian.dervisha/Documents/MCUXpresso_11.8.0_1165/workspace/mbed-os/Debug/libmbed-os.a(mbed_us_ticker_api.o)
 .rodata.gpio_write.str1.4
                0x000000000000c954       0x90 /home/arian.dervisha/Documents/MCUXpresso_11.8.0_1165/workspace/mbed-os/Debug/libmbed-os.a(serial_api.o)
 .rodata.PinMap_UART_TX
                0x000000000000c9e4       0x6c /home/arian.dervisha/Documents/MCUXpresso_11.8.0_1165/workspace/mbed-os/Debug/libmbed-os.a(serial_api.o)
 .rodata.PinMap_UART_RX
                0x000000000000ca50       0x6c /home/arian.dervisha/Documents/MCUXpresso_11.8.0_1165/workspace/mbed-os/Debug/libmbed-os.a(serial_api.o)
 .rodata.PinMap_UART_RTS
                0x000000000000cabc       0x24 /home/arian.dervisha/Documents/MCUXpresso_11.8.0_1165/workspace/mbed-os/Debug/libmbed-os.a(serial_api.o)
 .rodata.PinMap_UART_CTS
                0x000000000000cae0       0x24 /home/arian.dervisha/Documents/MCUXpresso_11.8.0_1165/workspace/mbed-os/Debug/libmbed-os.a(serial_api.o)
 .rodata.serial_init.str1.4
                0x000000000000cb04       0x20 /home/arian.dervisha/Documents/MCUXpresso_11.8.0_1165/workspace/mbed-os/Debug/libmbed-os.a(serial_api.o)
 .rodata.serial_baud.str1.4
                0x000000000000cb24       0x19 /home/arian.dervisha/Documents/MCUXpresso_11.8.0_1165/workspace/mbed-os/Debug/libmbed-os.a(serial_api.o)
 *fill*         0x000000000000cb3d        0x3 
 .rodata.serial_format.str1.4
                0x000000000000cb40       0xd0 /home/arian.dervisha/Documents/MCUXpresso_11.8.0_1165/workspace/mbed-os/Debug/libmbed-os.a(serial_api.o)
 .rodata.info.0
                0x000000000000cc10        0x8 /home/arian.dervisha/Documents/MCUXpresso_11.8.0_1165/workspace/mbed-os/Debug/libmbed-os.a(us_ticker.o)
 .rodata._ZTVN4mbed10FileHandleE
                0x000000000000cc18       0x50 /home/arian.dervisha/Documents/MCUXpresso_11.8.0_1165/workspace/mbed-os/Debug/libmbed-os.a(FileHandle.o)
                0x000000000000cc18                vtable for mbed::FileHandle
 .rodata.gpio_write.str1.4
                0x000000000000cc68       0x90 /home/arian.dervisha/Documents/MCUXpresso_11.8.0_1165/workspace/mbed-os/Debug/libmbed-os.a(mbed_board.o)
 .rodata.ellipsis.0
                0x000000000000cc68        0x5 /home/arian.dervisha/Documents/MCUXpresso_11.8.0_1165/workspace/mbed-os/Debug/libmbed-os.a(mbed_board.o)
 *fill*         0x000000000000cc6d        0x3 
 .rodata.core_util_critical_section_enter.str1.4
                0x000000000000cc70       0x41 /home/arian.dervisha/Documents/MCUXpresso_11.8.0_1165/workspace/mbed-os/Debug/libmbed-os.a(mbed_critical.o)
 *fill*         0x000000000000ccb1        0x3 
 .rodata.print_error_report.str1.4
                0x000000000000ccb4      0x19e /home/arian.dervisha/Documents/MCUXpresso_11.8.0_1165/workspace/mbed-os/Debug/libmbed-os.a(mbed_error.o)
 *fill*         0x000000000000ce52        0x2 
 .rodata.hal_critical_section_exit.str1.4
                0x000000000000ce54       0x36 /home/arian.dervisha/Documents/MCUXpresso_11.8.0_1165/workspace/mbed-os/Debug/libmbed-os.a(mbed_critical_section_api.o)
 .rodata.gpio_write.str1.4
                0x000000000000ce8a       0x90 /home/arian.dervisha/Documents/MCUXpresso_11.8.0_1165/workspace/mbed-os/Debug/libmbed-os.a(mbed_gpio.o)
 *fill*         0x000000000000ce8a        0x2 
 .rodata.pinmap_pinout.str1.4
                0x000000000000ce8c       0x11 /home/arian.dervisha/Documents/MCUXpresso_11.8.0_1165/workspace/mbed-os/Debug/libmbed-os.a(mbed_pinmap_common.o)
 *fill*         0x000000000000ce9d        0x3 
 .rodata.pinmap_merge.str1.4
                0x000000000000cea0       0x11 /home/arian.dervisha/Documents/MCUXpresso_11.8.0_1165/workspace/mbed-os/Debug/libmbed-os.a(mbed_pinmap_common.o)
 *fill*         0x000000000000ceb1        0x3 
 .rodata.pinmap_peripheral.str1.4
                0x000000000000ceb4       0x20 /home/arian.dervisha/Documents/MCUXpresso_11.8.0_1165/workspace/mbed-os/Debug/libmbed-os.a(mbed_pinmap_common.o)
 .rodata.gpio_set.str1.4
                0x000000000000ced4       0x1f /home/arian.dervisha/Documents/MCUXpresso_11.8.0_1165/workspace/mbed-os/Debug/libmbed-os.a(gpio_api.o)
 .rodata.gpio_dir.str1.4
                0x000000000000cef3       0x18 /home/arian.dervisha/Documents/MCUXpresso_11.8.0_1165/workspace/mbed-os/Debug/libmbed-os.a(gpio_api.o)
 *fill*         0x000000000000cef3        0x1 
 .rodata.pin_function.str1.4
                0x000000000000cef4        0x9 /home/arian.dervisha/Documents/MCUXpresso_11.8.0_1165/workspace/mbed-os/Debug/libmbed-os.a(pinmap.o)
                                         0x1f (size before relaxing)
 .rodata.gpio_write.str1.4
                0x000000000000cefd       0x90 ./src/labo3.o
 *fill*         0x000000000000cefd        0x3 
 .rodata.main.str1.4
                0x000000000000cf00       0x17 ./src/labo3.o
 *fill*         0x000000000000cf17        0x1 
 .rodata.str1.4
                0x000000000000cf18       0x48 /usr/local/mcuxpressoide-11.8.0_1165/ide/plugins/com.nxp.mcuxpresso.tools.linux_11.8.0.202306131047/tools/bin/../lib/gcc/arm-none-eabi/12.2.1/../../../../arm-none-eabi/lib/thumb/v7-m/nofp/libc.a(libc_a-locale.o)
                                         0x4c (size before relaxing)
 .rodata._ctype_
                0x000000000000cf60      0x101 /usr/local/mcuxpressoide-11.8.0_1165/ide/plugins/com.nxp.mcuxpresso.tools.linux_11.8.0.202306131047/tools/bin/../lib/gcc/arm-none-eabi/12.2.1/../../../../arm-none-eabi/lib/thumb/v7-m/nofp/libc.a(libc_a-ctype_.o)
                0x000000000000cf60                _ctype_
 *fill*         0x000000000000d061        0x3 
 .rodata._svfprintf_r.str1.4
                0x000000000000d064       0x3f /usr/local/mcuxpressoide-11.8.0_1165/ide/plugins/com.nxp.mcuxpresso.tools.linux_11.8.0.202306131047/tools/bin/../lib/gcc/arm-none-eabi/12.2.1/../../../../arm-none-eabi/lib/thumb/v7-m/nofp/libc.a(libc_a-svfprintf.o)
                                         0x42 (size before relaxing)
 *fill*         0x000000000000d0a3        0x1 
 .rodata.zeroes.0
                0x000000000000d0a4       0x10 /usr/local/mcuxpressoide-11.8.0_1165/ide/plugins/com.nxp.mcuxpresso.tools.linux_11.8.0.202306131047/tools/bin/../lib/gcc/arm-none-eabi/12.2.1/../../../../arm-none-eabi/lib/thumb/v7-m/nofp/libc.a(libc_a-svfprintf.o)
 .rodata.blanks.1
                0x000000000000d0b4       0x10 /usr/local/mcuxpressoide-11.8.0_1165/ide/plugins/com.nxp.mcuxpresso.tools.linux_11.8.0.202306131047/tools/bin/../lib/gcc/arm-none-eabi/12.2.1/../../../../arm-none-eabi/lib/thumb/v7-m/nofp/libc.a(libc_a-svfprintf.o)
 .rodata._vfprintf_r.str1.4
                0x000000000000d0c4       0x42 /usr/local/mcuxpressoide-11.8.0_1165/ide/plugins/com.nxp.mcuxpresso.tools.linux_11.8.0.202306131047/tools/bin/../lib/gcc/arm-none-eabi/12.2.1/../../../../arm-none-eabi/lib/thumb/v7-m/nofp/libc.a(libc_a-vfprintf.o)
 .rodata.zeroes.0
                0x000000000000d0c4       0x10 /usr/local/mcuxpressoide-11.8.0_1165/ide/plugins/com.nxp.mcuxpresso.tools.linux_11.8.0.202306131047/tools/bin/../lib/gcc/arm-none-eabi/12.2.1/../../../../arm-none-eabi/lib/thumb/v7-m/nofp/libc.a(libc_a-vfprintf.o)
 .rodata.blanks.1
                0x000000000000d0d4       0x10 /usr/local/mcuxpressoide-11.8.0_1165/ide/plugins/com.nxp.mcuxpresso.tools.linux_11.8.0.202306131047/tools/bin/../lib/gcc/arm-none-eabi/12.2.1/../../../../arm-none-eabi/lib/thumb/v7-m/nofp/libc.a(libc_a-vfprintf.o)
 .rodata._vfiprintf_r.str1.4
                0x000000000000d0e4       0x2f /usr/local/mcuxpressoide-11.8.0_1165/ide/plugins/com.nxp.mcuxpresso.tools.linux_11.8.0.202306131047/tools/bin/../lib/gcc/arm-none-eabi/12.2.1/../../../../arm-none-eabi/lib/thumb/v7-m/nofp/libc.a(libc_a-vfiprintf.o)
 .rodata.zeroes.0
                0x000000000000d0e4       0x10 /usr/local/mcuxpressoide-11.8.0_1165/ide/plugins/com.nxp.mcuxpresso.tools.linux_11.8.0.202306131047/tools/bin/../lib/gcc/arm-none-eabi/12.2.1/../../../../arm-none-eabi/lib/thumb/v7-m/nofp/libc.a(libc_a-vfiprintf.o)
 .rodata.blanks.1
                0x000000000000d0f4       0x10 /usr/local/mcuxpressoide-11.8.0_1165/ide/plugins/com.nxp.mcuxpresso.tools.linux_11.8.0.202306131047/tools/bin/../lib/gcc/arm-none-eabi/12.2.1/../../../../arm-none-eabi/lib/thumb/v7-m/nofp/libc.a(libc_a-vfiprintf.o)
 .rodata.__assert_func.str1.4
                0x000000000000d104       0x3f /usr/local/mcuxpressoide-11.8.0_1165/ide/plugins/com.nxp.mcuxpresso.tools.linux_11.8.0.202306131047/tools/bin/../lib/gcc/arm-none-eabi/12.2.1/../../../../arm-none-eabi/lib/thumb/v7-m/nofp/libc.a(libc_a-assert.o)
                                         0x43 (size before relaxing)
 *fill*         0x000000000000d143        0x1 
 .rodata.__multadd.str1.4
                0x000000000000d144       0x6e /usr/local/mcuxpressoide-11.8.0_1165/ide/plugins/com.nxp.mcuxpresso.tools.linux_11.8.0.202306131047/tools/bin/../lib/gcc/arm-none-eabi/12.2.1/../../../../arm-none-eabi/lib/thumb/v7-m/nofp/libc.a(libc_a-mprec.o)
 *fill*         0x000000000000d1b2        0x2 
 .rodata.p05.0  0x000000000000d1b4        0xc /usr/local/mcuxpressoide-11.8.0_1165/ide/plugins/com.nxp.mcuxpresso.tools.linux_11.8.0.202306131047/tools/bin/../lib/gcc/arm-none-eabi/12.2.1/../../../../arm-none-eabi/lib/thumb/v7-m/nofp/libc.a(libc_a-mprec.o)
 .rodata.__mprec_bigtens
                0x000000000000d1c0       0x28 /usr/local/mcuxpressoide-11.8.0_1165/ide/plugins/com.nxp.mcuxpresso.tools.linux_11.8.0.202306131047/tools/bin/../lib/gcc/arm-none-eabi/12.2.1/../../../../arm-none-eabi/lib/thumb/v7-m/nofp/libc.a(libc_a-mprec.o)
                0x000000000000d1c0                __mprec_bigtens
 .rodata.__mprec_tens
                0x000000000000d1e8       0xc8 /usr/local/mcuxpressoide-11.8.0_1165/ide/plugins/com.nxp.mcuxpresso.tools.linux_11.8.0.202306131047/tools/bin/../lib/gcc/arm-none-eabi/12.2.1/../../../../arm-none-eabi/lib/thumb/v7-m/nofp/libc.a(libc_a-mprec.o)
                0x000000000000d1e8                __mprec_tens
 .rodata._dtoa_r.str1.4
                0x000000000000d2b0       0x69 /usr/local/mcuxpressoide-11.8.0_1165/ide/plugins/com.nxp.mcuxpresso.tools.linux_11.8.0.202306131047/tools/bin/../lib/gcc/arm-none-eabi/12.2.1/../../../../arm-none-eabi/lib/thumb/v7-m/nofp/libc.a(libc_a-dtoa.o)
                                         0x81 (size before relaxing)
 *(.eh_frame*)