Archive member included to satisfy reference by file (symbol)

/home/arian.dervisha/Documents/MCUXpresso_11.8.0_1165/workspace/mbed-os/Debug/libmbed-os.a(startup_LPC17xx.o)
                              (Reset_Handler)
/home/arian.dervisha/Documents/MCUXpresso_11.8.0_1165/workspace/mbed-os/Debug/libmbed-os.a(system_LPC17xx.o)
                              /home/arian.dervisha/Documents/MCUXpresso_11.8.0_1165/workspace/mbed-os/Debug/libmbed-os.a(startup_LPC17xx.o) (SystemInit)
/home/arian.dervisha/Documents/MCUXpresso_11.8.0_1165/workspace/mbed-os/Debug/libmbed-os.a(mbed_retarget.o)
                              /usr/local/mcuxpressoide-11.8.0_1165/ide/plugins/com.nxp.mcuxpresso.tools.linux_11.8.0.202306131047/tools/bin/../lib/gcc/arm-none-eabi/12.2.1/../../../../arm-none-eabi/lib/thumb/v7-m/nofp/crt0.o (__wrap_exit)
/home/arian.dervisha/Documents/MCUXpresso_11.8.0_1165/workspace/mbed-os/Debug/libmbed-os.a(mbed_sdk_boot.o)
                              /usr/local/mcuxpressoide-11.8.0_1165/ide/plugins/com.nxp.mcuxpresso.tools.linux_11.8.0.202306131047/tools/bin/../lib/gcc/arm-none-eabi/12.2.1/../../../../arm-none-eabi/lib/thumb/v7-m/nofp/crt0.o (__wrap_main)
/home/arian.dervisha/Documents/MCUXpresso_11.8.0_1165/workspace/mbed-os/Debug/libmbed-os.a(mbed_semihost_api.o)
                              /home/arian.dervisha/Documents/MCUXpresso_11.8.0_1165/workspace/mbed-os/Debug/libmbed-os.a(mbed_retarget.o) (semihost_exit)
/home/arian.dervisha/Documents/MCUXpresso_11.8.0_1165/workspace/mbed-os/Debug/libmbed-os.a(mbed_ticker_api.o)
                              /home/arian.dervisha/Documents/MCUXpresso_11.8.0_1165/workspace/mbed-os/Debug/libmbed-os.a(mbed_retarget.o) (ticker_read)
/home/arian.dervisha/Documents/MCUXpresso_11.8.0_1165/workspace/mbed-os/Debug/libmbed-os.a(mbed_us_ticker_api.o)
                              /home/arian.dervisha/Documents/MCUXpresso_11.8.0_1165/workspace/mbed-os/Debug/libmbed-os.a(mbed_retarget.o) (get_us_ticker_data)
/home/arian.dervisha/Documents/MCUXpresso_11.8.0_1165/workspace/mbed-os/Debug/libmbed-os.a(serial_api.o)
                              /home/arian.dervisha/Documents/MCUXpresso_11.8.0_1165/workspace/mbed-os/Debug/libmbed-os.a(mbed_retarget.o) (stdio_uart_inited)
/home/arian.dervisha/Documents/MCUXpresso_11.8.0_1165/workspace/mbed-os/Debug/libmbed-os.a(us_ticker.o)
                              /home/arian.dervisha/Documents/MCUXpresso_11.8.0_1165/workspace/mbed-os/Debug/libmbed-os.a(mbed_us_ticker_api.o) (us_ticker_init)
/home/arian.dervisha/Documents/MCUXpresso_11.8.0_1165/workspace/mbed-os/Debug/libmbed-os.a(FileHandle.o)
                              /home/arian.dervisha/Documents/MCUXpresso_11.8.0_1165/workspace/mbed-os/Debug/libmbed-os.a(mbed_retarget.o) (vtable for mbed::FileHandle)
/home/arian.dervisha/Documents/MCUXpresso_11.8.0_1165/workspace/mbed-os/Debug/libmbed-os.a(FilePath.o)
                              /home/arian.dervisha/Documents/MCUXpresso_11.8.0_1165/workspace/mbed-os/Debug/libmbed-os.a(mbed_retarget.o) (mbed::FilePath::FilePath(char const*))
/home/arian.dervisha/Documents/MCUXpresso_11.8.0_1165/workspace/mbed-os/Debug/libmbed-os.a(mbed_assert.o)
                              /home/arian.dervisha/Documents/MCUXpresso_11.8.0_1165/workspace/mbed-os/Debug/libmbed-os.a(mbed_retarget.o) (mbed_assert_internal)
/home/arian.dervisha/Documents/MCUXpresso_11.8.0_1165/workspace/mbed-os/Debug/libmbed-os.a(mbed_board.o)
                              /home/arian.dervisha/Documents/MCUXpresso_11.8.0_1165/workspace/mbed-os/Debug/libmbed-os.a(mbed_retarget.o) (mbed_die)
/home/arian.dervisha/Documents/MCUXpresso_11.8.0_1165/workspace/mbed-os/Debug/libmbed-os.a(mbed_critical.o)
                              /home/arian.dervisha/Documents/MCUXpresso_11.8.0_1165/workspace/mbed-os/Debug/libmbed-os.a(mbed_ticker_api.o) (core_util_critical_section_enter)
/home/arian.dervisha/Documents/MCUXpresso_11.8.0_1165/workspace/mbed-os/Debug/libmbed-os.a(mbed_error.o)
                              /home/arian.dervisha/Documents/MCUXpresso_11.8.0_1165/workspace/mbed-os/Debug/libmbed-os.a(mbed_retarget.o) (mbed_error)
/home/arian.dervisha/Documents/MCUXpresso_11.8.0_1165/workspace/mbed-os/Debug/libmbed-os.a(mbed_interface.o)
                              /home/arian.dervisha/Documents/MCUXpresso_11.8.0_1165/workspace/mbed-os/Debug/libmbed-os.a(mbed_retarget.o) (mbed_interface_connected)
/home/arian.dervisha/Documents/MCUXpresso_11.8.0_1165/workspace/mbed-os/Debug/libmbed-os.a(mbed_poll.o)
                              /home/arian.dervisha/Documents/MCUXpresso_11.8.0_1165/workspace/mbed-os/Debug/libmbed-os.a(mbed_retarget.o) (mbed::poll(mbed::pollfh*, unsigned int, int))
/home/arian.dervisha/Documents/MCUXpresso_11.8.0_1165/workspace/mbed-os/Debug/libmbed-os.a(mbed_wait_api_no_rtos.o)
                              /home/arian.dervisha/Documents/MCUXpresso_11.8.0_1165/workspace/mbed-os/Debug/libmbed-os.a(mbed_board.o) (wait_us)
[...]
Memory Configuration

Name             Origin             Length             Attributes
FLASH            0x0000000000000000 0x0000000000080000 xr
RAM              0x0000000010000100 0x0000000000007f00 xrw
RAM2             0x000000002007c000 0x0000000000008000 xrw
*default*        0x0000000000000000 0xffffffffffffffff

Linker script and memory map

LOAD /usr/local/mcuxpressoide-11.8.0_1165/ide/plugins/com.nxp.mcuxpresso.tools.linux_11.8.0.202306131047/tools/bin/../lib/gcc/arm-none-eabi/12.2.1/thumb/v7-m/nofp/crti.o
LOAD /usr/local/mcuxpressoide-11.8.0_1165/ide/plugins/com.nxp.mcuxpresso.tools.linux_11.8.0.202306131047/tools/bin/../lib/gcc/arm-none-eabi/12.2.1/thumb/v7-m/nofp/crtbegin.o
LOAD /usr/local/mcuxpressoide-11.8.0_1165/ide/plugins/com.nxp.mcuxpresso.tools.linux_11.8.0.202306131047/tools/bin/../lib/gcc/arm-none-eabi/12.2.1/../../../../arm-none-eabi/lib/thumb/v7-m/nofp/crt0.o
START GROUP
LOAD /usr/local/mcuxpressoide-11.8.0_1165/ide/plugins/com.nxp.mcuxpresso.tools.linux_11.8.0.202306131047/tools/bin/../lib/gcc/arm-none-eabi/12.2.1/../../../../arm-none-eabi/lib/thumb/v7-m/nofp/libstdc++.a
LOAD /usr/local/mcuxpressoide-11.8.0_1165/ide/plugins/com.nxp.mcuxpresso.tools.linux_11.8.0.202306131047/tools/bin/../lib/gcc/arm-none-eabi/12.2.1/../../../../arm-none-eabi/lib/thumb/v7-m/nofp/libsupc++.a
LOAD /usr/local/mcuxpressoide-11.8.0_1165/ide/plugins/com.nxp.mcuxpresso.tools.linux_11.8.0.202306131047/tools/bin/../lib/gcc/arm-none-eabi/12.2.1/thumb/v7-m/nofp/libgcc.a
LOAD /usr/local/mcuxpressoide-11.8.0_1165/ide/plugins/com.nxp.mcuxpresso.tools.linux_11.8.0.202306131047/tools/bin/../lib/gcc/arm-none-eabi/12.2.1/../../../../arm-none-eabi/lib/thumb/v7-m/nofp/libnosys.a
LOAD /home/arian.dervisha/Documents/MCUXpresso_11.8.0_1165/workspace/mbed-os/Debug/libmbed-os.a
END GROUP
LOAD ./src/labo2.o
LOAD /usr/local/mcuxpressoide-11.8.0_1165/ide/plugins/com.nxp.mcuxpresso.tools.linux_11.8.0.202306131047/tools/bin/../lib/gcc/arm-none-eabi/12.2.1/../../../../arm-none-eabi/lib/thumb/v7-m/nofp/libstdc++.a
LOAD /usr/local/mcuxpressoide-11.8.0_1165/ide/plugins/com.nxp.mcuxpresso.tools.linux_11.8.0.202306131047/tools/bin/../lib/gcc/arm-none-eabi/12.2.1/../../../../arm-none-eabi/lib/thumb/v7-m/nofp/libsupc++.a
LOAD /usr/local/mcuxpressoide-11.8.0_1165/ide/plugins/com.nxp.mcuxpresso.tools.linux_11.8.0.202306131047/tools/bin/../lib/gcc/arm-none-eabi/12.2.1/../../../../arm-none-eabi/lib/thumb/v7-m/nofp/libm.a
LOAD /usr/local/mcuxpressoide-11.8.0_1165/ide/plugins/com.nxp.mcuxpresso.tools.linux_11.8.0.202306131047/tools/bin/../lib/gcc/arm-none-eabi/12.2.1/../../../../arm-none-eabi/lib/thumb/v7-m/nofp/libc.a
LOAD /usr/local/mcuxpressoide-11.8.0_1165/ide/plugins/com.nxp.mcuxpresso.tools.linux_11.8.0.202306131047/tools/bin/../lib/gcc/arm-none-eabi/12.2.1/thumb/v7-m/nofp/libgcc.a
LOAD /usr/local/mcuxpressoide-11.8.0_1165/ide/plugins/com.nxp.mcuxpresso.tools.linux_11.8.0.202306131047/tools/bin/../lib/gcc/arm-none-eabi/12.2.1/../../../../arm-none-eabi/lib/thumb/v7-m/nofp/libnosys.a
LOAD /home/arian.dervisha/Documents/MCUXpresso_11.8.0_1165/workspace/mbed-os/Debug/libmbed-os.a
LOAD /usr/local/mcuxpressoide-11.8.0_1165/ide/plugins/com.nxp.mcuxpresso.tools.linux_11.8.0.202306131047/tools/bin/../lib/gcc/arm-none-eabi/12.2.1/../../../../arm-none-eabi/lib/thumb/v7-m/nofp/libstdc++.a
LOAD /usr/local/mcuxpressoide-11.8.0_1165/ide/plugins/com.nxp.mcuxpresso.tools.linux_11.8.0.202306131047/tools/bin/../lib/gcc/arm-none-eabi/12.2.1/../../../../arm-none-eabi/lib/thumb/v7-m/nofp/libm.a
LOAD /usr/local/mcuxpressoide-11.8.0_1165/ide/plugins/com.nxp.mcuxpresso.tools.linux_11.8.0.202306131047/tools/bin/../lib/gcc/arm-none-eabi/12.2.1/../../../../arm-none-eabi/lib/thumb/v7-m/nofp/libc.a
START GROUP
LOAD /usr/local/mcuxpressoide-11.8.0_1165/ide/plugins/com.nxp.mcuxpresso.tools.linux_11.8.0.202306131047/tools/bin/../lib/gcc/arm-none-eabi/12.2.1/thumb/v7-m/nofp/libgcc.a
LOAD /usr/local/mcuxpressoide-11.8.0_1165/ide/plugins/com.nxp.mcuxpresso.tools.linux_11.8.0.202306131047/tools/bin/../lib/gcc/arm-none-eabi/12.2.1/../../../../arm-none-eabi/lib/thumb/v7-m/nofp/libc.a
END GROUP
LOAD /usr/local/mcuxpressoide-11.8.0_1165/ide/plugins/com.nxp.mcuxpresso.tools.linux_11.8.0.202306131047/tools/bin/../lib/gcc/arm-none-eabi/12.2.1/thumb/v7-m/nofp/crtend.o
LOAD /usr/local/mcuxpressoide-11.8.0_1165/ide/plugins/com.nxp.mcuxpresso.tools.linux_11.8.0.202306131047/tools/bin/../lib/gcc/arm-none-eabi/12.2.1/thumb/v7-m/nofp/crtn.o

.text           0x0000000000000000     0xd940
 *(.isr_vector)
 .isr_vector    0x0000000000000000       0xcc /home/arian.dervisha/Documents/MCUXpresso_11.8.0_1165/workspace/mbed-os/Debug/libmbed-os.a(startup_LPC17xx.o)
                0x0000000000000000                __isr_vector
                0x00000000000002fc                . = 0x2fc
 *fill*         0x00000000000000cc      0x230 
 *(.CRPSection)
 *(.text*)
 .text.deregister_tm_clones
                0x00000000000002fc       0x1c /usr/local/mcuxpressoide-11.8.0_1165/ide/plugins/com.nxp.mcuxpresso.tools.linux_11.8.0.202306131047/tools/bin/../lib/gcc/arm-none-eabi/12.2.1/thumb/v7-m/nofp/crtbegin.o
 .text.register_tm_clones
                0x0000000000000318       0x24 /usr/local/mcuxpressoide-11.8.0_1165/ide/plugins/com.nxp.mcuxpresso.tools.linux_11.8.0.202306131047/tools/bin/../lib/gcc/arm-none-eabi/12.2.1/thumb/v7-m/nofp/crtbegin.o
 .text.__do_global_dtors_aux
                0x000000000000033c       0x28 /usr/local/mcuxpressoide-11.8.0_1165/ide/plugins/com.nxp.mcuxpresso.tools.linux_11.8.0.202306131047/tools/bin/../lib/gcc/arm-none-eabi/12.2.1/thumb/v7-m/nofp/crtbegin.o
 .text.frame_dummy
                0x0000000000000364       0x24 /usr/local/mcuxpressoide-11.8.0_1165/ide/plugins/com.nxp.mcuxpresso.tools.linux_11.8.0.202306131047/tools/bin/../lib/gcc/arm-none-eabi/12.2.1/thumb/v7-m/nofp/crtbegin.o
 .text          0x0000000000000388       0x7c /usr/local/mcuxpressoide-11.8.0_1165/ide/plugins/com.nxp.mcuxpresso.tools.linux_11.8.0.202306131047/tools/bin/../lib/gcc/arm-none-eabi/12.2.1/../../../../arm-none-eabi/lib/thumb/v7-m/nofp/crt0.o
                0x0000000000000388                _stack_init
                0x0000000000000390                _mainCRTStartup
                0x0000000000000390                _start
 .text          0x0000000000000404       0x44 /home/arian.dervisha/Documents/MCUXpresso_11.8.0_1165/workspace/mbed-os/Debug/libmbed-os.a(startup_LPC17xx.o)
                0x0000000000000404                Reset_Handler
                0x0000000000000434                NMI_Handler
                0x0000000000000436                HardFault_Handler
                0x0000000000000438                MemManage_Handler
                0x000000000000043a                BusFault_Handler
                0x000000000000043c                UsageFault_Handler
                0x000000000000043e                SVC_Handler
                0x0000000000000440                DebugMon_Handler
                0x0000000000000442                PendSV_Handler
                0x0000000000000444                SysTick_Handler
                0x0000000000000446                TIMER2_IRQHandler
                0x0000000000000446                RIT_IRQHandler
                0x0000000000000446                I2C0_IRQHandler
                0x0000000000000446                USBActivity_IRQHandler
                0x0000000000000446                PWM1_IRQHandler
                0x0000000000000446                I2C1_IRQHandler
                0x0000000000000446                EINT2_IRQHandler
                0x0000000000000446                UART1_IRQHandler
                0x0000000000000446                EINT3_IRQHandler
                0x0000000000000446                CANActivity_IRQHandler
                0x0000000000000446                TIMER3_IRQHandler
                0x0000000000000446                UART0_IRQHandler
                0x0000000000000446                PLL0_IRQHandler
                0x0000000000000446                CAN_IRQHandler
                0x0000000000000446                PLL1_IRQHandler
                0x0000000000000446                SSP0_IRQHandler
                0x0000000000000446                I2S_IRQHandler
                0x0000000000000446                I2C2_IRQHandler
                0x0000000000000446                RTC_IRQHandler
                0x0000000000000446                TIMER0_IRQHandler
                0x0000000000000446                SPI_IRQHandler
                0x0000000000000446                EINT1_IRQHandler
                0x0000000000000446                TIMER1_IRQHandler
                0x0000000000000446                UART2_IRQHandler
                0x0000000000000446                Default_Handler
                0x0000000000000446                ADC_IRQHandler
                0x0000000000000446                SSP1_IRQHandler
                0x0000000000000446                USB_IRQHandler
                0x0000000000000446                BOD_IRQHandler
                0x0000000000000446                WDT_IRQHandler
                0x0000000000000446                QEI_IRQHandler
                0x0000000000000446                EINT0_IRQHandler
                0x0000000000000446                DEF_IRQHandler
                0x0000000000000446                DMA_IRQHandler
                0x0000000000000446                UART3_IRQHandler
                0x0000000000000446                MCPWM_IRQHandler
                0x0000000000000446                ENET_IRQHandler
 .text.SystemInit
                0x0000000000000448       0xec /home/arian.dervisha/Documents/MCUXpresso_11.8.0_1165/workspace/mbed-os/Debug/libmbed-os.a(system_LPC17xx.o)
                0x0000000000000448                SystemInit
 .text._ZL14singleton_lockv
                0x0000000000000534        0x4 /home/arian.dervisha/Documents/MCUXpresso_11.8.0_1165/workspace/mbed-os/Debug/libmbed-os.a(mbed_retarget.o)
 .text._ZL16singleton_unlockv
                0x0000000000000538        0x4 /home/arian.dervisha/Documents/MCUXpresso_11.8.0_1165/workspace/mbed-os/Debug/libmbed-os.a(mbed_retarget.o)
 .text._ZN13PlatformMutexC2Ev
                0x000000000000053c       0x16 /home/arian.dervisha/Documents/MCUXpresso_11.8.0_1165/workspace/mbed-os/Debug/libmbed-os.a(mbed_retarget.o)
                0x000000000000053c                PlatformMutex::PlatformMutex()
                0x000000000000053c                PlatformMutex::PlatformMutex()
 .text._ZN13PlatformMutex4lockEv
                0x0000000000000552        0xa /home/arian.dervisha/Documents/MCUXpresso_11.8.0_1165/workspace/mbed-os/Debug/libmbed-os.a(mbed_retarget.o)
                0x0000000000000552                PlatformMutex::lock()
 .text._ZN13PlatformMutex6unlockEv
                0x000000000000055c        0xa /home/arian.dervisha/Documents/MCUXpresso_11.8.0_1165/workspace/mbed-os/Debug/libmbed-os.a(mbed_retarget.o)
                0x000000000000055c                PlatformMutex::unlock()
 *fill*         0x0000000000000566        0x2 
 .text._ZN4mbed10FileHandleD2Ev
                0x0000000000000568       0x20 /home/arian.dervisha/Documents/MCUXpresso_11.8.0_1165/workspace/mbed-os/Debug/libmbed-os.a(mbed_retarget.o)
                0x0000000000000568                mbed::FileHandle::~FileHandle()
                0x0000000000000568                mbed::FileHandle::~FileHandle()
 .text._ZN4mbed10FileHandleD0Ev
                0x0000000000000588       0x1c /home/arian.dervisha/Documents/MCUXpresso_11.8.0_1165/workspace/mbed-os/Debug/libmbed-os.a(mbed_retarget.o)
                0x0000000000000588                mbed::FileHandle::~FileHandle()
 .text._ZN4mbed10FileHandle4syncEv
                0x00000000000005a4        0xc /home/arian.dervisha/Documents/MCUXpresso_11.8.0_1165/workspace/mbed-os/Debug/libmbed-os.a(mbed_retarget.o)
                0x00000000000005a4                mbed::FileHandle::sync()
 .text._ZN4mbed10FileHandle4tellEv
                0x00000000000005b0       0x20 /home/arian.dervisha/Documents/MCUXpresso_11.8.0_1165/workspace/mbed-os/Debug/libmbed-os.a(mbed_retarget.o)
                0x00000000000005b0                mbed::FileHandle::tell()
 .text._ZN4mbed10FileHandle6rewindEv
                0x00000000000005d0       0x1e /home/arian.dervisha/Documents/MCUXpresso_11.8.0_1165/workspace/mbed-os/Debug/libmbed-os.a(mbed_retarget.o)
                0x00000000000005d0                mbed::FileHandle::rewind()
 .text._ZN4mbed10FileHandle5lseekEli
                0x00000000000005ee       0x24 /home/arian.dervisha/Documents/MCUXpresso_11.8.0_1165/workspace/mbed-os/Debug/libmbed-os.a(mbed_retarget.o)
                0x00000000000005ee                mbed::FileHandle::lseek(long, int)
 .text._ZN4mbed10FileHandle5fsyncEv
                0x0000000000000612       0x1c /home/arian.dervisha/Documents/MCUXpresso_11.8.0_1165/workspace/mbed-os/Debug/libmbed-os.a(mbed_retarget.o)
                0x0000000000000612                mbed::FileHandle::fsync()
 .text._ZN4mbed10FileHandle4flenEv
                0x000000000000062e       0x1c /home/arian.dervisha/Documents/MCUXpresso_11.8.0_1165/workspace/mbed-os/Debug/libmbed-os.a(mbed_retarget.o)
                0x000000000000062e                mbed::FileHandle::flen()
 .text._ZN4mbed10FileHandle12set_blockingEb
                0x000000000000064a       0x20 /home/arian.dervisha/Documents/MCUXpresso_11.8.0_1165/workspace/mbed-os/Debug/libmbed-os.a(mbed_retarget.o)
                0x000000000000064a                mbed::FileHandle::set_blocking(bool)
 .text._ZNK4mbed10FileHandle11is_blockingEv
                0x000000000000066a        0xc /home/arian.dervisha/Documents/MCUXpresso_11.8.0_1165/workspace/mbed-os/Debug/libmbed-os.a(mbed_retarget.o)
                0x000000000000066a                mbed::FileHandle::is_blocking() const
 .text._ZNK4mbed10FileHandle4pollEs
                0x0000000000000676       0x12 /home/arian.dervisha/Documents/MCUXpresso_11.8.0_1165/workspace/mbed-os/Debug/libmbed-os.a(mbed_retarget.o)
                0x0000000000000676                mbed::FileHandle::poll(short) const
 .text._ZN4mbed10FileHandle5sigioENS_8CallbackIFvvEEE
                0x0000000000000688        0xc /home/arian.dervisha/Documents/MCUXpresso_11.8.0_1165/workspace/mbed-os/Debug/libmbed-os.a(mbed_retarget.o)
                0x0000000000000688                mbed::FileHandle::sigio(mbed::Callback<void ()>)
 .text._ZN4mbed10FileHandleC2Ev
                0x0000000000000694       0x20 /home/arian.dervisha/Documents/MCUXpresso_11.8.0_1165/workspace/mbed-os/Debug/libmbed-os.a(mbed_retarget.o)
                0x0000000000000694                mbed::FileHandle::FileHandle()
                0x0000000000000694                mbed::FileHandle::FileHandle()
 .text._ZN12DirectSerial4seekEli
                0x00000000000006b4       0x12 /home/arian.dervisha/Documents/MCUXpresso_11.8.0_1165/workspace/mbed-os/Debug/libmbed-os.a(mbed_retarget.o)
                0x00000000000006b4                DirectSerial::seek(long, int)
 .text._ZN12DirectSerial4sizeEv
                0x00000000000006c6        0xe /home/arian.dervisha/Documents/MCUXpresso_11.8.0_1165/workspace/mbed-os/Debug/libmbed-os.a(mbed_retarget.o)
                0x00000000000006c6                DirectSerial::size()
 .text._ZN12DirectSerial6isattyEv
                0x00000000000006d4        0xc /home/arian.dervisha/Documents/MCUXpresso_11.8.0_1165/workspace/mbed-os/Debug/libmbed-os.a(mbed_retarget.o)
                0x00000000000006d4                DirectSerial::isatty()
 .text._ZN12DirectSerial5closeEv
                0x00000000000006e0        0xc /home/arian.dervisha/Documents/MCUXpresso_11.8.0_1165/workspace/mbed-os/Debug/libmbed-os.a(mbed_retarget.o)
                0x00000000000006e0                DirectSerial::close()
 .text._ZN12DirectSerialC2E7PinNameS0_i
                0x00000000000006ec       0x50 /home/arian.dervisha/Documents/MCUXpresso_11.8.0_1165/workspace/mbed-os/Debug/libmbed-os.a(mbed_retarget.o)
                0x00000000000006ec                DirectSerial::DirectSerial(PinName, PinName, int)
                0x00000000000006ec                DirectSerial::DirectSerial(PinName, PinName, int)
 .text._ZN12DirectSerial5writeEPKvj
                0x000000000000073c       0x40 /home/arian.dervisha/Documents/MCUXpresso_11.8.0_1165/workspace/mbed-os/Debug/libmbed-os.a(mbed_retarget.o)
                0x000000000000073c                DirectSerial::write(void const*, unsigned int)
 .text._ZN12DirectSerial4readEPvj
                0x000000000000077c       0x34 /home/arian.dervisha/Documents/MCUXpresso_11.8.0_1165/workspace/mbed-os/Debug/libmbed-os.a(mbed_retarget.o)
                0x000000000000077c                DirectSerial::read(void*, unsigned int)
 .text._ZNK12DirectSerial4pollEs
                0x00000000000007b0       0x80 /home/arian.dervisha/Documents/MCUXpresso_11.8.0_1165/workspace/mbed-os/Debug/libmbed-os.a(mbed_retarget.o)
                0x00000000000007b0                DirectSerial::poll(short) const
 .text._ZN4mbed28mbed_target_override_consoleEi
                0x0000000000000830        0xc /home/arian.dervisha/Documents/MCUXpresso_11.8.0_1165/workspace/mbed-os/Debug/libmbed-os.a(mbed_retarget.o)
                0x0000000000000830                mbed::mbed_target_override_console(int)
 .text._ZN4mbed21mbed_override_consoleEi
                0x000000000000083c        0xc /home/arian.dervisha/Documents/MCUXpresso_11.8.0_1165/workspace/mbed-os/Debug/libmbed-os.a(mbed_retarget.o)
                0x000000000000083c                mbed::mbed_override_console(int)
 .text._ZL15default_consolev
                0x0000000000000848       0x70 /home/arian.dervisha/Documents/MCUXpresso_11.8.0_1165/workspace/mbed-os/Debug/libmbed-os.a(mbed_retarget.o)
 .text._ZL11get_consolei
                0x00000000000008b8       0x3a /home/arian.dervisha/Documents/MCUXpresso_11.8.0_1165/workspace/mbed-os/Debug/libmbed-os.a(mbed_retarget.o)
 *fill*         0x00000000000008f2        0x2 
 .text._ZL7get_fhci
                0x00000000000008f4       0x48 /home/arian.dervisha/Documents/MCUXpresso_11.8.0_1165/workspace/mbed-os/Debug/libmbed-os.a(mbed_retarget.o)
 .text._close   0x000000000000093c       0x16 /home/arian.dervisha/Documents/MCUXpresso_11.8.0_1165/workspace/mbed-os/Debug/libmbed-os.a(mbed_retarget.o)
                0x000000000000093c                _close
 *fill*         0x0000000000000952        0x2 
 .text.close    0x0000000000000954       0x64 /home/arian.dervisha/Documents/MCUXpresso_11.8.0_1165/workspace/mbed-os/Debug/libmbed-os.a(mbed_retarget.o)
                0x0000000000000954                close
 .text._ZL12convert_crlfi
                0x00000000000009b8        0xc /home/arian.dervisha/Documents/MCUXpresso_11.8.0_1165/workspace/mbed-os/Debug/libmbed-os.a(mbed_retarget.o)
 .text._write   0x00000000000009c4      0x150 /home/arian.dervisha/Documents/MCUXpresso_11.8.0_1165/workspace/mbed-os/Debug/libmbed-os.a(mbed_retarget.o)
                0x00000000000009c4                _write
 .text.write    0x0000000000000b14       0x5c /home/arian.dervisha/Documents/MCUXpresso_11.8.0_1165/workspace/mbed-os/Debug/libmbed-os.a(mbed_retarget.o)
                0x0000000000000b14                write
 .text._read    0x0000000000000b70      0x108 /home/arian.dervisha/Documents/MCUXpresso_11.8.0_1165/workspace/mbed-os/Debug/libmbed-os.a(mbed_retarget.o)
                0x0000000000000b70                _read
 .text.read     0x0000000000000c78       0x5c /home/arian.dervisha/Documents/MCUXpresso_11.8.0_1165/workspace/mbed-os/Debug/libmbed-os.a(mbed_retarget.o)
                0x0000000000000c78                read
 .text._isatty  0x0000000000000cd4       0x16 /home/arian.dervisha/Documents/MCUXpresso_11.8.0_1165/workspace/mbed-os/Debug/libmbed-os.a(mbed_retarget.o)
                0x0000000000000cd4                _isatty
 .text.isatty   0x0000000000000cea       0x50 /home/arian.dervisha/Documents/MCUXpresso_11.8.0_1165/workspace/mbed-os/Debug/libmbed-os.a(mbed_retarget.o)
                0x0000000000000cea                isatty
 .text._lseek   0x0000000000000d3a       0x20 /home/arian.dervisha/Documents/MCUXpresso_11.8.0_1165/workspace/mbed-os/Debug/libmbed-os.a(mbed_retarget.o)
                0x0000000000000d3a                _lseek
 .text.lseek    0x0000000000000d5a       0x5c /home/arian.dervisha/Documents/MCUXpresso_11.8.0_1165/workspace/mbed-os/Debug/libmbed-os.a(mbed_retarget.o)
                0x0000000000000d5a                lseek
 .text.fsync    0x0000000000000db6       0x54 /home/arian.dervisha/Documents/MCUXpresso_11.8.0_1165/workspace/mbed-os/Debug/libmbed-os.a(mbed_retarget.o)
                0x0000000000000db6                fsync
 .text._fstat   0x0000000000000e0a       0x1a /home/arian.dervisha/Documents/MCUXpresso_11.8.0_1165/workspace/mbed-os/Debug/libmbed-os.a(mbed_retarget.o)
                0x0000000000000e0a                _fstat
 .text.fstat    0x0000000000000e24       0x62 /home/arian.dervisha/Documents/MCUXpresso_11.8.0_1165/workspace/mbed-os/Debug/libmbed-os.a(mbed_retarget.o)
                0x0000000000000e24                fstat
 .text.__cxa_pure_virtual
                0x0000000000000e86        0x8 /home/arian.dervisha/Documents/MCUXpresso_11.8.0_1165/workspace/mbed-os/Debug/libmbed-os.a(mbed_retarget.o)
                0x0000000000000e86                __cxa_pure_virtual
 *fill*         0x0000000000000e8e        0x2 
 .text._sbrk    0x0000000000000e90       0x7c /home/arian.dervisha/Documents/MCUXpresso_11.8.0_1165/workspace/mbed-os/Debug/libmbed-os.a(mbed_retarget.o)
                0x0000000000000e90                _sbrk
 .text._exit    0x0000000000000f0c       0x54 /home/arian.dervisha/Documents/MCUXpresso_11.8.0_1165/workspace/mbed-os/Debug/libmbed-os.a(mbed_retarget.o)
                0x0000000000000f0c                _exit
 .text.__aeabi_atexit
                0x0000000000000f60       0x10 /home/arian.dervisha/Documents/MCUXpresso_11.8.0_1165/workspace/mbed-os/Debug/libmbed-os.a(mbed_retarget.o)
                0x0000000000000f60                __aeabi_atexit
 .text.__wrap_exit
                0x0000000000000f70       0x14 /home/arian.dervisha/Documents/MCUXpresso_11.8.0_1165/workspace/mbed-os/Debug/libmbed-os.a(mbed_retarget.o)
                0x0000000000000f70                __wrap_exit
 .text.__wrap_atexit
                0x0000000000000f84        0xc /home/arian.dervisha/Documents/MCUXpresso_11.8.0_1165/workspace/mbed-os/Debug/libmbed-os.a(mbed_retarget.o)
                0x0000000000000f84                __wrap_atexit
 .text.__rtos_malloc_lock
                0x0000000000000f90        0xa /home/arian.dervisha/Documents/MCUXpresso_11.8.0_1165/workspace/mbed-os/Debug/libmbed-os.a(mbed_retarget.o)
                0x0000000000000f90                __rtos_malloc_lock
 .text.__rtos_malloc_unlock
                0x0000000000000f9a        0xa /home/arian.dervisha/Documents/MCUXpresso_11.8.0_1165/workspace/mbed-os/Debug/libmbed-os.a(mbed_retarget.o)
                0x0000000000000f9a                __rtos_malloc_unlock
 .text.__malloc_lock
                0x0000000000000fa4       0x14 /home/arian.dervisha/Documents/MCUXpresso_11.8.0_1165/workspace/mbed-os/Debug/libmbed-os.a(mbed_retarget.o)
                0x0000000000000fa4                __malloc_lock
 .text.__malloc_unlock
                0x0000000000000fb8       0x14 /home/arian.dervisha/Documents/MCUXpresso_11.8.0_1165/workspace/mbed-os/Debug/libmbed-os.a(mbed_retarget.o)
                0x0000000000000fb8                __malloc_unlock
 .text.__cxa_guard_acquire
                0x0000000000000fcc       0x6c /home/arian.dervisha/Documents/MCUXpresso_11.8.0_1165/workspace/mbed-os/Debug/libmbed-os.a(mbed_retarget.o)
                0x0000000000000fcc                __cxa_guard_acquire
 .text.__cxa_guard_release
                0x0000000000001038       0x50 /home/arian.dervisha/Documents/MCUXpresso_11.8.0_1165/workspace/mbed-os/Debug/libmbed-os.a(mbed_retarget.o)
                0x0000000000001038                __cxa_guard_release
 .text._Znwj    0x0000000000001088       0x38 /home/arian.dervisha/Documents/MCUXpresso_11.8.0_1165/workspace/mbed-os/Debug/libmbed-os.a(mbed_retarget.o)
                0x0000000000001088                operator new(unsigned int)
 .text._ZdlPv   0x00000000000010c0       0x14 /home/arian.dervisha/Documents/MCUXpresso_11.8.0_1165/workspace/mbed-os/Debug/libmbed-os.a(mbed_retarget.o)
                0x00000000000010c0                operator delete(void*)
 .text._ZN4mbed11NonCopyableI13PlatformMutexEC2Ev
                0x00000000000010d4        0xc /home/arian.dervisha/Documents/MCUXpresso_11.8.0_1165/workspace/mbed-os/Debug/libmbed-os.a(mbed_retarget.o)
                0x00000000000010d4                mbed::NonCopyable<PlatformMutex>::NonCopyable()
                0x00000000000010d4                mbed::NonCopyable<PlatformMutex>::NonCopyable()
 .text._ZN4mbed11NonCopyableINS_10FileHandleEED2Ev
                0x00000000000010e0        0xc /home/arian.dervisha/Documents/MCUXpresso_11.8.0_1165/workspace/mbed-os/Debug/libmbed-os.a(mbed_retarget.o)
                0x00000000000010e0                mbed::NonCopyable<mbed::FileHandle>::~NonCopyable()
                0x00000000000010e0                mbed::NonCopyable<mbed::FileHandle>::~NonCopyable()
 .text._ZN4mbed11NonCopyableINS_10FileHandleEEC2Ev
                0x00000000000010ec        0xc /home/arian.dervisha/Documents/MCUXpresso_11.8.0_1165/workspace/mbed-os/Debug/libmbed-os.a(mbed_retarget.o)
                0x00000000000010ec                mbed::NonCopyable<mbed::FileHandle>::NonCopyable()
                0x00000000000010ec                mbed::NonCopyable<mbed::FileHandle>::NonCopyable()
 .text._ZN12DirectSerialD2Ev
                0x00000000000010f8       0x24 /home/arian.dervisha/Documents/MCUXpresso_11.8.0_1165/workspace/mbed-os/Debug/libmbed-os.a(mbed_retarget.o)
                0x00000000000010f8                DirectSerial::~DirectSerial()
                0x00000000000010f8                DirectSerial::~DirectSerial()
 .text._ZN12DirectSerialD0Ev
                0x000000000000111c       0x1c /home/arian.dervisha/Documents/MCUXpresso_11.8.0_1165/workspace/mbed-os/Debug/libmbed-os.a(mbed_retarget.o)
                0x000000000000111c                DirectSerial::~DirectSerial()
 .text.mbed_main
                0x0000000000001138        0x4 /home/arian.dervisha/Documents/MCUXpresso_11.8.0_1165/workspace/mbed-os/Debug/libmbed-os.a(mbed_sdk_boot.o)
                0x0000000000001138                mbed_main
 .text.mbed_sdk_init
                0x000000000000113c        0x4 /home/arian.dervisha/Documents/MCUXpresso_11.8.0_1165/workspace/mbed-os/Debug/libmbed-os.a(mbed_sdk_boot.o)
                0x000000000000113c                mbed_sdk_init
 .text.software_init_hook_rtos
                0x0000000000001140        0x4 /home/arian.dervisha/Documents/MCUXpresso_11.8.0_1165/workspace/mbed-os/Debug/libmbed-os.a(mbed_sdk_boot.o)
                0x0000000000001140                software_init_hook_rtos
 .text.mbed_copy_nvic
                0x0000000000001144       0x48 /home/arian.dervisha/Documents/MCUXpresso_11.8.0_1165/workspace/mbed-os/Debug/libmbed-os.a(mbed_sdk_boot.o)
                0x0000000000001144                mbed_copy_nvic
 .text.software_init_hook
                0x000000000000118c       0x12 /home/arian.dervisha/Documents/MCUXpresso_11.8.0_1165/workspace/mbed-os/Debug/libmbed-os.a(mbed_sdk_boot.o)
                0x000000000000118c                software_init_hook
 .text.__wrap_main
                0x000000000000119e       0x10 /home/arian.dervisha/Documents/MCUXpresso_11.8.0_1165/workspace/mbed-os/Debug/libmbed-os.a(mbed_sdk_boot.o)
                0x000000000000119e                __wrap_main
 .text.__semihost
                0x00000000000011ae       0x1e /home/arian.dervisha/Documents/MCUXpresso_11.8.0_1165/workspace/mbed-os/Debug/libmbed-os.a(mbed_semihost_api.o)
 .text.semihost_exit
                0x00000000000011cc       0x18 /home/arian.dervisha/Documents/MCUXpresso_11.8.0_1165/workspace/mbed-os/Debug/libmbed-os.a(mbed_semihost_api.o)
                0x00000000000011cc                semihost_exit
 .text.semihost_connected
                0x00000000000011e4       0x1c /home/arian.dervisha/Documents/MCUXpresso_11.8.0_1165/workspace/mbed-os/Debug/libmbed-os.a(mbed_semihost_api.o)
                0x00000000000011e4                semihost_connected
 .text.initialize
                0x0000000000001200      0x250 /home/arian.dervisha/Documents/MCUXpresso_11.8.0_1165/workspace/mbed-os/Debug/libmbed-os.a(mbed_ticker_api.o)
 .text.update_present_time
                0x0000000000001450      0x38c /home/arian.dervisha/Documents/MCUXpresso_11.8.0_1165/workspace/mbed-os/Debug/libmbed-os.a(mbed_ticker_api.o)
 .text.compute_tick_round_up
                0x00000000000017dc      0x14c /home/arian.dervisha/Documents/MCUXpresso_11.8.0_1165/workspace/mbed-os/Debug/libmbed-os.a(mbed_ticker_api.o)
 .text._ticker_match_interval_passed
                0x0000000000001928       0x44 /home/arian.dervisha/Documents/MCUXpresso_11.8.0_1165/workspace/mbed-os/Debug/libmbed-os.a(mbed_ticker_api.o)
                0x0000000000001928                _ticker_match_interval_passed
 .text.schedule_interrupt
                0x000000000000196c       0xe8 /home/arian.dervisha/Documents/MCUXpresso_11.8.0_1165/workspace/mbed-os/Debug/libmbed-os.a(mbed_ticker_api.o)
 .text.ticker_irq_handler
                0x0000000000001a54       0xa8 /home/arian.dervisha/Documents/MCUXpresso_11.8.0_1165/workspace/mbed-os/Debug/libmbed-os.a(mbed_ticker_api.o)
                0x0000000000001a54                ticker_irq_handler
 .text.ticker_read
                0x0000000000001afc       0x1a /home/arian.dervisha/Documents/MCUXpresso_11.8.0_1165/workspace/mbed-os/Debug/libmbed-os.a(mbed_ticker_api.o)
                0x0000000000001afc                ticker_read
 .text.ticker_read_us
                0x0000000000001b16       0x34 /home/arian.dervisha/Documents/MCUXpresso_11.8.0_1165/workspace/mbed-os/Debug/libmbed-os.a(mbed_ticker_api.o)
                0x0000000000001b16                ticker_read_us
 *fill*         0x0000000000001b4a        0x2 
 .text.get_us_ticker_data
                0x0000000000001b4c        0xc /home/arian.dervisha/Documents/MCUXpresso_11.8.0_1165/workspace/mbed-os/Debug/libmbed-os.a(mbed_us_ticker_api.o)
                0x0000000000001b4c                get_us_ticker_data
 .text.us_ticker_irq_handler
                0x0000000000001b58       0x20 /home/arian.dervisha/Documents/MCUXpresso_11.8.0_1165/workspace/mbed-os/Debug/libmbed-os.a(mbed_us_ticker_api.o)
                0x0000000000001b58                us_ticker_irq_handler
 .text.__NVIC_EnableIRQ
                0x0000000000001b78       0x34 /home/arian.dervisha/Documents/MCUXpresso_11.8.0_1165/workspace/mbed-os/Debug/libmbed-os.a(serial_api.o)
 .text.__NVIC_DisableIRQ
                0x0000000000001bac       0x44 /home/arian.dervisha/Documents/MCUXpresso_11.8.0_1165/workspace/mbed-os/Debug/libmbed-os.a(serial_api.o)
 .text.__NVIC_SetVector
                0x0000000000001bf0       0x2c /home/arian.dervisha/Documents/MCUXpresso_11.8.0_1165/workspace/mbed-os/Debug/libmbed-os.a(serial_api.o)
 .text.gpio_write
                0x0000000000001c1c       0x48 /home/arian.dervisha/Documents/MCUXpresso_11.8.0_1165/workspace/mbed-os/Debug/libmbed-os.a(serial_api.o)
 .text.gpio_read
                0x0000000000001c64       0x40 /home/arian.dervisha/Documents/MCUXpresso_11.8.0_1165/workspace/mbed-os/Debug/libmbed-os.a(serial_api.o)
 .text.serial_init
                0x0000000000001ca4      0x204 /home/arian.dervisha/Documents/MCUXpresso_11.8.0_1165/workspace/mbed-os/Debug/libmbed-os.a(serial_api.o)
                0x0000000000001ca4                serial_init
 .text.serial_baud
                0x0000000000001ea8      0x2cc /home/arian.dervisha/Documents/MCUXpresso_11.8.0_1165/workspace/mbed-os/Debug/libmbed-os.a(serial_api.o)
                0x0000000000001ea8                serial_baud
 .text.serial_format
                0x0000000000002174      0x11c /home/arian.dervisha/Documents/MCUXpresso_11.8.0_1165/workspace/mbed-os/Debug/libmbed-os.a(serial_api.o)
                0x0000000000002174                serial_format
 .text.uart_irq
                0x0000000000002290       0xe0 /home/arian.dervisha/Documents/MCUXpresso_11.8.0_1165/workspace/mbed-os/Debug/libmbed-os.a(serial_api.o)
 .text.uart0_irq
                0x0000000000002370       0x20 /home/arian.dervisha/Documents/MCUXpresso_11.8.0_1165/workspace/mbed-os/Debug/libmbed-os.a(serial_api.o)
                0x0000000000002370                uart0_irq
 .text.uart1_irq
                0x0000000000002390       0x20 /home/arian.dervisha/Documents/MCUXpresso_11.8.0_1165/workspace/mbed-os/Debug/libmbed-os.a(serial_api.o)
                0x0000000000002390                uart1_irq
 .text.uart2_irq
                0x00000000000023b0       0x20 /home/arian.dervisha/Documents/MCUXpresso_11.8.0_1165/workspace/mbed-os/Debug/libmbed-os.a(serial_api.o)
                0x00000000000023b0                uart2_irq
 .text.uart3_irq
                0x00000000000023d0       0x20 /home/arian.dervisha/Documents/MCUXpresso_11.8.0_1165/workspace/mbed-os/Debug/libmbed-os.a(serial_api.o)
                0x00000000000023d0                uart3_irq
 .text.serial_irq_set_internal
                0x00000000000023f0      0x170 /home/arian.dervisha/Documents/MCUXpresso_11.8.0_1165/workspace/mbed-os/Debug/libmbed-os.a(serial_api.o)
 .text.serial_flow_irq_set
                0x0000000000002560       0x38 /home/arian.dervisha/Documents/MCUXpresso_11.8.0_1165/workspace/mbed-os/Debug/libmbed-os.a(serial_api.o)
 .text.serial_getc
                0x0000000000002598       0x70 /home/arian.dervisha/Documents/MCUXpresso_11.8.0_1165/workspace/mbed-os/Debug/libmbed-os.a(serial_api.o)
                0x0000000000002598                serial_getc
 .text.serial_putc
                0x0000000000002608       0x58 /home/arian.dervisha/Documents/MCUXpresso_11.8.0_1165/workspace/mbed-os/Debug/libmbed-os.a(serial_api.o)
                0x0000000000002608                serial_putc
 .text.serial_readable
                0x0000000000002660       0x16 /home/arian.dervisha/Documents/MCUXpresso_11.8.0_1165/workspace/mbed-os/Debug/libmbed-os.a(serial_api.o)
                0x0000000000002660                serial_readable
 *fill*         0x0000000000002676        0x2 
 .text.serial_writable
                0x0000000000002678       0xb0 /home/arian.dervisha/Documents/MCUXpresso_11.8.0_1165/workspace/mbed-os/Debug/libmbed-os.a(serial_api.o)
                0x0000000000002678                serial_writable
 .text.serial_set_flow_control
                0x0000000000002728      0x17c /home/arian.dervisha/Documents/MCUXpresso_11.8.0_1165/workspace/mbed-os/Debug/libmbed-os.a(serial_api.o)
                0x0000000000002728                serial_set_flow_control
 .text.__NVIC_EnableIRQ
                0x00000000000028a4       0x34 /home/arian.dervisha/Documents/MCUXpresso_11.8.0_1165/workspace/mbed-os/Debug/libmbed-os.a(us_ticker.o)
 .text.__NVIC_DisableIRQ
                0x00000000000028d8       0x44 /home/arian.dervisha/Documents/MCUXpresso_11.8.0_1165/workspace/mbed-os/Debug/libmbed-os.a(us_ticker.o)
 .text.__NVIC_SetPendingIRQ
                0x000000000000291c       0x38 /home/arian.dervisha/Documents/MCUXpresso_11.8.0_1165/workspace/mbed-os/Debug/libmbed-os.a(us_ticker.o)
 .text.__NVIC_SetVector
                0x0000000000002954       0x2c /home/arian.dervisha/Documents/MCUXpresso_11.8.0_1165/workspace/mbed-os/Debug/libmbed-os.a(us_ticker.o)
 .text.us_ticker_get_info
                0x0000000000002980        0xc /home/arian.dervisha/Documents/MCUXpresso_11.8.0_1165/workspace/mbed-os/Debug/libmbed-os.a(us_ticker.o)
                0x0000000000002980                us_ticker_get_info
 .text.us_ticker_init
                0x000000000000298c       0x84 /home/arian.dervisha/Documents/MCUXpresso_11.8.0_1165/workspace/mbed-os/Debug/libmbed-os.a(us_ticker.o)
                0x000000000000298c                us_ticker_init
 .text.us_ticker_read
                0x0000000000002a10        0xc /home/arian.dervisha/Documents/MCUXpresso_11.8.0_1165/workspace/mbed-os/Debug/libmbed-os.a(us_ticker.o)
                0x0000000000002a10                us_ticker_read
 .text.us_ticker_set_interrupt
                0x0000000000002a1c       0x20 /home/arian.dervisha/Documents/MCUXpresso_11.8.0_1165/workspace/mbed-os/Debug/libmbed-os.a(us_ticker.o)
                0x0000000000002a1c                us_ticker_set_interrupt
 .text.us_ticker_fire_interrupt
                0x0000000000002a3c        0xc /home/arian.dervisha/Documents/MCUXpresso_11.8.0_1165/workspace/mbed-os/Debug/libmbed-os.a(us_ticker.o)
                0x0000000000002a3c                us_ticker_fire_interrupt
 .text.us_ticker_disable_interrupt
                0x0000000000002a48       0x14 /home/arian.dervisha/Documents/MCUXpresso_11.8.0_1165/workspace/mbed-os/Debug/libmbed-os.a(us_ticker.o)
                0x0000000000002a48                us_ticker_disable_interrupt
 .text.us_ticker_clear_interrupt
                0x0000000000002a5c       0x10 /home/arian.dervisha/Documents/MCUXpresso_11.8.0_1165/workspace/mbed-os/Debug/libmbed-os.a(us_ticker.o)
                0x0000000000002a5c                us_ticker_clear_interrupt
 .text.us_ticker_free
                0x0000000000002a6c       0x24 /home/arian.dervisha/Documents/MCUXpresso_11.8.0_1165/workspace/mbed-os/Debug/libmbed-os.a(us_ticker.o)
                0x0000000000002a6c                us_ticker_free
 .text._ZN4mbed10FileHandle6isattyEv
                0x0000000000002a90        0xc /home/arian.dervisha/Documents/MCUXpresso_11.8.0_1165/workspace/mbed-os/Debug/libmbed-os.a(FileHandle.o)
                0x0000000000002a90                mbed::FileHandle::isatty()
 .text._ZN4mbed10FileHandle4sizeEv
                0x0000000000002a9c       0x4e /home/arian.dervisha/Documents/MCUXpresso_11.8.0_1165/workspace/mbed-os/Debug/libmbed-os.a(FileHandle.o)
                0x0000000000002a9c                mbed::FileHandle::size()
 *fill*         0x0000000000002aea        0x2 
 .text.mbed_assert_internal
                0x0000000000002aec       0x24 /home/arian.dervisha/Documents/MCUXpresso_11.8.0_1165/workspace/mbed-os/Debug/libmbed-os.a(mbed_assert.o)
                0x0000000000002aec                mbed_assert_internal
 .text.gpio_write
                0x0000000000002b10       0x48 /home/arian.dervisha/Documents/MCUXpresso_11.8.0_1165/workspace/mbed-os/Debug/libmbed-os.a(mbed_board.o)
 .text.mbed_die
                0x0000000000002b58       0x84 /home/arian.dervisha/Documents/MCUXpresso_11.8.0_1165/workspace/mbed-os/Debug/libmbed-os.a(mbed_board.o)
                0x0000000000002b58                mbed_die
 .text.mbed_error_printf
                0x0000000000002bdc       0x1e /home/arian.dervisha/Documents/MCUXpresso_11.8.0_1165/workspace/mbed-os/Debug/libmbed-os.a(mbed_board.o)
                0x0000000000002bdc                mbed_error_printf
 *fill*         0x0000000000002bfa        0x2 
 .text.mbed_error_vprintf
                0x0000000000002bfc       0x44 /home/arian.dervisha/Documents/MCUXpresso_11.8.0_1165/workspace/mbed-os/Debug/libmbed-os.a(mbed_board.o)
                0x0000000000002bfc                mbed_error_vprintf
 .text.mbed_error_puts
                0x0000000000002c40       0x28 /home/arian.dervisha/Documents/MCUXpresso_11.8.0_1165/workspace/mbed-os/Debug/libmbed-os.a(mbed_board.o)
                0x0000000000002c40                mbed_error_puts
 .text.core_util_are_interrupts_enabled
                0x0000000000002c68       0x1e /home/arian.dervisha/Documents/MCUXpresso_11.8.0_1165/workspace/mbed-os/Debug/libmbed-os.a(mbed_critical.o)
                0x0000000000002c68                core_util_are_interrupts_enabled
 .text.core_util_is_isr_active
                0x0000000000002c86       0x1a /home/arian.dervisha/Documents/MCUXpresso_11.8.0_1165/workspace/mbed-os/Debug/libmbed-os.a(mbed_critical.o)
                0x0000000000002c86                core_util_is_isr_active
 .text.core_util_critical_section_enter
                0x0000000000002ca0       0x34 /home/arian.dervisha/Documents/MCUXpresso_11.8.0_1165/workspace/mbed-os/Debug/libmbed-os.a(mbed_critical.o)
                0x0000000000002ca0                core_util_critical_section_enter
 .text.core_util_critical_section_exit
                0x0000000000002cd4       0x2c /home/arian.dervisha/Documents/MCUXpresso_11.8.0_1165/workspace/mbed-os/Debug/libmbed-os.a(mbed_critical.o)
                0x0000000000002cd4                core_util_critical_section_exit
 .text.core_util_atomic_flag_test_and_set
                0x0000000000002d00       0x48 /home/arian.dervisha/Documents/MCUXpresso_11.8.0_1165/workspace/mbed-os/Debug/libmbed-os.a(mbed_critical.o)
                0x0000000000002d00                core_util_atomic_flag_test_and_set
 .text.mbed_halt_system
                0x0000000000002d48       0x44 /home/arian.dervisha/Documents/MCUXpresso_11.8.0_1165/workspace/mbed-os/Debug/libmbed-os.a(mbed_error.o)
 .text.handle_error
                0x0000000000002d8c       0x90 /home/arian.dervisha/Documents/MCUXpresso_11.8.0_1165/workspace/mbed-os/Debug/libmbed-os.a(mbed_error.o)
 .text.mbed_error
                0x0000000000002e1c       0x48 /home/arian.dervisha/Documents/MCUXpresso_11.8.0_1165/workspace/mbed-os/Debug/libmbed-os.a(mbed_error.o)
                0x0000000000002e1c                mbed_error
 .text.print_error_report
                0x0000000000002e64      0x1b0 /home/arian.dervisha/Documents/MCUXpresso_11.8.0_1165/workspace/mbed-os/Debug/libmbed-os.a(mbed_error.o)
 .text.mbed_interface_connected
                0x0000000000003014        0xc /home/arian.dervisha/Documents/MCUXpresso_11.8.0_1165/workspace/mbed-os/Debug/libmbed-os.a(mbed_interface.o)
                0x0000000000003014                mbed_interface_connected
 .text.wait_ms  0x0000000000003020       0x1e /home/arian.dervisha/Documents/MCUXpresso_11.8.0_1165/workspace/mbed-os/Debug/libmbed-os.a(mbed_wait_api_no_rtos.o)
                0x0000000000003020                wait_ms
 .text.wait_us  0x000000000000303e       0x32 /home/arian.dervisha/Documents/MCUXpresso_11.8.0_1165/workspace/mbed-os/Debug/libmbed-os.a(mbed_wait_api_no_rtos.o)
                0x000000000000303e                wait_us
 .text.are_interrupts_enabled
                0x0000000000003070       0x1e /home/arian.dervisha/Documents/MCUXpresso_11.8.0_1165/workspace/mbed-os/Debug/libmbed-os.a(mbed_critical_section_api.o)
 *fill*         0x000000000000308e        0x2 
 .text.hal_critical_section_enter
                0x0000000000003090       0x3c /home/arian.dervisha/Documents/MCUXpresso_11.8.0_1165/workspace/mbed-os/Debug/libmbed-os.a(mbed_critical_section_api.o)
                0x0000000000003090                hal_critical_section_enter
 .text.hal_critical_section_exit
                0x00000000000030cc       0x40 /home/arian.dervisha/Documents/MCUXpresso_11.8.0_1165/workspace/mbed-os/Debug/libmbed-os.a(mbed_critical_section_api.o)
                0x00000000000030cc                hal_critical_section_exit
 .text.gpio_write
                0x000000000000310c       0x48 /home/arian.dervisha/Documents/MCUXpresso_11.8.0_1165/workspace/mbed-os/Debug/libmbed-os.a(mbed_gpio.o)
 .text._gpio_init_in
                0x0000000000003154       0x3a /home/arian.dervisha/Documents/MCUXpresso_11.8.0_1165/workspace/mbed-os/Debug/libmbed-os.a(mbed_gpio.o)
 .text._gpio_init_out
                0x000000000000318e       0x44 /home/arian.dervisha/Documents/MCUXpresso_11.8.0_1165/workspace/mbed-os/Debug/libmbed-os.a(mbed_gpio.o)
 .text.gpio_init_in
                0x00000000000031d2       0x1a /home/arian.dervisha/Documents/MCUXpresso_11.8.0_1165/workspace/mbed-os/Debug/libmbed-os.a(mbed_gpio.o)
                0x00000000000031d2                gpio_init_in
 .text.gpio_init_in_ex
                0x00000000000031ec       0x24 /home/arian.dervisha/Documents/MCUXpresso_11.8.0_1165/workspace/mbed-os/Debug/libmbed-os.a(mbed_gpio.o)
                0x00000000000031ec                gpio_init_in_ex
 .text.gpio_init_out
                0x0000000000003210       0x1a /home/arian.dervisha/Documents/MCUXpresso_11.8.0_1165/workspace/mbed-os/Debug/libmbed-os.a(mbed_gpio.o)
                0x0000000000003210                gpio_init_out
 .text.gpio_init_out_ex
                0x000000000000322a       0x1e /home/arian.dervisha/Documents/MCUXpresso_11.8.0_1165/workspace/mbed-os/Debug/libmbed-os.a(mbed_gpio.o)
                0x000000000000322a                gpio_init_out_ex
 .text.pinmap_pinout
                0x0000000000003248       0x64 /home/arian.dervisha/Documents/MCUXpresso_11.8.0_1165/workspace/mbed-os/Debug/libmbed-os.a(mbed_pinmap_common.o)
                0x0000000000003248                pinmap_pinout
 .text.pinmap_merge
                0x00000000000032ac       0x4c /home/arian.dervisha/Documents/MCUXpresso_11.8.0_1165/workspace/mbed-os/Debug/libmbed-os.a(mbed_pinmap_common.o)
                0x00000000000032ac                pinmap_merge
 .text.pinmap_find_peripheral
                0x00000000000032f8       0x32 /home/arian.dervisha/Documents/MCUXpresso_11.8.0_1165/workspace/mbed-os/Debug/libmbed-os.a(mbed_pinmap_common.o)
                0x00000000000032f8                pinmap_find_peripheral
 *fill*         0x000000000000332a        0x2 
 .text.pinmap_peripheral
                0x000000000000332c       0x50 /home/arian.dervisha/Documents/MCUXpresso_11.8.0_1165/workspace/mbed-os/Debug/libmbed-os.a(mbed_pinmap_common.o)
                0x000000000000332c                pinmap_peripheral
 .text.gpio_set
                0x000000000000337c       0x3c /home/arian.dervisha/Documents/MCUXpresso_11.8.0_1165/workspace/mbed-os/Debug/libmbed-os.a(gpio_api.o)
                0x000000000000337c                gpio_set
 .text.gpio_init
                0x00000000000033b8       0x58 /home/arian.dervisha/Documents/MCUXpresso_11.8.0_1165/workspace/mbed-os/Debug/libmbed-os.a(gpio_api.o)
                0x00000000000033b8                gpio_init
 .text.gpio_mode
                0x0000000000003410       0x24 /home/arian.dervisha/Documents/MCUXpresso_11.8.0_1165/workspace/mbed-os/Debug/libmbed-os.a(gpio_api.o)
                0x0000000000003410                gpio_mode
 .text.gpio_dir
                0x0000000000003434       0x68 /home/arian.dervisha/Documents/MCUXpresso_11.8.0_1165/workspace/mbed-os/Debug/libmbed-os.a(gpio_api.o)
                0x0000000000003434                gpio_dir
 .text.pin_function
                0x000000000000349c       0x80 /home/arian.dervisha/Documents/MCUXpresso_11.8.0_1165/workspace/mbed-os/Debug/libmbed-os.a(pinmap.o)
                0x000000000000349c                pin_function
 .text.pin_mode
                0x000000000000351c       0xec /home/arian.dervisha/Documents/MCUXpresso_11.8.0_1165/workspace/mbed-os/Debug/libmbed-os.a(pinmap.o)
                0x000000000000351c                pin_mode
 .text          0x0000000000003608       0x30 /usr/local/mcuxpressoide-11.8.0_1165/ide/plugins/com.nxp.mcuxpresso.tools.linux_11.8.0.202306131047/tools/bin/../lib/gcc/arm-none-eabi/12.2.1/thumb/v7-m/nofp/libgcc.a(_aeabi_uldivmod.o)
                0x0000000000003608                __aeabi_uldivmod
 .text.__udivmoddi4
                0x0000000000003638      0x2c0 /usr/local/mcuxpressoide-11.8.0_1165/ide/plugins/com.nxp.mcuxpresso.tools.linux_11.8.0.202306131047/tools/bin/../lib/gcc/arm-none-eabi/12.2.1/thumb/v7-m/nofp/libgcc.a(_udivmoddi4.o)
                0x0000000000003638                __udivmoddi4
 .text          0x00000000000038f8        0x4 /usr/local/mcuxpressoide-11.8.0_1165/ide/plugins/com.nxp.mcuxpresso.tools.linux_11.8.0.202306131047/tools/bin/../lib/gcc/arm-none-eabi/12.2.1/thumb/v7-m/nofp/libgcc.a(_dvmd_tls.o)
                0x00000000000038f8                __aeabi_ldiv0
                0x00000000000038f8                __aeabi_idiv0
 .text.gpio_write
                0x00000000000038fc       0x48 ./src/labo2.o
 .text.gpio_read
                0x0000000000003944       0x40 ./src/labo2.o
 .text._ZN4mbed9DigitalInC2E7PinName
                0x0000000000003984       0x2e ./src/labo2.o
                0x0000000000003984                mbed::DigitalIn::DigitalIn(PinName)
                0x0000000000003984                mbed::DigitalIn::DigitalIn(PinName)
 .text._ZN4mbed9DigitalIn4readEv
                0x00000000000039b2       0x18 ./src/labo2.o
                0x00000000000039b2                mbed::DigitalIn::read()
 .text._ZN4mbed9DigitalIncviEv
                0x00000000000039ca       0x16 ./src/labo2.o
                0x00000000000039ca                mbed::DigitalIn::operator int()
 .text._ZN4mbed10DigitalOutC2E7PinName
                0x00000000000039e0       0x2e ./src/labo2.o
                0x00000000000039e0                mbed::DigitalOut::DigitalOut(PinName)
                0x00000000000039e0                mbed::DigitalOut::DigitalOut(PinName)
 .text._ZN4mbed10DigitalOut5writeEi
                0x0000000000003a0e       0x1a ./src/labo2.o
                0x0000000000003a0e                mbed::DigitalOut::write(int)
 .text._ZN4mbed10DigitalOutaSEi
                0x0000000000003a28       0x1a ./src/labo2.o
                0x0000000000003a28                mbed::DigitalOut::operator=(int)
 *fill*         0x0000000000003a42        0x2 
 .text._Z9exercice1v
                0x0000000000003a44       0x40 ./src/labo2.o
                0x0000000000003a44                exercice1()
 .text._Z9exercice2v
                0x0000000000003a84       0x4c ./src/labo2.o
                0x0000000000003a84                exercice2()
 .text._Z9exercice3v
                0x0000000000003ad0       0x9c ./src/labo2.o
                0x0000000000003ad0                exercice3()
 .text._Z9exercice4v
                0x0000000000003b6c      0x104 ./src/labo2.o
                0x0000000000003b6c                exercice4()
 .text.main     0x0000000000003c70       0x50 ./src/labo2.o
                0x0000000000003c70                main
 .text._Z41__static_initialization_and_destruction_0ii
                0x0000000000003cc0       0x60 ./src/labo2.o
 .text._GLOBAL__sub_I_myledRed
                0x0000000000003d20        0xe ./src/labo2.o
 *fill*         0x0000000000003d2e        0x2 
 .text.__sread  0x0000000000003d30       0x24 /usr/local/mcuxpressoide-11.8.0_1165/ide/plugins/com.nxp.mcuxpresso.tools.linux_11.8.0.202306131047/tools/bin/../lib/gcc/arm-none-eabi/12.2.1/../../../../arm-none-eabi/lib/thumb/v7-m/nofp/libc.a(libc_a-stdio.o)
                0x0000000000003d30                __sread
 .text.__swrite
                0x0000000000003d54       0x40 /usr/local/mcuxpressoide-11.8.0_1165/ide/plugins/com.nxp.mcuxpresso.tools.linux_11.8.0.202306131047/tools/bin/../lib/gcc/arm-none-eabi/12.2.1/../../../../arm-none-eabi/lib/thumb/v7-m/nofp/libc.a(libc_a-stdio.o)
                0x0000000000003d54                __swrite
 .text.__sseek  0x0000000000003d94       0x24 /usr/local/mcuxpressoide-11.8.0_1165/ide/plugins/com.nxp.mcuxpresso.tools.linux_11.8.0.202306131047/tools/bin/../lib/gcc/arm-none-eabi/12.2.1/../../../../arm-none-eabi/lib/thumb/v7-m/nofp/libc.a(libc_a-stdio.o)
                0x0000000000003d94                __sseek
 .text.__sclose
                0x0000000000003db8        0x8 /usr/local/mcuxpressoide-11.8.0_1165/ide/plugins/com.nxp.mcuxpresso.tools.linux_11.8.0.202306131047/tools/bin/../lib/gcc/arm-none-eabi/12.2.1/../../../../arm-none-eabi/lib/thumb/v7-m/nofp/libc.a(libc_a-stdio.o)
                0x0000000000003db8                __sclose
 .text._write_r
                0x0000000000003dc0       0x2c /usr/local/mcuxpressoide-11.8.0_1165/ide/plugins/com.nxp.mcuxpresso.tools.linux_11.8.0.202306131047/tools/bin/../lib/gcc/arm-none-eabi/12.2.1/../../../../arm-none-eabi/lib/thumb/v7-m/nofp/libc.a(libc_a-writer.o)
                0x0000000000003dc0                _write_r
 .text.__errno  0x0000000000003dec        0xc /usr/local/mcuxpressoide-11.8.0_1165/ide/plugins/com.nxp.mcuxpresso.tools.linux_11.8.0.202306131047/tools/bin/../lib/gcc/arm-none-eabi/12.2.1/../../../../arm-none-eabi/lib/thumb/v7-m/nofp/libc.a(libc_a-errno.o)
                0x0000000000003dec                __errno
 .text.vsnprintf
                0x0000000000003df8       0x6c /usr/local/mcuxpressoide-11.8.0_1165/ide/plugins/com.nxp.mcuxpresso.tools.linux_11.8.0.202306131047/tools/bin/../lib/gcc/arm-none-eabi/12.2.1/../../../../arm-none-eabi/lib/thumb/v7-m/nofp/libc.a(libc_a-vsnprintf.o)
                0x0000000000003df8                vsnprintf
 .text.malloc   0x0000000000003e64       0x10 /usr/local/mcuxpressoide-11.8.0_1165/ide/plugins/com.nxp.mcuxpresso.tools.linux_11.8.0.202306131047/tools/bin/../lib/gcc/arm-none-eabi/12.2.1/../../../../arm-none-eabi/lib/thumb/v7-m/nofp/libc.a(libc_a-malloc.o)
                0x0000000000003e64                malloc
 .text.free     0x0000000000003e74       0x10 /usr/local/mcuxpressoide-11.8.0_1165/ide/plugins/com.nxp.mcuxpresso.tools.linux_11.8.0.202306131047/tools/bin/../lib/gcc/arm-none-eabi/12.2.1/../../../../arm-none-eabi/lib/thumb/v7-m/nofp/libc.a(libc_a-malloc.o)
                0x0000000000003e74                free
 .text.abs      0x0000000000003e84        0x8 /usr/local/mcuxpressoide-11.8.0_1165/ide/plugins/com.nxp.mcuxpresso.tools.linux_11.8.0.202306131047/tools/bin/../lib/gcc/arm-none-eabi/12.2.1/../../../../arm-none-eabi/lib/thumb/v7-m/nofp/libc.a(libc_a-abs.o)
                0x0000000000003e84                abs
 .text.memset   0x0000000000003e8c       0xa0 /usr/local/mcuxpressoide-11.8.0_1165/ide/plugins/com.nxp.mcuxpresso.tools.linux_11.8.0.202306131047/tools/bin/../lib/gcc/arm-none-eabi/12.2.1/../../../../arm-none-eabi/lib/thumb/v7-m/nofp/libc.a(libc_a-memset.o)
                0x0000000000003e8c                memset
 .text.__libc_init_array
                0x0000000000003f2c       0x50 /usr/local/mcuxpressoide-11.8.0_1165/ide/plugins/com.nxp.mcuxpresso.tools.linux_11.8.0.202306131047/tools/bin/../lib/gcc/arm-none-eabi/12.2.1/../../../../arm-none-eabi/lib/thumb/v7-m/nofp/libc.a(libc_a-init.o)
                0x0000000000003f2c                __libc_init_array
 .text.__retarget_lock_init_recursive
                0x0000000000003f7c        0x4 /usr/local/mcuxpressoide-11.8.0_1165/ide/plugins/com.nxp.mcuxpresso.tools.linux_11.8.0.202306131047/tools/bin/../lib/gcc/arm-none-eabi/12.2.1/../../../../arm-none-eabi/lib/thumb/v7-m/nofp/libc.a(libc_a-lock.o)
                0x0000000000003f7c                __retarget_lock_init_recursive
 .text.__retarget_lock_close_recursive
                0x0000000000003f80        0x4 /usr/local/mcuxpressoide-11.8.0_1165/ide/plugins/com.nxp.mcuxpresso.tools.linux_11.8.0.202306131047/tools/bin/../lib/gcc/arm-none-eabi/12.2.1/../../../../arm-none-eabi/lib/thumb/v7-m/nofp/libc.a(libc_a-lock.o)
                0x0000000000003f80                __retarget_lock_close_recursive
 .text.__retarget_lock_acquire_recursive
                0x0000000000003f84        0x4 /usr/local/mcuxpressoide-11.8.0_1165/ide/plugins/com.nxp.mcuxpresso.tools.linux_11.8.0.202306131047/tools/bin/../lib/gcc/arm-none-eabi/12.2.1/../../../../arm-none-eabi/lib/thumb/v7-m/nofp/libc.a(libc_a-lock.o)
                0x0000000000003f84                __retarget_lock_acquire_recursive
 .text.__retarget_lock_release_recursive
                0x0000000000003f88        0x4 /usr/local/mcuxpressoide-11.8.0_1165/ide/plugins/com.nxp.mcuxpresso.tools.linux_11.8.0.202306131047/tools/bin/../lib/gcc/arm-none-eabi/12.2.1/../../../../arm-none-eabi/lib/thumb/v7-m/nofp/libc.a(libc_a-lock.o)
                0x0000000000003f88                __retarget_lock_release_recursive
 .text.__locale_mb_cur_max
                0x0000000000003f8c        0xc /usr/local/mcuxpressoide-11.8.0_1165/ide/plugins/com.nxp.mcuxpresso.tools.linux_11.8.0.202306131047/tools/bin/../lib/gcc/arm-none-eabi/12.2.1/../../../../arm-none-eabi/lib/thumb/v7-m/nofp/libc.a(libc_a-locale.o)
                0x0000000000003f8c                __locale_mb_cur_max
 .text._localeconv_r
                0x0000000000003f98        0x8 /usr/local/mcuxpressoide-11.8.0_1165/ide/plugins/com.nxp.mcuxpresso.tools.linux_11.8.0.202306131047/tools/bin/../lib/gcc/arm-none-eabi/12.2.1/../../../../arm-none-eabi/lib/thumb/v7-m/nofp/libc.a(libc_a-localeconv.o)
                0x0000000000003f98                _localeconv_r
 .text.printf   0x0000000000003fa0       0x28 /usr/local/mcuxpressoide-11.8.0_1165/ide/plugins/com.nxp.mcuxpresso.tools.linux_11.8.0.202306131047/tools/bin/../lib/gcc/arm-none-eabi/12.2.1/../../../../arm-none-eabi/lib/thumb/v7-m/nofp/libc.a(libc_a-printf.o)
                0x0000000000003fa0                printf
 .text._close_r
                0x0000000000003fc8       0x24 /usr/local/mcuxpressoide-11.8.0_1165/ide/plugins/com.nxp.mcuxpresso.tools.linux_11.8.0.202306131047/tools/bin/../lib/gcc/arm-none-eabi/12.2.1/../../../../arm-none-eabi/lib/thumb/v7-m/nofp/libc.a(libc_a-closer.o)
                0x0000000000003fc8                _close_r
 .text.__sflush_r
                0x0000000000003fec      0x128 /usr/local/mcuxpressoide-11.8.0_1165/ide/plugins/com.nxp.mcuxpresso.tools.linux_11.8.0.202306131047/tools/bin/../lib/gcc/arm-none-eabi/12.2.1/../../../../arm-none-eabi/lib/thumb/v7-m/nofp/libc.a(libc_a-fflush.o)
                0x0000000000003fec                __sflush_r
 .text._fflush_r
                0x0000000000004114       0x54 /usr/local/mcuxpressoide-11.8.0_1165/ide/plugins/com.nxp.mcuxpresso.tools.linux_11.8.0.202306131047/tools/bin/../lib/gcc/arm-none-eabi/12.2.1/../../../../arm-none-eabi/lib/thumb/v7-m/nofp/libc.a(libc_a-fflush.o)
                0x0000000000004114                _fflush_r
 .text.fflush   0x0000000000004168       0x74 /usr/local/mcuxpressoide-11.8.0_1165/ide/plugins/com.nxp.mcuxpresso.tools.linux_11.8.0.202306131047/tools/bin/../lib/gcc/arm-none-eabi/12.2.1/../../../../arm-none-eabi/lib/thumb/v7-m/nofp/libc.a(libc_a-fflush.o)
                0x0000000000004168                fflush
 .text.stdio_exit_handler
                0x00000000000041dc       0x18 /usr/local/mcuxpressoide-11.8.0_1165/ide/plugins/com.nxp.mcuxpresso.tools.linux_11.8.0.202306131047/tools/bin/../lib/gcc/arm-none-eabi/12.2.1/../../../../arm-none-eabi/lib/thumb/v7-m/nofp/libc.a(libc_a-findfp.o)
 .text.cleanup_stdio
                0x00000000000041f4       0x40 /usr/local/mcuxpressoide-11.8.0_1165/ide/plugins/com.nxp.mcuxpresso.tools.linux_11.8.0.202306131047/tools/bin/../lib/gcc/arm-none-eabi/12.2.1/../../../../arm-none-eabi/lib/thumb/v7-m/nofp/libc.a(libc_a-findfp.o)
 .text.global_stdio_init.part.0
                0x0000000000004234       0xf0 /usr/local/mcuxpressoide-11.8.0_1165/ide/plugins/com.nxp.mcuxpresso.tools.linux_11.8.0.202306131047/tools/bin/../lib/gcc/arm-none-eabi/12.2.1/../../../../arm-none-eabi/lib/thumb/v7-m/nofp/libc.a(libc_a-findfp.o)
 .text.__sinit  0x0000000000004324       0x3c /usr/local/mcuxpressoide-11.8.0_1165/ide/plugins/com.nxp.mcuxpresso.tools.linux_11.8.0.202306131047/tools/bin/../lib/gcc/arm-none-eabi/12.2.1/../../../../arm-none-eabi/lib/thumb/v7-m/nofp/libc.a(libc_a-findfp.o)
                0x0000000000004324                __sinit
 .text.__sfp_lock_acquire
                0x0000000000004360        0xc /usr/local/mcuxpressoide-11.8.0_1165/ide/plugins/com.nxp.mcuxpresso.tools.linux_11.8.0.202306131047/tools/bin/../lib/gcc/arm-none-eabi/12.2.1/../../../../arm-none-eabi/lib/thumb/v7-m/nofp/libc.a(libc_a-findfp.o)
                0x0000000000004360                __sfp_lock_acquire
 .text.__sfp_lock_release
                0x000000000000436c        0xc /usr/local/mcuxpressoide-11.8.0_1165/ide/plugins/com.nxp.mcuxpresso.tools.linux_11.8.0.202306131047/tools/bin/../lib/gcc/arm-none-eabi/12.2.1/../../../../arm-none-eabi/lib/thumb/v7-m/nofp/libc.a(libc_a-findfp.o)
                0x000000000000436c                __sfp_lock_release
 .text          0x0000000000004378       0xec /usr/local/mcuxpressoide-11.8.0_1165/ide/plugins/com.nxp.mcuxpresso.tools.linux_11.8.0.202306131047/tools/bin/../lib/gcc/arm-none-eabi/12.2.1/../../../../arm-none-eabi/lib/thumb/v7-m/nofp/libc.a(libc_a-memcpy.o)
                0x0000000000004378                memcpy
 .text.strlen   0x0000000000004464       0x5c /usr/local/mcuxpressoide-11.8.0_1165/ide/plugins/com.nxp.mcuxpresso.tools.linux_11.8.0.202306131047/tools/bin/../lib/gcc/arm-none-eabi/12.2.1/../../../../arm-none-eabi/lib/thumb/v7-m/nofp/libc.a(libc_a-strlen-stub.o)
                0x0000000000004464                strlen
 .text.strncpy  0x00000000000044c0       0x6c /usr/local/mcuxpressoide-11.8.0_1165/ide/plugins/com.nxp.mcuxpresso.tools.linux_11.8.0.202306131047/tools/bin/../lib/gcc/arm-none-eabi/12.2.1/../../../../arm-none-eabi/lib/thumb/v7-m/nofp/libc.a(libc_a-strncpy.o)
                0x00000000000044c0                strncpy
 .text._fstat_r
                0x000000000000452c       0x28 /usr/local/mcuxpressoide-11.8.0_1165/ide/plugins/com.nxp.mcuxpresso.tools.linux_11.8.0.202306131047/tools/bin/../lib/gcc/arm-none-eabi/12.2.1/../../../../arm-none-eabi/lib/thumb/v7-m/nofp/libc.a(libc_a-fstatr.o)
                0x000000000000452c                _fstat_r
 .text._lseek_r
                0x0000000000004554       0x2c /usr/local/mcuxpressoide-11.8.0_1165/ide/plugins/com.nxp.mcuxpresso.tools.linux_11.8.0.202306131047/tools/bin/../lib/gcc/arm-none-eabi/12.2.1/../../../../arm-none-eabi/lib/thumb/v7-m/nofp/libc.a(libc_a-lseekr.o)
                0x0000000000004554                _lseek_r
 .text._read_r  0x0000000000004580       0x2c /usr/local/mcuxpressoide-11.8.0_1165/ide/plugins/com.nxp.mcuxpresso.tools.linux_11.8.0.202306131047/tools/bin/../lib/gcc/arm-none-eabi/12.2.1/../../../../arm-none-eabi/lib/thumb/v7-m/nofp/libc.a(libc_a-readr.o)
                0x0000000000004580                _read_r
 .text.__ascii_wctomb
                0x00000000000045ac       0x1c /usr/local/mcuxpressoide-11.8.0_1165/ide/plugins/com.nxp.mcuxpresso.tools.linux_11.8.0.202306131047/tools/bin/../lib/gcc/arm-none-eabi/12.2.1/../../../../arm-none-eabi/lib/thumb/v7-m/nofp/libc.a(libc_a-wctomb_r.o)
                0x00000000000045ac                __ascii_wctomb
 .text._fwalk_sglue
                0x00000000000045c8       0x44 /usr/local/mcuxpressoide-11.8.0_1165/ide/plugins/com.nxp.mcuxpresso.tools.linux_11.8.0.202306131047/tools/bin/../lib/gcc/arm-none-eabi/12.2.1/../../../../arm-none-eabi/lib/thumb/v7-m/nofp/libc.a(libc_a-fwalk.o)
                0x00000000000045c8                _fwalk_sglue
 .text._svfprintf_r
                0x000000000000460c     0x1c94 /usr/local/mcuxpressoide-11.8.0_1165/ide/plugins/com.nxp.mcuxpresso.tools.linux_11.8.0.202306131047/tools/bin/../lib/gcc/arm-none-eabi/12.2.1/../../../../arm-none-eabi/lib/thumb/v7-m/nofp/libc.a(libc_a-svfprintf.o)
                0x000000000000460c                _svfprintf_r
 .text._vfprintf_r
                0x00000000000062a0     0x1d58 /usr/local/mcuxpressoide-11.8.0_1165/ide/plugins/com.nxp.mcuxpresso.tools.linux_11.8.0.202306131047/tools/bin/../lib/gcc/arm-none-eabi/12.2.1/../../../../arm-none-eabi/lib/thumb/v7-m/nofp/libc.a(libc_a-vfprintf.o)
                0x00000000000062a0                _vfprintf_r
 .text.__sbprintf
                0x0000000000007ff8       0x80 /usr/local/mcuxpressoide-11.8.0_1165/ide/plugins/com.nxp.mcuxpresso.tools.linux_11.8.0.202306131047/tools/bin/../lib/gcc/arm-none-eabi/12.2.1/../../../../arm-none-eabi/lib/thumb/v7-m/nofp/libc.a(libc_a-vfprintf.o)
 .text.__sprint_r.part.0
                0x0000000000008078       0x78 /usr/local/mcuxpressoide-11.8.0_1165/ide/plugins/com.nxp.mcuxpresso.tools.linux_11.8.0.202306131047/tools/bin/../lib/gcc/arm-none-eabi/12.2.1/../../../../arm-none-eabi/lib/thumb/v7-m/nofp/libc.a(libc_a-vfiprintf.o)
 .text.__sprint_r
                0x00000000000080f0       0x14 /usr/local/mcuxpressoide-11.8.0_1165/ide/plugins/com.nxp.mcuxpresso.tools.linux_11.8.0.202306131047/tools/bin/../lib/gcc/arm-none-eabi/12.2.1/../../../../arm-none-eabi/lib/thumb/v7-m/nofp/libc.a(libc_a-vfiprintf.o)
                0x00000000000080f0                __sprint_r
 .text._vfiprintf_r
                0x0000000000008104      0xffc /usr/local/mcuxpressoide-11.8.0_1165/ide/plugins/com.nxp.mcuxpresso.tools.linux_11.8.0.202306131047/tools/bin/../lib/gcc/arm-none-eabi/12.2.1/../../../../arm-none-eabi/lib/thumb/v7-m/nofp/libc.a(libc_a-vfiprintf.o)
                0x0000000000008104                _vfiprintf_r
 .text.__sbprintf
                0x0000000000009100       0x80 /usr/local/mcuxpressoide-11.8.0_1165/ide/plugins/com.nxp.mcuxpresso.tools.linux_11.8.0.202306131047/tools/bin/../lib/gcc/arm-none-eabi/12.2.1/../../../../arm-none-eabi/lib/thumb/v7-m/nofp/libc.a(libc_a-vfiprintf.o)
 .text.__ascii_mbtowc
                0x0000000000009180       0x2c /usr/local/mcuxpressoide-11.8.0_1165/ide/plugins/com.nxp.mcuxpresso.tools.linux_11.8.0.202306131047/tools/bin/../lib/gcc/arm-none-eabi/12.2.1/../../../../arm-none-eabi/lib/thumb/v7-m/nofp/libc.a(libc_a-mbtowc_r.o)
                0x0000000000009180                __ascii_mbtowc
 .text.__assert_func
                0x00000000000091ac       0x40 /usr/local/mcuxpressoide-11.8.0_1165/ide/plugins/com.nxp.mcuxpresso.tools.linux_11.8.0.202306131047/tools/bin/../lib/gcc/arm-none-eabi/12.2.1/../../../../arm-none-eabi/lib/thumb/v7-m/nofp/libc.a(libc_a-assert.o)
                0x00000000000091ac                __assert_func
 .text._wcrtomb_r
                0x00000000000091ec       0x4c /usr/local/mcuxpressoide-11.8.0_1165/ide/plugins/com.nxp.mcuxpresso.tools.linux_11.8.0.202306131047/tools/bin/../lib/gcc/arm-none-eabi/12.2.1/../../../../arm-none-eabi/lib/thumb/v7-m/nofp/libc.a(libc_a-wcrtomb.o)
                0x00000000000091ec                _wcrtomb_r
 .text._fclose_r
                0x0000000000009238       0xc4 /usr/local/mcuxpressoide-11.8.0_1165/ide/plugins/com.nxp.mcuxpresso.tools.linux_11.8.0.202306131047/tools/bin/../lib/gcc/arm-none-eabi/12.2.1/../../../../arm-none-eabi/lib/thumb/v7-m/nofp/libc.a(libc_a-fclose.o)
                0x0000000000009238                _fclose_r
 .text.__swsetup_r
                0x00000000000092fc       0xc0 /usr/local/mcuxpressoide-11.8.0_1165/ide/plugins/com.nxp.mcuxpresso.tools.linux_11.8.0.202306131047/tools/bin/../lib/gcc/arm-none-eabi/12.2.1/../../../../arm-none-eabi/lib/thumb/v7-m/nofp/libc.a(libc_a-wsetup.o)
                0x00000000000092fc                __swsetup_r
 .text.__smakebuf_r
                0x00000000000093bc       0xdc /usr/local/mcuxpressoide-11.8.0_1165/ide/plugins/com.nxp.mcuxpresso.tools.linux_11.8.0.202306131047/tools/bin/../lib/gcc/arm-none-eabi/12.2.1/../../../../arm-none-eabi/lib/thumb/v7-m/nofp/libc.a(libc_a-makebuf.o)
                0x00000000000093bc                __smakebuf_r
 .text._Balloc  0x0000000000009498       0x4c /usr/local/mcuxpressoide-11.8.0_1165/ide/plugins/com.nxp.mcuxpresso.tools.linux_11.8.0.202306131047/tools/bin/../lib/gcc/arm-none-eabi/12.2.1/../../../../arm-none-eabi/lib/thumb/v7-m/nofp/libc.a(libc_a-mprec.o)
                0x0000000000009498                _Balloc
 .text._Bfree   0x00000000000094e4       0x14 /usr/local/mcuxpressoide-11.8.0_1165/ide/plugins/com.nxp.mcuxpresso.tools.linux_11.8.0.202306131047/tools/bin/../lib/gcc/arm-none-eabi/12.2.1/../../../../arm-none-eabi/lib/thumb/v7-m/nofp/libc.a(libc_a-mprec.o)
                0x00000000000094e4                _Bfree
 .text.__multadd
                0x00000000000094f8       0xa4 /usr/local/mcuxpressoide-11.8.0_1165/ide/plugins/com.nxp.mcuxpresso.tools.linux_11.8.0.202306131047/tools/bin/../lib/gcc/arm-none-eabi/12.2.1/../../../../arm-none-eabi/lib/thumb/v7-m/nofp/libc.a(libc_a-mprec.o)
                0x00000000000094f8                __multadd
 .text.__hi0bits
                0x000000000000959c       0x44 /usr/local/mcuxpressoide-11.8.0_1165/ide/plugins/com.nxp.mcuxpresso.tools.linux_11.8.0.202306131047/tools/bin/../lib/gcc/arm-none-eabi/12.2.1/../../../../arm-none-eabi/lib/thumb/v7-m/nofp/libc.a(libc_a-mprec.o)
                0x000000000000959c                __hi0bits
 .text.__lo0bits
                0x00000000000095e0       0x5c /usr/local/mcuxpressoide-11.8.0_1165/ide/plugins/com.nxp.mcuxpresso.tools.linux_11.8.0.202306131047/tools/bin/../lib/gcc/arm-none-eabi/12.2.1/../../../../arm-none-eabi/lib/thumb/v7-m/nofp/libc.a(libc_a-mprec.o)
                0x00000000000095e0                __lo0bits
 .text.__i2b    0x000000000000963c       0x5c /usr/local/mcuxpressoide-11.8.0_1165/ide/plugins/com.nxp.mcuxpresso.tools.linux_11.8.0.202306131047/tools/bin/../lib/gcc/arm-none-eabi/12.2.1/../../../../arm-none-eabi/lib/thumb/v7-m/nofp/libc.a(libc_a-mprec.o)
                0x000000000000963c                __i2b
 .text.__multiply
                0x0000000000009698      0x164 /usr/local/mcuxpressoide-11.8.0_1165/ide/plugins/com.nxp.mcuxpresso.tools.linux_11.8.0.202306131047/tools/bin/../lib/gcc/arm-none-eabi/12.2.1/../../../../arm-none-eabi/lib/thumb/v7-m/nofp/libc.a(libc_a-mprec.o)
                0x0000000000009698                __multiply
 .text.__pow5mult
                0x00000000000097fc       0xb4 /usr/local/mcuxpressoide-11.8.0_1165/ide/plugins/com.nxp.mcuxpresso.tools.linux_11.8.0.202306131047/tools/bin/../lib/gcc/arm-none-eabi/12.2.1/../../../../arm-none-eabi/lib/thumb/v7-m/nofp/libc.a(libc_a-mprec.o)
                0x00000000000097fc                __pow5mult
 .text.__lshift
                0x00000000000098b0       0xec /usr/local/mcuxpressoide-11.8.0_1165/ide/plugins/com.nxp.mcuxpresso.tools.linux_11.8.0.202306131047/tools/bin/../lib/gcc/arm-none-eabi/12.2.1/../../../../arm-none-eabi/lib/thumb/v7-m/nofp/libc.a(libc_a-mprec.o)
                0x00000000000098b0                __lshift
 .text.__mcmp   0x000000000000999c       0x40 /usr/local/mcuxpressoide-11.8.0_1165/ide/plugins/com.nxp.mcuxpresso.tools.linux_11.8.0.202306131047/tools/bin/../lib/gcc/arm-none-eabi/12.2.1/../../../../arm-none-eabi/lib/thumb/v7-m/nofp/libc.a(libc_a-mprec.o)
                0x000000000000999c                __mcmp
 .text.__mdiff  0x00000000000099dc      0x160 /usr/local/mcuxpressoide-11.8.0_1165/ide/plugins/com.nxp.mcuxpresso.tools.linux_11.8.0.202306131047/tools/bin/../lib/gcc/arm-none-eabi/12.2.1/../../../../arm-none-eabi/lib/thumb/v7-m/nofp/libc.a(libc_a-mprec.o)
                0x00000000000099dc                __mdiff
 .text.__d2b    0x0000000000009b3c       0xbc /usr/local/mcuxpressoide-11.8.0_1165/ide/plugins/com.nxp.mcuxpresso.tools.linux_11.8.0.202306131047/tools/bin/../lib/gcc/arm-none-eabi/12.2.1/../../../../arm-none-eabi/lib/thumb/v7-m/nofp/libc.a(libc_a-mprec.o)
                0x0000000000009b3c                __d2b
 .text._wcsrtombs_r
                0x0000000000009bf8       0x18 /usr/local/mcuxpressoide-11.8.0_1165/ide/plugins/com.nxp.mcuxpresso.tools.linux_11.8.0.202306131047/tools/bin/../lib/gcc/arm-none-eabi/12.2.1/../../../../arm-none-eabi/lib/thumb/v7-m/nofp/libc.a(libc_a-wcsrtombs.o)
                0x0000000000009bf8                _wcsrtombs_r
 .text.quorem   0x0000000000009c10      0x13c /usr/local/mcuxpressoide-11.8.0_1165/ide/plugins/com.nxp.mcuxpresso.tools.linux_11.8.0.202306131047/tools/bin/../lib/gcc/arm-none-eabi/12.2.1/../../../../arm-none-eabi/lib/thumb/v7-m/nofp/libc.a(libc_a-dtoa.o)
 *fill*         0x0000000000009d4c        0x4 
 .text._dtoa_r  0x0000000000009d50      0xed0 /usr/local/mcuxpressoide-11.8.0_1165/ide/plugins/com.nxp.mcuxpresso.tools.linux_11.8.0.202306131047/tools/bin/../lib/gcc/arm-none-eabi/12.2.1/../../../../arm-none-eabi/lib/thumb/v7-m/nofp/libc.a(libc_a-dtoa.o)
                0x0000000000009d50                _dtoa_r
 .text.memchr   0x000000000000ac20       0x98 /usr/local/mcuxpressoide-11.8.0_1165/ide/plugins/com.nxp.mcuxpresso.tools.linux_11.8.0.202306131047/tools/bin/../lib/gcc/arm-none-eabi/12.2.1/../../../../arm-none-eabi/lib/thumb/v7-m/nofp/libc.a(libc_a-memchr-stub.o)
                0x000000000000ac20                memchr
 .text.frexp    0x000000000000acb8       0x70 /usr/local/mcuxpressoide-11.8.0_1165/ide/plugins/com.nxp.mcuxpresso.tools.linux_11.8.0.202306131047/tools/bin/../lib/gcc/arm-none-eabi/12.2.1/../../../../arm-none-eabi/lib/thumb/v7-m/nofp/libc.a(libm_a-s_frexp.o)
                0x000000000000acb8                frexp
 .text._isatty_r
                0x000000000000ad28       0x24 /usr/local/mcuxpressoide-11.8.0_1165/ide/plugins/com.nxp.mcuxpresso.tools.linux_11.8.0.202306131047/tools/bin/../lib/gcc/arm-none-eabi/12.2.1/../../../../arm-none-eabi/lib/thumb/v7-m/nofp/libc.a(libc_a-isattyr.o)
                0x000000000000ad28                _isatty_r
 .text.fiprintf
                0x000000000000ad4c       0x28 /usr/local/mcuxpressoide-11.8.0_1165/ide/plugins/com.nxp.mcuxpresso.tools.linux_11.8.0.202306131047/tools/bin/../lib/gcc/arm-none-eabi/12.2.1/../../../../arm-none-eabi/lib/thumb/v7-m/nofp/libc.a(libc_a-fiprintf.o)
                0x000000000000ad4c                fiprintf
 .text.__fputwc
                0x000000000000ad74       0x7c /usr/local/mcuxpressoide-11.8.0_1165/ide/plugins/com.nxp.mcuxpresso.tools.linux_11.8.0.202306131047/tools/bin/../lib/gcc/arm-none-eabi/12.2.1/../../../../arm-none-eabi/lib/thumb/v7-m/nofp/libc.a(libc_a-fputwc.o)
                0x000000000000ad74                __fputwc
 .text._fputwc_r
                0x000000000000adf0       0x64 /usr/local/mcuxpressoide-11.8.0_1165/ide/plugins/com.nxp.mcuxpresso.tools.linux_11.8.0.202306131047/tools/bin/../lib/gcc/arm-none-eabi/12.2.1/../../../../arm-none-eabi/lib/thumb/v7-m/nofp/libc.a(libc_a-fputwc.o)
                0x000000000000adf0                _fputwc_r
 .text.__sfvwrite_r
                0x000000000000ae54      0x2dc /usr/local/mcuxpressoide-11.8.0_1165/ide/plugins/com.nxp.mcuxpresso.tools.linux_11.8.0.202306131047/tools/bin/../lib/gcc/arm-none-eabi/12.2.1/../../../../arm-none-eabi/lib/thumb/v7-m/nofp/libc.a(libc_a-fvwrite.o)
                0x000000000000ae54                __sfvwrite_r
 .text.__ssprint_r
                0x000000000000b130      0x100 /usr/local/mcuxpressoide-11.8.0_1165/ide/plugins/com.nxp.mcuxpresso.tools.linux_11.8.0.202306131047/tools/bin/../lib/gcc/arm-none-eabi/12.2.1/../../../../arm-none-eabi/lib/thumb/v7-m/nofp/libc.a(libc_a-svfiprintf.o)
                0x000000000000b130                __ssprint_r
 .text.__swbuf_r
                0x000000000000b230       0xac /usr/local/mcuxpressoide-11.8.0_1165/ide/plugins/com.nxp.mcuxpresso.tools.linux_11.8.0.202306131047/tools/bin/../lib/gcc/arm-none-eabi/12.2.1/../../../../arm-none-eabi/lib/thumb/v7-m/nofp/libc.a(libc_a-wbuf.o)
                0x000000000000b230                __swbuf_r
 .text.abort    0x000000000000b2dc       0x10 /usr/local/mcuxpressoide-11.8.0_1165/ide/plugins/com.nxp.mcuxpresso.tools.linux_11.8.0.202306131047/tools/bin/../lib/gcc/arm-none-eabi/12.2.1/../../../../arm-none-eabi/lib/thumb/v7-m/nofp/libc.a(libc_a-abort.o)
                0x000000000000b2dc                abort
 .text.memmove  0x000000000000b2ec       0xfc /usr/local/mcuxpressoide-11.8.0_1165/ide/plugins/com.nxp.mcuxpresso.tools.linux_11.8.0.202306131047/tools/bin/../lib/gcc/arm-none-eabi/12.2.1/../../../../arm-none-eabi/lib/thumb/v7-m/nofp/libc.a(libc_a-memmove.o)
                0x000000000000b2ec                memmove
 .text._wcsnrtombs_l
                0x000000000000b3e8       0xec /usr/local/mcuxpressoide-11.8.0_1165/ide/plugins/com.nxp.mcuxpresso.tools.linux_11.8.0.202306131047/tools/bin/../lib/gcc/arm-none-eabi/12.2.1/../../../../arm-none-eabi/lib/thumb/v7-m/nofp/libc.a(libc_a-wcsnrtombs.o)
                0x000000000000b3e8                _wcsnrtombs_l
 .text._wcsnrtombs_r
                0x000000000000b4d4       0x24 /usr/local/mcuxpressoide-11.8.0_1165/ide/plugins/com.nxp.mcuxpresso.tools.linux_11.8.0.202306131047/tools/bin/../lib/gcc/arm-none-eabi/12.2.1/../../../../arm-none-eabi/lib/thumb/v7-m/nofp/libc.a(libc_a-wcsnrtombs.o)
                0x000000000000b4d4                _wcsnrtombs_r
 .text.raise    0x000000000000b4f8       0x58 /usr/local/mcuxpressoide-11.8.0_1165/ide/plugins/com.nxp.mcuxpresso.tools.linux_11.8.0.202306131047/tools/bin/../lib/gcc/arm-none-eabi/12.2.1/../../../../arm-none-eabi/lib/thumb/v7-m/nofp/libc.a(libc_a-signal.o)
                0x000000000000b4f8                raise
 .text._kill_r  0x000000000000b550       0x28 /usr/local/mcuxpressoide-11.8.0_1165/ide/plugins/com.nxp.mcuxpresso.tools.linux_11.8.0.202306131047/tools/bin/../lib/gcc/arm-none-eabi/12.2.1/../../../../arm-none-eabi/lib/thumb/v7-m/nofp/libc.a(libc_a-signalr.o)
                0x000000000000b550                _kill_r
 .text._getpid_r
                0x000000000000b578        0x4 /usr/local/mcuxpressoide-11.8.0_1165/ide/plugins/com.nxp.mcuxpresso.tools.linux_11.8.0.202306131047/tools/bin/../lib/gcc/arm-none-eabi/12.2.1/../../../../arm-none-eabi/lib/thumb/v7-m/nofp/libc.a(libc_a-signalr.o)
                0x000000000000b578                _getpid_r
 .text          0x000000000000b57c      0x378 /usr/local/mcuxpressoide-11.8.0_1165/ide/plugins/com.nxp.mcuxpresso.tools.linux_11.8.0.202306131047/tools/bin/../lib/gcc/arm-none-eabi/12.2.1/thumb/v7-m/nofp/libgcc.a(_arm_addsubdf3.o)
                0x000000000000b57c                __aeabi_drsub
                0x000000000000b584                __aeabi_dsub
                0x000000000000b584                __subdf3
                0x000000000000b588                __adddf3
                0x000000000000b588                __aeabi_dadd
                0x000000000000b800                __aeabi_ui2d
                0x000000000000b800                __floatunsidf
                0x000000000000b820                __floatsidf
                0x000000000000b820                __aeabi_i2d
                0x000000000000b844                __extendsfdf2
                0x000000000000b844                __aeabi_f2d
                0x000000000000b888                __aeabi_ul2d
                0x000000000000b888                __floatundidf
                0x000000000000b898                __floatdidf
                0x000000000000b898                __aeabi_l2d
 .text          0x000000000000b8f4      0x424 /usr/local/mcuxpressoide-11.8.0_1165/ide/plugins/com.nxp.mcuxpresso.tools.linux_11.8.0.202306131047/tools/bin/../lib/gcc/arm-none-eabi/12.2.1/thumb/v7-m/nofp/libgcc.a(_arm_muldivdf3.o)
                0x000000000000b8f4                __aeabi_dmul
                0x000000000000b8f4                __muldf3
                0x000000000000bb48                __aeabi_ddiv
                0x000000000000bb48                __divdf3
 .text          0x000000000000bd18      0x110 /usr/local/mcuxpressoide-11.8.0_1165/ide/plugins/com.nxp.mcuxpresso.tools.linux_11.8.0.202306131047/tools/bin/../lib/gcc/arm-none-eabi/12.2.1/thumb/v7-m/nofp/libgcc.a(_arm_cmpdf2.o)
                0x000000000000bd18                __gtdf2
                0x000000000000bd18                __gedf2
                0x000000000000bd20                __ltdf2
                0x000000000000bd20                __ledf2
                0x000000000000bd28                __cmpdf2
                0x000000000000bd28                __eqdf2
                0x000000000000bd28                __nedf2
                0x000000000000bda4                __aeabi_cdrcmple
                0x000000000000bdb4                __aeabi_cdcmple
                0x000000000000bdb4                __aeabi_cdcmpeq
                0x000000000000bdc4                __aeabi_dcmpeq
                0x000000000000bdd8                __aeabi_dcmplt
                0x000000000000bdec                __aeabi_dcmple
                0x000000000000be00                __aeabi_dcmpge
                0x000000000000be14                __aeabi_dcmpgt
 .text          0x000000000000be28       0x2c /usr/local/mcuxpressoide-11.8.0_1165/ide/plugins/com.nxp.mcuxpresso.tools.linux_11.8.0.202306131047/tools/bin/../lib/gcc/arm-none-eabi/12.2.1/thumb/v7-m/nofp/libgcc.a(_arm_unorddf2.o)
                0x000000000000be28                __aeabi_dcmpun
                0x000000000000be28                __unorddf2
 .text          0x000000000000be54       0x50 /usr/local/mcuxpressoide-11.8.0_1165/ide/plugins/com.nxp.mcuxpresso.tools.linux_11.8.0.202306131047/tools/bin/../lib/gcc/arm-none-eabi/12.2.1/thumb/v7-m/nofp/libgcc.a(_arm_fixdfsi.o)
                0x000000000000be54                __fixdfsi
                0x000000000000be54                __aeabi_d2iz
 .text._getpid  0x000000000000bea4       0x10 /usr/local/mcuxpressoide-11.8.0_1165/ide/plugins/com.nxp.mcuxpresso.tools.linux_11.8.0.202306131047/tools/bin/../lib/gcc/arm-none-eabi/12.2.1/../../../../arm-none-eabi/lib/thumb/v7-m/nofp/libnosys.a(getpid.o)
                0x000000000000bea4                _getpid
 .text._kill    0x000000000000beb4       0x10 /usr/local/mcuxpressoide-11.8.0_1165/ide/plugins/com.nxp.mcuxpresso.tools.linux_11.8.0.202306131047/tools/bin/../lib/gcc/arm-none-eabi/12.2.1/../../../../arm-none-eabi/lib/thumb/v7-m/nofp/libnosys.a(kill.o)
                0x000000000000beb4                _kill
 .text.__wrap__malloc_r
                0x000000000000bec4       0x1e /home/arian.dervisha/Documents/MCUXpresso_11.8.0_1165/workspace/mbed-os/Debug/libmbed-os.a(mbed_alloc_wrappers.o)
                0x000000000000bec4                __wrap__malloc_r
 .text.malloc_wrapper
                0x000000000000bee2       0x22 /home/arian.dervisha/Documents/MCUXpresso_11.8.0_1165/workspace/mbed-os/Debug/libmbed-os.a(mbed_alloc_wrappers.o)
                0x000000000000bee2                malloc_wrapper
 .text.__wrap__realloc_r
                0x000000000000bf04       0x24 /home/arian.dervisha/Documents/MCUXpresso_11.8.0_1165/workspace/mbed-os/Debug/libmbed-os.a(mbed_alloc_wrappers.o)
                0x000000000000bf04                __wrap__realloc_r
 .text.__wrap__free_r
                0x000000000000bf28       0x1c /home/arian.dervisha/Documents/MCUXpresso_11.8.0_1165/workspace/mbed-os/Debug/libmbed-os.a(mbed_alloc_wrappers.o)
                0x000000000000bf28                __wrap__free_r
 .text.free_wrapper
                0x000000000000bf44       0x1a /home/arian.dervisha/Documents/MCUXpresso_11.8.0_1165/workspace/mbed-os/Debug/libmbed-os.a(mbed_alloc_wrappers.o)
                0x000000000000bf44                free_wrapper
 .text.__wrap__calloc_r
                0x000000000000bf5e       0x24 /home/arian.dervisha/Documents/MCUXpresso_11.8.0_1165/workspace/mbed-os/Debug/libmbed-os.a(mbed_alloc_wrappers.o)
                0x000000000000bf5e                __wrap__calloc_r
 .text._ZN13PlatformMutexD2Ev
                0x000000000000bf82       0x16 /home/arian.dervisha/Documents/MCUXpresso_11.8.0_1165/workspace/mbed-os/Debug/libmbed-os.a(BusOut.o)
                0x000000000000bf82                PlatformMutex::~PlatformMutex()
                0x000000000000bf82                PlatformMutex::~PlatformMutex()
 .text._ZN4mbed6BusOutC2E7PinNameS1_S1_S1_S1_S1_S1_S1_S1_S1_S1_S1_S1_S1_S1_S1_
                0x000000000000bf98       0xe8 /home/arian.dervisha/Documents/MCUXpresso_11.8.0_1165/workspace/mbed-os/Debug/libmbed-os.a(BusOut.o)
                0x000000000000bf98                mbed::BusOut::BusOut(PinName, PinName, PinName, PinName, PinName, PinName, PinName, PinName, PinName, PinName, PinName, PinName, PinName, PinName, PinName, PinName)
                0x000000000000bf98                mbed::BusOut::BusOut(PinName, PinName, PinName, PinName, PinName, PinName, PinName, PinName, PinName, PinName, PinName, PinName, PinName, PinName, PinName, PinName)
 .text._ZN4mbed6BusOutD2Ev
                0x000000000000c080       0x60 /home/arian.dervisha/Documents/MCUXpresso_11.8.0_1165/workspace/mbed-os/Debug/libmbed-os.a(BusOut.o)
                0x000000000000c080                mbed::BusOut::~BusOut()
                0x000000000000c080                mbed::BusOut::~BusOut()
 .text._ZN4mbed6BusOutD0Ev
                0x000000000000c0e0       0x1c /home/arian.dervisha/Documents/MCUXpresso_11.8.0_1165/workspace/mbed-os/Debug/libmbed-os.a(BusOut.o)
                0x000000000000c0e0                mbed::BusOut::~BusOut()
 .text._ZN4mbed6BusOut5writeEi
                0x000000000000c0fc       0x64 /home/arian.dervisha/Documents/MCUXpresso_11.8.0_1165/workspace/mbed-os/Debug/libmbed-os.a(BusOut.o)
                0x000000000000c0fc                mbed::BusOut::write(int)
 .text._ZN4mbed6BusOutaSEi
                0x000000000000c160       0x1a /home/arian.dervisha/Documents/MCUXpresso_11.8.0_1165/workspace/mbed-os/Debug/libmbed-os.a(BusOut.o)
                0x000000000000c160                mbed::BusOut::operator=(int)
 .text._ZN4mbed6BusOut4lockEv
                0x000000000000c17a       0x18 /home/arian.dervisha/Documents/MCUXpresso_11.8.0_1165/workspace/mbed-os/Debug/libmbed-os.a(BusOut.o)
                0x000000000000c17a                mbed::BusOut::lock()
 .text._ZN4mbed6BusOut6unlockEv
                0x000000000000c192       0x18 /home/arian.dervisha/Documents/MCUXpresso_11.8.0_1165/workspace/mbed-os/Debug/libmbed-os.a(BusOut.o)
                0x000000000000c192                mbed::BusOut::unlock()
 .text._ZN4mbed11NonCopyableI13PlatformMutexED2Ev
                0x000000000000c1aa        0xc /home/arian.dervisha/Documents/MCUXpresso_11.8.0_1165/workspace/mbed-os/Debug/libmbed-os.a(BusOut.o)
                0x000000000000c1aa                mbed::NonCopyable<PlatformMutex>::~NonCopyable()
                0x000000000000c1aa                mbed::NonCopyable<PlatformMutex>::~NonCopyable()
 .text._ZN4mbed11NonCopyableINS_6BusOutEEC2Ev
                0x000000000000c1b6        0xc /home/arian.dervisha/Documents/MCUXpresso_11.8.0_1165/workspace/mbed-os/Debug/libmbed-os.a(BusOut.o)
                0x000000000000c1b6                mbed::NonCopyable<mbed::BusOut>::NonCopyable()
                0x000000000000c1b6                mbed::NonCopyable<mbed::BusOut>::NonCopyable()
 .text._ZN4mbed11NonCopyableINS_6BusOutEED2Ev
                0x000000000000c1c2        0xc /home/arian.dervisha/Documents/MCUXpresso_11.8.0_1165/workspace/mbed-os/Debug/libmbed-os.a(BusOut.o)
                0x000000000000c1c2                mbed::NonCopyable<mbed::BusOut>::~NonCopyable()
                0x000000000000c1c2                mbed::NonCopyable<mbed::BusOut>::~NonCopyable()
 *fill*         0x000000000000c1ce        0x2 
 .text._realloc_r
                0x000000000000c1d0      0x358 /usr/local/mcuxpressoide-11.8.0_1165/ide/plugins/com.nxp.mcuxpresso.tools.linux_11.8.0.202306131047/tools/bin/../lib/gcc/arm-none-eabi/12.2.1/../../../../arm-none-eabi/lib/thumb/v7-m/nofp/libc.a(libc_a-reallocr.o)
                0x000000000000c1d0                _realloc_r
 .text._malloc_trim_r
                0x000000000000c528       0xb8 /usr/local/mcuxpressoide-11.8.0_1165/ide/plugins/com.nxp.mcuxpresso.tools.linux_11.8.0.202306131047/tools/bin/../lib/gcc/arm-none-eabi/12.2.1/../../../../arm-none-eabi/lib/thumb/v7-m/nofp/libc.a(libc_a-freer.o)
                0x000000000000c528                _malloc_trim_r
 .text._free_r  0x000000000000c5e0      0x1f8 /usr/local/mcuxpressoide-11.8.0_1165/ide/plugins/com.nxp.mcuxpresso.tools.linux_11.8.0.202306131047/tools/bin/../lib/gcc/arm-none-eabi/12.2.1/../../../../arm-none-eabi/lib/thumb/v7-m/nofp/libc.a(libc_a-freer.o)
                0x000000000000c5e0                _free_r
 .text._sbrk_r  0x000000000000c7d8       0x24 /usr/local/mcuxpressoide-11.8.0_1165/ide/plugins/com.nxp.mcuxpresso.tools.linux_11.8.0.202306131047/tools/bin/../lib/gcc/arm-none-eabi/12.2.1/../../../../arm-none-eabi/lib/thumb/v7-m/nofp/libc.a(libc_a-sbrkr.o)
                0x000000000000c7d8                _sbrk_r
 .text._malloc_r
                0x000000000000c7fc      0x568 /usr/local/mcuxpressoide-11.8.0_1165/ide/plugins/com.nxp.mcuxpresso.tools.linux_11.8.0.202306131047/tools/bin/../lib/gcc/arm-none-eabi/12.2.1/../../../../arm-none-eabi/lib/thumb/v7-m/nofp/libc.a(libc_a-mallocr.o)
                0x000000000000c7fc                _malloc_r
 .text.sysconf  0x000000000000cd64       0x1c /usr/local/mcuxpressoide-11.8.0_1165/ide/plugins/com.nxp.mcuxpresso.tools.linux_11.8.0.202306131047/tools/bin/../lib/gcc/arm-none-eabi/12.2.1/../../../../arm-none-eabi/lib/thumb/v7-m/nofp/libc.a(libc_a-sysconf.o)
                0x000000000000cd64                sysconf
 .text._calloc_r
                0x000000000000cd80       0x6c /usr/local/mcuxpressoide-11.8.0_1165/ide/plugins/com.nxp.mcuxpresso.tools.linux_11.8.0.202306131047/tools/bin/../lib/gcc/arm-none-eabi/12.2.1/../../../../arm-none-eabi/lib/thumb/v7-m/nofp/libc.a(libc_a-callocr.o)
                0x000000000000cd80                _calloc_r
 *(.init)
 .init          0x000000000000cdec        0x4 /usr/local/mcuxpressoide-11.8.0_1165/ide/plugins/com.nxp.mcuxpresso.tools.linux_11.8.0.202306131047/tools/bin/../lib/gcc/arm-none-eabi/12.2.1/thumb/v7-m/nofp/crti.o
                0x000000000000cdec                _init
 .init          0x000000000000cdf0        0x8 /usr/local/mcuxpressoide-11.8.0_1165/ide/plugins/com.nxp.mcuxpresso.tools.linux_11.8.0.202306131047/tools/bin/../lib/gcc/arm-none-eabi/12.2.1/thumb/v7-m/nofp/crtn.o
 *(.fini)
 .fini          0x000000000000cdf8        0x4 /usr/local/mcuxpressoide-11.8.0_1165/ide/plugins/com.nxp.mcuxpresso.tools.linux_11.8.0.202306131047/tools/bin/../lib/gcc/arm-none-eabi/12.2.1/thumb/v7-m/nofp/crti.o
                0x000000000000cdf8                _fini
 .fini          0x000000000000cdfc        0x8 /usr/local/mcuxpressoide-11.8.0_1165/ide/plugins/com.nxp.mcuxpresso.tools.linux_11.8.0.202306131047/tools/bin/../lib/gcc/arm-none-eabi/12.2.1/thumb/v7-m/nofp/crtn.o
 *crtbegin.o(.ctors)
 *crtbegin?.o(.ctors)
 *(EXCLUDE_FILE(*crtend.o *crtend?.o) .ctors)
 *(SORT_BY_NAME(.ctors.*))
 *(.ctors)
 *crtbegin.o(.dtors)
 *crtbegin?.o(.dtors)
 *(EXCLUDE_FILE(*crtend.o *crtend?.o) .dtors)
 *(SORT_BY_NAME(.dtors.*))
 *(.dtors)
 *(.rodata*)
 .rodata._write.str1.4
                0x000000000000ce04        0x2 /home/arian.dervisha/Documents/MCUXpresso_11.8.0_1165/workspace/mbed-os/Debug/libmbed-os.a(mbed_retarget.o)
 *fill*         0x000000000000ce06        0x2 
 .rodata.__cxa_guard_acquire.str1.4
                0x000000000000ce08       0x3a /home/arian.dervisha/Documents/MCUXpresso_11.8.0_1165/workspace/mbed-os/Debug/libmbed-os.a(mbed_retarget.o)
 *fill*         0x000000000000ce42        0x2 
 .rodata.__cxa_guard_release.str1.4
                0x000000000000ce44       0x3f /home/arian.dervisha/Documents/MCUXpresso_11.8.0_1165/workspace/mbed-os/Debug/libmbed-os.a(mbed_retarget.o)
 *fill*         0x000000000000ce83        0x1 
 .rodata._Znwj.str1.4
                0x000000000000ce84       0x1d /home/arian.dervisha/Documents/MCUXpresso_11.8.0_1165/workspace/mbed-os/Debug/libmbed-os.a(mbed_retarget.o)
 *fill*         0x000000000000cea1        0x3 
 .rodata._ZTV12DirectSerial
                0x000000000000cea4       0x50 /home/arian.dervisha/Documents/MCUXpresso_11.8.0_1165/workspace/mbed-os/Debug/libmbed-os.a(mbed_retarget.o)
                0x000000000000cea4                vtable for DirectSerial
 .rodata.initialize.str1.4
                0x000000000000cef4       0x16 /home/arian.dervisha/Documents/MCUXpresso_11.8.0_1165/workspace/mbed-os/Debug/libmbed-os.a(mbed_ticker_api.o)
 *fill*         0x000000000000cf0a        0x2 
 .rodata.schedule_interrupt.str1.4
                0x000000000000cf0c       0x24 /home/arian.dervisha/Documents/MCUXpresso_11.8.0_1165/workspace/mbed-os/Debug/libmbed-os.a(mbed_ticker_api.o)
 .rodata.us_interface
                0x000000000000cf30       0x20 /home/arian.dervisha/Documents/MCUXpresso_11.8.0_1165/workspace/mbed-os/Debug/libmbed-os.a(mbed_us_ticker_api.o)
 .rodata.us_data
                0x000000000000cf50        0x8 /home/arian.dervisha/Documents/MCUXpresso_11.8.0_1165/workspace/mbed-os/Debug/libmbed-os.a(mbed_us_ticker_api.o)
 .rodata.gpio_write.str1.4
                0x000000000000cf58       0x90 /home/arian.dervisha/Documents/MCUXpresso_11.8.0_1165/workspace/mbed-os/Debug/libmbed-os.a(serial_api.o)
 .rodata.PinMap_UART_TX
                0x000000000000cfe8       0x6c /home/arian.dervisha/Documents/MCUXpresso_11.8.0_1165/workspace/mbed-os/Debug/libmbed-os.a(serial_api.o)
 .rodata.PinMap_UART_RX
                0x000000000000d054       0x6c /home/arian.dervisha/Documents/MCUXpresso_11.8.0_1165/workspace/mbed-os/Debug/libmbed-os.a(serial_api.o)
 .rodata.PinMap_UART_RTS
                0x000000000000d0c0       0x24 /home/arian.dervisha/Documents/MCUXpresso_11.8.0_1165/workspace/mbed-os/Debug/libmbed-os.a(serial_api.o)
 .rodata.PinMap_UART_CTS
                0x000000000000d0e4       0x24 /home/arian.dervisha/Documents/MCUXpresso_11.8.0_1165/workspace/mbed-os/Debug/libmbed-os.a(serial_api.o)
 .rodata.serial_init.str1.4
                0x000000000000d108       0x20 /home/arian.dervisha/Documents/MCUXpresso_11.8.0_1165/workspace/mbed-os/Debug/libmbed-os.a(serial_api.o)
 .rodata.serial_baud.str1.4
                0x000000000000d128       0x19 /home/arian.dervisha/Documents/MCUXpresso_11.8.0_1165/workspace/mbed-os/Debug/libmbed-os.a(serial_api.o)
 *fill*         0x000000000000d141        0x3 
 .rodata.serial_format.str1.4
                0x000000000000d144       0xd0 /home/arian.dervisha/Documents/MCUXpresso_11.8.0_1165/workspace/mbed-os/Debug/libmbed-os.a(serial_api.o)
 .rodata.info.0
                0x000000000000d214        0x8 /home/arian.dervisha/Documents/MCUXpresso_11.8.0_1165/workspace/mbed-os/Debug/libmbed-os.a(us_ticker.o)
 .rodata._ZTVN4mbed10FileHandleE
                0x000000000000d21c       0x50 /home/arian.dervisha/Documents/MCUXpresso_11.8.0_1165/workspace/mbed-os/Debug/libmbed-os.a(FileHandle.o)
                0x000000000000d21c                vtable for mbed::FileHandle
 .rodata.gpio_write.str1.4
                0x000000000000d26c       0x90 /home/arian.dervisha/Documents/MCUXpresso_11.8.0_1165/workspace/mbed-os/Debug/libmbed-os.a(mbed_board.o)
 .rodata.ellipsis.0
                0x000000000000d26c        0x5 /home/arian.dervisha/Documents/MCUXpresso_11.8.0_1165/workspace/mbed-os/Debug/libmbed-os.a(mbed_board.o)
 *fill*         0x000000000000d271        0x3 
 .rodata.core_util_critical_section_enter.str1.4
                0x000000000000d274       0x41 /home/arian.dervisha/Documents/MCUXpresso_11.8.0_1165/workspace/mbed-os/Debug/libmbed-os.a(mbed_critical.o)
 *fill*         0x000000000000d2b5        0x3 
 .rodata.print_error_report.str1.4
                0x000000000000d2b8      0x19e /home/arian.dervisha/Documents/MCUXpresso_11.8.0_1165/workspace/mbed-os/Debug/libmbed-os.a(mbed_error.o)
 *fill*         0x000000000000d456        0x2 
 .rodata.hal_critical_section_exit.str1.4